06-24 15:04:07.289 10340 10340 E Phenix  : TUrlImageView setImageUrl | url= null| mLoadState:0| forceLoad:false| hostView:com.taobao.android.home.component.view.HImageView{db61cee V.ED..... ......ID 54,1100-142,1196}
06-24 15:04:07.289 10340 10526 E mtopsdk.ErrorCodeMappingAfterFilter: [seq:MTOP5]|api=mtop.shop.mc.stacktrace , v=1.0 , retCode=INTERNAL_ERROR , retMsg=Please wait and access again! , mappingCode=INTERNAL_ERROR , responseHeader={date=[Mon, 24 Jun 2019 07:04:06 GMT], server=[Tengine/Aserver], content-length=[109], x-retcode=[INTERNAL_ERROR], x-node=[087533c8d5fefb75f64081c6cc43e449], s-rt=[100], pragma=[no-cache], x-bin-length=[109], eagleeye-traceid=[0b123d7f15613598465181147ef163], x-protocol=[http2_0rtt_acs], mtop-x-provider=[a060af72f7d16f6fb71758b123a1e10b9f5213213951d2b66d62d0a2927f0ce0], x-powered-by=[m.taobao.com], content-type=[application/json;charset=UTF-8], :status=[200], cache-control=[no-cache]}
06-24 15:04:07.289 10340 10438 E apm.image: ->{"stage":"setImageUrl","log":"TUrlImageView setImageUrl | url= null| mLoadState:0| forceLoad:false| hostView:com.taobao.android.home.component.view.HImageView{db61cee V.ED..... ......ID 54,1100-142,1196}","url":null,"requestId":"IMAGE","requestUrl":"","procedureName":"ImageLib"}
06-24 15:04:07.289 10340 10537 E Phenix  : [traceId:80007894@57] | [requestId:54] |Decode Started.| //gw.alicdn.com/imgextra/i2/195/O1CN01rD0kyN1DJLlvSF6kg_!!195-0-lubanu.jpg_1200x1200q90.jpg_.heic
06-24 15:04:07.289 10340 10340 E Phenix  : TUrlImageView setImageUrl | url= //gw.alicdn.com/imgextra/i4/63/O1CN01ZRPEuz1CKtTVY6Qtk_!!63-0-lubanu.jpg| mLoadState:2| forceLoad:false| hostView:com.taobao.android.home.component.view.HImageView{16f058f V.ED..... ......ID 371,1054-632,1369}
06-24 15:04:07.290 10340 10536 E PexodeJNI: [listen] HEVCDecode : 133, use_scaling: 0
06-24 15:04:07.291 10340 10440 E apm.image: ->{"stage":"setImageUrl","log":"TUrlImageView setImageUrl | url= \/\/gw.alicdn.com\/imgextra\/i4\/63\/O1CN01ZRPEuz1CKtTVY6Qtk_!!63-0-lubanu.jpg| mLoadState:2| forceLoad:false| hostView:com.taobao.android.home.component.view.HImageView{16f058f V.ED..... ......ID 371,1054-632,1369}","url":"\/\/gw.alicdn.com\/imgextra\/i4\/63\/O1CN01ZRPEuz1CKtTVY6Qtk_!!63-0-lubanu.jpg","requestId":"IMAGE","requestUrl":"","procedureName":"ImageLib"}
06-24 15:04:07.291 10340 10521 E Phenix  : [traceId:80007894@62] | [requestId:59] |Network Connect Finished.| //gw.alicdn.com/imgextra/i1/73/O1CN01b87Cz31CPTQu2K14h_!!73-0-lubanu.jpg_320x320q90.jpg_.heic
06-24 15:04:07.293 10340 10340 E Phenix  : [traceId:null] | [requestId:65] |start| //gw.alicdn.com/imgextra/i4/63/O1CN01ZRPEuz1CKtTVY6Qtk_!!63-0-lubanu.jpg_320x320q90.jpg_.heic
06-24 15:04:07.293 10340 10533 E Phenix  : [traceId:80007894@62] | [requestId:59] |Network Read Started.| //gw.alicdn.com/imgextra/i1/73/O1CN01b87Cz31CPTQu2K14h_!!73-0-lubanu.jpg_320x320q90.jpg_.heic
06-24 15:04:07.293 10340 10340 E Phenix  : [traceId:80007894@70] | [requestId:65] |End| //gw.alicdn.com/imgextra/i4/63/O1CN01ZRPEuz1CKtTVY6Qtk_!!63-0-lubanu.jpg_320x320q90.jpg_.heic
06-24 15:04:07.293 10340 10469 E apm.image: ->{"oriUrl":"\/\/gw.alicdn.com\/imgextra\/i4\/63\/O1CN01ZRPEuz1CKtTVY6Qtk_!!63-0-lubanu.jpg","time":1561359847291,"stage":"onRequest","requestId":"65","requestUrl":"\/\/gw.alicdn.com\/imgextra\/i4\/63\/O1CN01ZRPEuz1CKtTVY6Qtk_!!63-0-lubanu.jpg_320x320q90.jpg_.heic","procedureName":"ImageLib"}
06-24 15:04:07.293 10340 10521 E anet.Repeater: |[seq:DGRD9] [traceId:80007894@64]end, [RequestStatistic]ret=1,statusCode=200,msg=SUCCESS,host=gw.alicdn.com,ip=218.92.133.252,port=80,protocolType=http2_0rtt_cdn,retryTime=0,retryCostTime=0,processTime=1,connWaitTime=0,cacheTime=0,sendDataTime=1,firstDataTime=20,recDataTime=3,lastProcessTime=2,oneWayTime=27,callbackTime=0,serverRT=0,sendSize=67,recDataSize=4020,originalDataSize=3445,extra={"firstIp":"218.92.133.252"},isReqSync=false,isReqMain=false,url=https://gw.alicdn.com/imgextra/i1/73/O1CN01b87Cz31CPTQu2K14h_!!73-0-lubanu.jpg_320x320q90.jpg_.heic
06-24 15:04:07.293 10340 10533 E Phenix  : [traceId:80007894@62] | [requestId:59] |Network Read Finished.| //gw.alicdn.com/imgextra/i1/73/O1CN01b87Cz31CPTQu2K14h_!!73-0-lubanu.jpg_320x320q90.jpg_.heic
06-24 15:04:07.294 10340 10551 E Phenix  : [traceId:80007894@70] | [requestId:65] |DiskCacheRead Started.| //gw.alicdn.com/imgextra/i4/63/O1CN01ZRPEuz1CKtTVY6Qtk_!!63-0-lubanu.jpg_320x320q90.jpg_.heic
06-24 15:04:07.295 10340 10487 E Phenix  : [traceId:80007894@69] | [requestId:64] |DiskCacheReader Finished.| //gw.alicdn.com/imgextra/i1/56/O1CN01ANrxi91CHgfjyGDAO_!!56-2-lubanu.png_320x320q90.jpg
06-24 15:04:07.296 10340 10340 E Phenix  : TUrlImageView setImageUrl | url= //gw.alicdn.com/imgextra/i1/175/TB2rm2WnuuSBuNjSsplXXbe8pXa_!!175-2-luban.png| mLoadState:2| forceLoad:false| hostView:com.taobao.android.home.component.view.HImageView{63b6425 V.ED..... ......ID 722,1131-960,1369}
06-24 15:04:07.296 10340 10438 E apm.network: ->{"content":"{\"accuracy\":-1,\"bizId\":\"51\",\"bssid\":\"b8:6a:97:90:c7:78\",\"cacheTime\":0,\"callbackTime\":0,\"connWaitTime\":0,\"contentLength\":3445,\"contentType\":\"image/heic\",\"degraded\":0,\"deviceLevel\":0,\"extra\":{},\"f_refer\":\"picture\",\"firstDataTime\":20,\"host\":\"gw.alicdn.com\",\"ip\":\"218.92.133.252\",\"ipRefer\":0,\"ipType\":1,\"isBg\":\"fg\",\"isDNS\":true,\"isDone\":{},\"isFromExternal\":0,\"isProxy\":false,\"isReqMain\":false,\"isReqSync\":false,\"isSSL\":true,\"lastProcessTime\":2,\"lat\":90000,\"lng\":90000,\"mnc\":\"wifi\",\"msg\":\"SUCCESS\",\"netReqStart\":1561359847264,\"netType\":\"wifi\",\"oneWayTime\":27,\"port\":80,\"processTime\":1,\"protocolType\":\"http2_0rtt_cdn\",\"proxyType\":\"\",\"recDataSize\":4020,\"recDataTime\":3,\"reqBodyDeflateSize\":0,\"reqBodyInflateSize\":0,\"reqHeadDeflateSize\":67,\"reqHeadInflateSize\":195,\"reqServiceTransmissionEnd\":1561359847265,\"reqStart\":1561359847266,\"ret\":1,\"retryCostTime\":0,\"retryTimes\":0,\"roaming\":0,\"rspBodyDeflateSize\":3445,\"rspBodyInflateSize\":3445,\"rspCbDispatch\":1561359847291,\"rspCbEnd\":1561359847292,\"rspCbStart\":1561359847292,\"rspEnd\":1561359847290,\"rspHeadDeflateSize\":279,\"rspHeadInflateSize\":575,\"rspStart\":0,\"sendBeforeTime\":0,\"sendDataSize\":67,\"sendDataTime\":1,\"sendEnd\":0,\"sendStart\":1561359847266,\"serializeTransferTime\":1,\"serverRT\":0,\"sinceInitTime\":6597,\"sinceLastLaunchTime\":95591,\"spdyRequestSend\":true,\"speedBucket\":\"normal\",\"start\":1561359847265,\"startType\":0,\"statusCode\":200,\"tnetErrorCode\":0,\"traceId\":\"80007894@64\",\"url\":\"https://gw.alicdn.com/imgextra/i1/73/O1CN01b87Cz31CPTQu2K14h_!!73-0-lubanu.jpg_320x320q90.jpg_.heic\",\"waitingTime\":0}","procedureName":"NetworkLib","stage":"procedureSuccess"}
06-24 15:04:07.297 10340 10440 E apm.image: ->{"stage":"setImageUrl","log":"TUrlImageView setImageUrl | url= \/\/gw.alicdn.com\/imgextra\/i1\/175\/TB2rm2WnuuSBuNjSsplXXbe8pXa_!!175-2-luban.png| mLoadState:2| forceLoad:false| hostView:com.taobao.android.home.component.view.HImageView{63b6425 V.ED..... ......ID 722,1131-960,1369}","url":"\/\/gw.alicdn.com\/imgextra\/i1\/175\/TB2rm2WnuuSBuNjSsplXXbe8pXa_!!175-2-luban.png","requestId":"IMAGE","requestUrl":"","procedureName":"ImageLib"}
06-24 15:04:07.297 10340 10340 E Phenix  : [traceId:null] | [requestId:66] |start| //gw.alicdn.com/imgextra/i1/175/TB2rm2WnuuSBuNjSsplXXbe8pXa_!!175-2-luban.png_320x320q90.jpg
06-24 15:04:07.297 10340 10469 E apm.image: ->{"oriUrl":"\/\/gw.alicdn.com\/imgextra\/i1\/175\/TB2rm2WnuuSBuNjSsplXXbe8pXa_!!175-2-luban.png","time":1561359847297,"stage":"onRequest","requestId":"66","requestUrl":"\/\/gw.alicdn.com\/imgextra\/i1\/175\/TB2rm2WnuuSBuNjSsplXXbe8pXa_!!175-2-luban.png_320x320q90.jpg","procedureName":"ImageLib"}
06-24 15:04:07.298 10340 10340 E Phenix  : [traceId:80007894@71] | [requestId:66] |End| //gw.alicdn.com/imgextra/i1/175/TB2rm2WnuuSBuNjSsplXXbe8pXa_!!175-2-luban.png_320x320q90.jpg
06-24 15:04:07.298 10340 10537 E PexodeJNI: [listen] HEVCDecode : 133, use_scaling: 0
06-24 15:04:07.298 10340 10551 E Phenix  : [traceId:80007894@70] | [requestId:65] |DiskCacheReader Finished.| //gw.alicdn.com/imgextra/i4/63/O1CN01ZRPEuz1CKtTVY6Qtk_!!63-0-lubanu.jpg_320x320q90.jpg_.heic
06-24 15:04:07.299 10340 10550 E Phenix  : [traceId:80007894@71] | [requestId:66] |DiskCacheRead Started.| //gw.alicdn.com/imgextra/i1/175/TB2rm2WnuuSBuNjSsplXXbe8pXa_!!175-2-luban.png_320x320q90.jpg
06-24 15:04:07.299 10340 10340 E Phenix  : TUrlImageView setImageUrl | url= null| mLoadState:0| forceLoad:false| hostView:com.taobao.android.home.component.view.HImageView{96b19fa V.ED..... ......ID 722,1100-810,1196}
06-24 15:04:07.300 10340 10537 E FFMPEG  : @jiyu, hevcdebug: file=libavcodec/arm/hevcdsp_init_neon.c,func=ff_hevc_debug_debug,line=3525
06-24 15:04:07.300 10340 10537 E FFMPEG  : 
06-24 15:04:07.300 10340 10537 E FFMPEG  : hevcdebug: file=libavcodec/arm/hevcdsp_init_neon.c,func=ff_hevcdsp_init_neon,line=3591
06-24 15:04:07.300 10340 10537 E FFMPEG  :  using armv7: hevc opt. 
06-24 15:04:07.300 10340 10537 E FFMPEG  : hevcdebug: file=libavcodec/arm/hevcdsp_init_neon.c,func=ff_hevcdsp_init_neon,line=3738
06-24 15:04:07.300 10340 10537 E FFMPEG  :  c=ca76a81c,p=bd42c655 
06-24 15:04:07.300 10340 10438 E apm.image: ->{"stage":"setImageUrl","log":"TUrlImageView setImageUrl | url= null| mLoadState:0| forceLoad:false| hostView:com.taobao.android.home.component.view.HImageView{96b19fa V.ED..... ......ID 722,1100-810,1196}","url":null,"requestId":"IMAGE","requestUrl":"","procedureName":"ImageLib"}
06-24 15:04:07.300 10340 10340 E Phenix  : TUrlImageView setImageUrl | url= //gw.alicdn.com/imgextra/i1/197/TB2ezsZnXuWBuNjSspnXXX1NVXa_!!197-0-luban.jpg| mLoadState:2| forceLoad:false| hostView:com.taobao.android.home.component.view.HImageView{5e06bab V.ED..... ......ID 1041,1054-1302,1369}
06-24 15:04:07.302 10340 10340 E Phenix  : [traceId:null] | [requestId:67] |start| //gw.alicdn.com/imgextra/i1/197/TB2ezsZnXuWBuNjSspnXXX1NVXa_!!197-0-luban.jpg_320x320q90.jpg_.heic
06-24 15:04:07.302 10340 10440 E apm.image: ->{"stage":"setImageUrl","log":"TUrlImageView setImageUrl | url= \/\/gw.alicdn.com\/imgextra\/i1\/197\/TB2ezsZnXuWBuNjSspnXXX1NVXa_!!197-0-luban.jpg| mLoadState:2| forceLoad:false| hostView:com.taobao.android.home.component.view.HImageView{5e06bab V.ED..... ......ID 1041,1054-1302,1369}","url":"\/\/gw.alicdn.com\/imgextra\/i1\/197\/TB2ezsZnXuWBuNjSspnXXX1NVXa_!!197-0-luban.jpg","requestId":"IMAGE","requestUrl":"","procedureName":"ImageLib"}
06-24 15:04:07.302 10340 10469 E apm.image: ->{"oriUrl":"\/\/gw.alicdn.com\/imgextra\/i1\/197\/TB2ezsZnXuWBuNjSspnXXX1NVXa_!!197-0-luban.jpg","time":1561359847301,"stage":"onRequest","requestId":"67","requestUrl":"\/\/gw.alicdn.com\/imgextra\/i1\/197\/TB2ezsZnXuWBuNjSspnXXX1NVXa_!!197-0-luban.jpg_320x320q90.jpg_.heic","procedureName":"ImageLib"}
06-24 15:04:07.302 10340 10340 E Phenix  : [traceId:80007894@72] | [requestId:67] |End| //gw.alicdn.com/imgextra/i1/197/TB2ezsZnXuWBuNjSspnXXX1NVXa_!!197-0-luban.jpg_320x320q90.jpg_.heic
06-24 15:04:07.303 10340 10531 E Phenix  : [traceId:80007894@72] | [requestId:67] |DiskCacheRead Started.| //gw.alicdn.com/imgextra/i1/197/TB2ezsZnXuWBuNjSspnXXX1NVXa_!!197-0-luban.jpg_320x320q90.jpg_.heic
06-24 15:04:07.304 10340 10550 E Phenix  : [traceId:80007894@71] | [requestId:66] |DiskCacheReader Finished.| //gw.alicdn.com/imgextra/i1/175/TB2rm2WnuuSBuNjSsplXXbe8pXa_!!175-2-luban.png_320x320q90.jpg
06-24 15:04:07.305 10340 10531 E Phenix  : [traceId:80007894@72] | [requestId:67] |DiskCacheReader Finished.| //gw.alicdn.com/imgextra/i1/197/TB2ezsZnXuWBuNjSspnXXX1NVXa_!!197-0-luban.jpg_320x320q90.jpg_.heic
06-24 15:04:07.305 10340 10531 E Phenix  : [traceId:80007894@72] | [requestId:67] |Network Connect Started.| //gw.alicdn.com/imgextra/i1/197/TB2ezsZnXuWBuNjSspnXXX1NVXa_!!197-0-luban.jpg_320x320q90.jpg_.heic
06-24 15:04:07.306 10340 10340 E guzhan  : homepage bindData position: 3, start at : 1561359847240, cost : 66
06-24 15:04:07.307 10340 10531 E anet.UnifiedRequestTask: |[seq:DGRD11] [traceId:80007894@73]start url:https://gw.alicdn.com/imgextra/i1/197/TB2ezsZnXuWBuNjSspnXXX1NVXa_!!197-0-luban.jpg_320x320q90.jpg_.heic
06-24 15:04:07.308 10340 10536 E Phenix  : [traceId:80007894@65] | [requestId:61] |Decode Finished.| //gw.alicdn.com/tps/O1CN01IW4olu2LY1YW2mEAK_!!0-juitemmedia.jpg_320x320q90.jpg_.heic
06-24 15:04:07.308 10340 10536 E Phenix  : [traceId:80007894@65] | [requestId:61] |DiskCache Writer Started.| //gw.alicdn.com/tps/O1CN01IW4olu2LY1YW2mEAK_!!0-juitemmedia.jpg_320x320q90.jpg_.heic
06-24 15:04:07.310 10340 10554 E Phenix  : [traceId:80007894@67] | [requestId:63] |Decode Finished.| //gw.alicdn.com/imgextra/i3/165/TB2YJ_Dr25TBuNjSspcXXbnGFXa_!!165-0-luban.jpg_320x320q90.jpg_.heic
06-24 15:04:07.310 10340 10554 E Phenix  : [traceId:80007894@67] | [requestId:63] |DiskCache Writer Started.| //gw.alicdn.com/imgextra/i3/165/TB2YJ_Dr25TBuNjSspcXXbnGFXa_!!165-0-luban.jpg_320x320q90.jpg_.heic
06-24 15:04:07.311 10340 10536 E Phenix  : [traceId:80007894@65] | [requestId:61] |Dispatch Image to UI Thread.| //gw.alicdn.com/tps/O1CN01IW4olu2LY1YW2mEAK_!!0-juitemmedia.jpg_320x320q90.jpg_.heic
06-24 15:04:07.311 10340 10536 E Phenix  : [traceId:80007894@65] | [requestId:61] |DiskCache Writer Ended.| //gw.alicdn.com/tps/O1CN01IW4olu2LY1YW2mEAK_!!0-juitemmedia.jpg_320x320q90.jpg_.heic
06-24 15:04:07.313 10340 10536 E Phenix  : [traceId:80007894@62] | [requestId:59] |Decode Started.| //gw.alicdn.com/imgextra/i1/73/O1CN01b87Cz31CPTQu2K14h_!!73-0-lubanu.jpg_320x320q90.jpg_.heic
06-24 15:04:07.311 10340 10554 E Phenix  : [traceId:80007894@67] | [requestId:63] |Dispatch Image to UI Thread.| //gw.alicdn.com/imgextra/i3/165/TB2YJ_Dr25TBuNjSspcXXbnGFXa_!!165-0-luban.jpg_320x320q90.jpg_.heic
06-24 15:04:07.317 10340 10536 E PexodeJNI: [listen] HEVCDecode : 133, use_scaling: 0
06-24 15:04:07.317 10340 10554 E Phenix  : [traceId:80007894@67] | [requestId:63] |DiskCache Writer Ended.| //gw.alicdn.com/imgextra/i3/165/TB2YJ_Dr25TBuNjSspcXXbnGFXa_!!165-0-luban.jpg_320x320q90.jpg_.heic
06-24 15:04:07.317 10340 10536 E FFMPEG  : @jiyu, hevcdebug: file=libavcodec/arm/hevcdsp_init_neon.c,func=ff_hevc_debug_debug,line=3525
06-24 15:04:07.317 10340 10536 E FFMPEG  : 
06-24 15:04:07.317 10340 10536 E FFMPEG  : hevcdebug: file=libavcodec/arm/hevcdsp_init_neon.c,func=ff_hevcdsp_init_neon,line=3591
06-24 15:04:07.317 10340 10536 E FFMPEG  :  using armv7: hevc opt. 
06-24 15:04:07.317 10340 10536 E FFMPEG  : hevcdebug: file=libavcodec/arm/hevcdsp_init_neon.c,func=ff_hevcdsp_init_neon,line=3738
06-24 15:04:07.317 10340 10536 E FFMPEG  :  c=ca76481c,p=bd42c655 
06-24 15:04:07.317 10340 10554 E Phenix  : [traceId:80007894@69] | [requestId:64] |Decode Started.| //gw.alicdn.com/imgextra/i1/56/O1CN01ANrxi91CHgfjyGDAO_!!56-2-lubanu.png_320x320q90.jpg
06-24 15:04:07.319 10340 10521 E Phenix  : [traceId:80007894@66] | [requestId:62] |Network Connect Finished.| //gw.alicdn.com/imgextra/i4/69/O1CN01ndcdKn1CNdoCsnG5D_!!69-2-lubanu.png_320x320q90.jpg
06-24 15:04:07.320 10340 10533 E Phenix  : [traceId:80007894@66] | [requestId:62] |Network Read Started.| //gw.alicdn.com/imgextra/i4/69/O1CN01ndcdKn1CNdoCsnG5D_!!69-2-lubanu.png_320x320q90.jpg
06-24 15:04:07.320 10340 10521 E anet.Repeater: |[seq:DGRD10] [traceId:80007894@68]end, [RequestStatistic]ret=1,statusCode=200,msg=SUCCESS,host=gw.alicdn.com,ip=218.92.133.252,port=80,protocolType=http2_0rtt_cdn,retryTime=0,retryCostTime=0,processTime=3,connWaitTime=0,cacheTime=0,sendDataTime=6,firstDataTime=20,recDataTime=6,lastProcessTime=2,oneWayTime=37,callbackTime=0,serverRT=0,sendSize=63,recDataSize=31084,originalDataSize=30520,extra={"firstIp":"218.92.133.252"},isReqSync=false,isReqMain=false,url=https://gw.alicdn.com/imgextra/i4/69/O1CN01ndcdKn1CNdoCsnG5D_!!69-2-lubanu.png_320x320q90.jpg
06-24 15:04:07.321 10340 10438 E apm.network: ->{"content":"{\"accuracy\":-1,\"bizId\":\"51\",\"bssid\":\"b8:6a:97:90:c7:78\",\"cacheTime\":0,\"callbackTime\":0,\"connWaitTime\":0,\"contentLength\":30520,\"contentType\":\"image/png\",\"degraded\":0,\"deviceLevel\":0,\"extra\":{},\"f_refer\":\"picture\",\"firstDataTime\":20,\"host\":\"gw.alicdn.com\",\"ip\":\"218.92.133.252\",\"ipRefer\":0,\"ipType\":1,\"isBg\":\"fg\",\"isDNS\":true,\"isDone\":{},\"isFromExternal\":0,\"isProxy\":false,\"isReqMain\":false,\"isReqSync\":false,\"isSSL\":true,\"lastProcessTime\":2,\"lat\":90000,\"lng\":90000,\"mnc\":\"wifi\",\"msg\":\"SUCCESS\",\"netReqStart\":1561359847281,\"netType\":\"wifi\",\"oneWayTime\":37,\"port\":80,\"processTime\":3,\"protocolType\":\"http2_0rtt_cdn\",\"proxyType\":\"\",\"recDataSize\":31084,\"recDataTime\":6,\"reqBodyDeflateSize\":0,\"reqBodyInflateSize\":0,\"reqHeadDeflateSize\":63,\"reqHeadInflateSize\":189,\"reqServiceTransmissionEnd\":1561359847283,\"reqStart\":1561359847286,\"ret\":1,\"retryCostTime\":0,\"retryTimes\":0,\"roaming\":0,\"rspBodyDeflateSize\":30520,\"rspBodyInflateSize\":30520,\"rspCbDispatch\":1561359847319,\"rspCbEnd\":1561359847320,\"rspCbStart\":1561359847320,\"rspEnd\":1561359847318,\"rspHeadDeflateSize\":287,\"rspHeadInflateSize\":564,\"rspStart\":0,\"sendBeforeTime\":4,\"sendDataSize\":63,\"sendDataTime\":6,\"sendEnd\":0,\"sendStart\":1561359847286,\"serializeTransferTime\":2,\"serverRT\":0,\"sinceInitTime\":6615,\"sinceLastLaunchTime\":95591,\"spdyRequestSend\":true,\"speedBucket\":\"normal\",\"start\":1561359847283,\"startType\":0,\"statusCode\":200,\"tnetErrorCode\":0,\"traceId\":\"80007894@68\",\"url\":\"https://gw.alicdn.com/imgextra/i4/69/O1CN01ndcdKn1CNdoCsnG5D_!!69-2-lubanu.png_320x320q90.jpg\",\"waitingTime\":0}","procedureName":"NetworkLib","stage":"procedureSuccess"}
06-24 15:04:07.322 10340 10536 E Phenix  : [traceId:80007894@62] | [requestId:59] |Decode Finished.| //gw.alicdn.com/imgextra/i1/73/O1CN01b87Cz31CPTQu2K14h_!!73-0-lubanu.jpg_320x320q90.jpg_.heic
06-24 15:04:07.322 10340 10536 E Phenix  : [traceId:80007894@62] | [requestId:59] |DiskCache Writer Started.| //gw.alicdn.com/imgextra/i1/73/O1CN01b87Cz31CPTQu2K14h_!!73-0-lubanu.jpg_320x320q90.jpg_.heic
06-24 15:04:07.323 10340 10533 E Phenix  : [traceId:80007894@66] | [requestId:62] |Network Read Finished.| //gw.alicdn.com/imgextra/i4/69/O1CN01ndcdKn1CNdoCsnG5D_!!69-2-lubanu.png_320x320q90.jpg
06-24 15:04:07.324 10340 10536 E Phenix  : [traceId:80007894@62] | [requestId:59] |Dispatch Image to UI Thread.| //gw.alicdn.com/imgextra/i1/73/O1CN01b87Cz31CPTQu2K14h_!!73-0-lubanu.jpg_320x320q90.jpg_.heic
06-24 15:04:07.327 10340 10536 E Phenix  : [traceId:80007894@62] | [requestId:59] |DiskCache Writer Ended.| //gw.alicdn.com/imgextra/i1/73/O1CN01b87Cz31CPTQu2K14h_!!73-0-lubanu.jpg_320x320q90.jpg_.heic
06-24 15:04:07.328 10340 10536 E Phenix  : [traceId:80007894@70] | [requestId:65] |Decode Started.| //gw.alicdn.com/imgextra/i4/63/O1CN01ZRPEuz1CKtTVY6Qtk_!!63-0-lubanu.jpg_320x320q90.jpg_.heic
06-24 15:04:07.331 10340 10554 E Phenix  : [traceId:80007894@69] | [requestId:64] |Decode Finished.| //gw.alicdn.com/imgextra/i1/56/O1CN01ANrxi91CHgfjyGDAO_!!56-2-lubanu.png_320x320q90.jpg
06-24 15:04:07.331 10340 10554 E Phenix  : [traceId:80007894@69] | [requestId:64] |DiskCache Writer Started.| //gw.alicdn.com/imgextra/i1/56/O1CN01ANrxi91CHgfjyGDAO_!!56-2-lubanu.png_320x320q90.jpg
06-24 15:04:07.331 10340 10554 E Phenix  : [traceId:80007894@69] | [requestId:64] |Dispatch Image to UI Thread.| //gw.alicdn.com/imgextra/i1/56/O1CN01ANrxi91CHgfjyGDAO_!!56-2-lubanu.png_320x320q90.jpg
06-24 15:04:07.332 10340 10554 E Phenix  : [traceId:80007894@69] | [requestId:64] |DiskCache Writer Ended.| //gw.alicdn.com/imgextra/i1/56/O1CN01ANrxi91CHgfjyGDAO_!!56-2-lubanu.png_320x320q90.jpg
06-24 15:04:07.332 10340 10511 E Phenix  : [traceId:80007894@71] | [requestId:66] |Decode Started.| //gw.alicdn.com/imgextra/i1/175/TB2rm2WnuuSBuNjSsplXXbe8pXa_!!175-2-luban.png_320x320q90.jpg
06-24 15:04:07.333 10340 10537 E Phenix  : [traceId:80007894@57] | [requestId:54] |Decode Finished.| //gw.alicdn.com/imgextra/i2/195/O1CN01rD0kyN1DJLlvSF6kg_!!195-0-lubanu.jpg_1200x1200q90.jpg_.heic
06-24 15:04:07.333 10340 10537 E Phenix  : [traceId:80007894@57] | [requestId:54] |DiskCache Writer Started.| //gw.alicdn.com/imgextra/i2/195/O1CN01rD0kyN1DJLlvSF6kg_!!195-0-lubanu.jpg_1200x1200q90.jpg_.heic
06-24 15:04:07.333 10340 10537 E Phenix  : [traceId:80007894@57] | [requestId:54] |Dispatch Image to UI Thread.| //gw.alicdn.com/imgextra/i2/195/O1CN01rD0kyN1DJLlvSF6kg_!!195-0-lubanu.jpg_1200x1200q90.jpg_.heic
06-24 15:04:07.334 10340 10536 E PexodeJNI: [listen] HEVCDecode : 133, use_scaling: 0
06-24 15:04:07.337 10340 10537 E Phenix  : [traceId:80007894@57] | [requestId:54] |DiskCache Writer Ended.| //gw.alicdn.com/imgextra/i2/195/O1CN01rD0kyN1DJLlvSF6kg_!!195-0-lubanu.jpg_1200x1200q90.jpg_.heic
06-24 15:04:07.339 10340 10533 E Phenix  : [traceId:80007894@66] | [requestId:62] |Decode Started.| //gw.alicdn.com/imgextra/i4/69/O1CN01ndcdKn1CNdoCsnG5D_!!69-2-lubanu.png_320x320q90.jpg
06-24 15:04:07.343 10340 10536 E Phenix  : [traceId:80007894@70] | [requestId:65] |Decode Finished.| //gw.alicdn.com/imgextra/i4/63/O1CN01ZRPEuz1CKtTVY6Qtk_!!63-0-lubanu.jpg_320x320q90.jpg_.heic
06-24 15:04:07.343 10340 10536 E Phenix  : [traceId:80007894@70] | [requestId:65] |DiskCache Writer Started.| //gw.alicdn.com/imgextra/i4/63/O1CN01ZRPEuz1CKtTVY6Qtk_!!63-0-lubanu.jpg_320x320q90.jpg_.heic
06-24 15:04:07.344 10340 10536 E Phenix  : [traceId:80007894@70] | [requestId:65] |Dispatch Image to UI Thread.| //gw.alicdn.com/imgextra/i4/63/O1CN01ZRPEuz1CKtTVY6Qtk_!!63-0-lubanu.jpg_320x320q90.jpg_.heic
06-24 15:04:07.345 10340 10536 E Phenix  : [traceId:80007894@70] | [requestId:65] |DiskCache Writer Ended.| //gw.alicdn.com/imgextra/i4/63/O1CN01ZRPEuz1CKtTVY6Qtk_!!63-0-lubanu.jpg_320x320q90.jpg_.heic
06-24 15:04:07.347 10340 10511 E Phenix  : [traceId:80007894@71] | [requestId:66] |Decode Finished.| //gw.alicdn.com/imgextra/i1/175/TB2rm2WnuuSBuNjSsplXXbe8pXa_!!175-2-luban.png_320x320q90.jpg
06-24 15:04:07.348 10340 10511 E Phenix  : [traceId:80007894@71] | [requestId:66] |DiskCache Writer Started.| //gw.alicdn.com/imgextra/i1/175/TB2rm2WnuuSBuNjSsplXXbe8pXa_!!175-2-luban.png_320x320q90.jpg
06-24 15:04:07.349 10340 10511 E Phenix  : [traceId:80007894@71] | [requestId:66] |Dispatch Image to UI Thread.| //gw.alicdn.com/imgextra/i1/175/TB2rm2WnuuSBuNjSsplXXbe8pXa_!!175-2-luban.png_320x320q90.jpg
06-24 15:04:07.349 10340 10511 E Phenix  : [traceId:80007894@71] | [requestId:66] |DiskCache Writer Ended.| //gw.alicdn.com/imgextra/i1/175/TB2rm2WnuuSBuNjSsplXXbe8pXa_!!175-2-luban.png_320x320q90.jpg
06-24 15:04:07.351 10340 10535 E Phenix  : [traceId:80007894@72] | [requestId:67] |Network Connect Finished.| //gw.alicdn.com/imgextra/i1/197/TB2ezsZnXuWBuNjSspnXXX1NVXa_!!197-0-luban.jpg_320x320q90.jpg_.heic
06-24 15:04:07.352 10340 10554 E Phenix  : [traceId:80007894@72] | [requestId:67] |Network Read Started.| //gw.alicdn.com/imgextra/i1/197/TB2ezsZnXuWBuNjSspnXXX1NVXa_!!197-0-luban.jpg_320x320q90.jpg_.heic
06-24 15:04:07.353 10340 10554 E Phenix  : [traceId:80007894@72] | [requestId:67] |Network Read Finished.| //gw.alicdn.com/imgextra/i1/197/TB2ezsZnXuWBuNjSspnXXX1NVXa_!!197-0-luban.jpg_320x320q90.jpg_.heic
06-24 15:04:07.353 10340 10535 E anet.Repeater: |[seq:DGRD11] [traceId:80007894@73]end, [RequestStatistic]ret=1,statusCode=200,msg=SUCCESS,host=gw.alicdn.com,ip=218.92.133.252,port=80,protocolType=http2_0rtt_cdn,retryTime=0,retryCostTime=0,processTime=3,connWaitTime=0,cacheTime=0,sendDataTime=1,firstDataTime=37,recDataTime=2,lastProcessTime=1,oneWayTime=44,callbackTime=1,serverRT=0,sendSize=72,recDataSize=2955,originalDataSize=2444,extra={"firstIp":"218.92.133.252"},isReqSync=false,isReqMain=false,url=https://gw.alicdn.com/imgextra/i1/197/TB2ezsZnXuWBuNjSspnXXX1NVXa_!!197-0-luban.jpg_320x320q90.jpg_.heic
06-24 15:04:07.354 10340 10554 E Phenix  : [traceId:80007894@72] | [requestId:67] |Decode Started.| //gw.alicdn.com/imgextra/i1/197/TB2ezsZnXuWBuNjSspnXXX1NVXa_!!197-0-luban.jpg_320x320q90.jpg_.heic
06-24 15:04:07.356 10340 10440 E apm.network: ->{"content":"{\"accuracy\":-1,\"bizId\":\"51\",\"bssid\":\"b8:6a:97:90:c7:78\",\"cacheTime\":0,\"callbackTime\":1,\"connWaitTime\":0,\"contentLength\":2444,\"contentType\":\"image/webp\",\"degraded\":0,\"deviceLevel\":0,\"extra\":{},\"f_refer\":\"picture\",\"firstDataTime\":37,\"host\":\"gw.alicdn.com\",\"ip\":\"218.92.133.252\",\"ipRefer\":0,\"ipType\":1,\"isBg\":\"fg\",\"isDNS\":true,\"isDone\":{},\"isFromExternal\":0,\"isProxy\":false,\"isReqMain\":false,\"isReqSync\":false,\"isSSL\":true,\"lastProcessTime\":1,\"lat\":90000,\"lng\":90000,\"mnc\":\"wifi\",\"msg\":\"SUCCESS\",\"netReqStart\":1561359847305,\"netType\":\"wifi\",\"oneWayTime\":44,\"port\":80,\"processTime\":3,\"protocolType\":\"http2_0rtt_cdn\",\"proxyType\":\"\",\"recDataSize\":2955,\"recDataTime\":2,\"reqBodyDeflateSize\":0,\"reqBodyInflateSize\":0,\"reqHeadDeflateSize\":72,\"reqHeadInflateSize\":200,\"reqServiceTransmissionEnd\":1561359847307,\"reqStart\":1561359847309,\"ret\":1,\"retryCostTime\":0,\"retryTimes\":0,\"roaming\":0,\"rspBodyDeflateSize\":2444,\"rspBodyInflateSize\":2444,\"rspCbDispatch\":1561359847351,\"rspCbEnd\":1561359847352,\"rspCbStart\":1561359847351,\"rspEnd\":1561359847350,\"rspHeadDeflateSize\":261,\"rspHeadInflateSize\":511,\"rspStart\":0,\"sendBeforeTime\":0,\"sendDataSize\":72,\"sendDataTime\":1,\"sendEnd\":0,\"sendStart\":1561359847310,\"serializeTransferTime\":2,\"serverRT\":0,\"sinceInitTime\":6639,\"sinceLastLaunchTime\":95591,\"spdyRequestSend\":true,\"speedBucket\":\"normal\",\"start\":1561359847307,\"startType\":0,\"statusCode\":200,\"tnetErrorCode\":0,\"traceId\":\"80007894@73\",\"url\":\"https://gw.alicdn.com/imgextra/i1/197/TB2ezsZnXuWBuNjSspnXXX1NVXa_!!197-0-luban.jpg_320x320q90.jpg_.heic\",\"waitingTime\":0}","procedureName":"NetworkLib","stage":"procedureSuccess"}
06-24 15:04:07.357 10340 10533 E Phenix  : [traceId:80007894@66] | [requestId:62] |Decode Finished.| //gw.alicdn.com/imgextra/i4/69/O1CN01ndcdKn1CNdoCsnG5D_!!69-2-lubanu.png_320x320q90.jpg
06-24 15:04:07.357 10340 10533 E Phenix  : [traceId:80007894@66] | [requestId:62] |DiskCache Writer Started.| //gw.alicdn.com/imgextra/i4/69/O1CN01ndcdKn1CNdoCsnG5D_!!69-2-lubanu.png_320x320q90.jpg
06-24 15:04:07.358 10340 10533 E Phenix  : [traceId:80007894@66] | [requestId:62] |Dispatch Image to UI Thread.| //gw.alicdn.com/imgextra/i4/69/O1CN01ndcdKn1CNdoCsnG5D_!!69-2-lubanu.png_320x320q90.jpg
06-24 15:04:07.360 10340 10554 E Phenix  : [traceId:80007894@72] | [requestId:67] |Decode Finished.| //gw.alicdn.com/imgextra/i1/197/TB2ezsZnXuWBuNjSspnXXX1NVXa_!!197-0-luban.jpg_320x320q90.jpg_.heic
06-24 15:04:07.360 10340 10533 E Phenix  : [traceId:80007894@66] | [requestId:62] |DiskCache Writer Ended.| //gw.alicdn.com/imgextra/i4/69/O1CN01ndcdKn1CNdoCsnG5D_!!69-2-lubanu.png_320x320q90.jpg
06-24 15:04:07.360 10340 10554 E Phenix  : [traceId:80007894@72] | [requestId:67] |DiskCache Writer Started.| //gw.alicdn.com/imgextra/i1/197/TB2ezsZnXuWBuNjSspnXXX1NVXa_!!197-0-luban.jpg_320x320q90.jpg_.heic
06-24 15:04:07.361 10340 10554 E Phenix  : [traceId:80007894@72] | [requestId:67] |Dispatch Image to UI Thread.| //gw.alicdn.com/imgextra/i1/197/TB2ezsZnXuWBuNjSspnXXX1NVXa_!!197-0-luban.jpg_320x320q90.jpg_.heic
06-24 15:04:07.366 10340 10554 E Phenix  : [traceId:80007894@72] | [requestId:67] |DiskCache Writer Ended.| //gw.alicdn.com/imgextra/i1/197/TB2ezsZnXuWBuNjSspnXXX1NVXa_!!197-0-luban.jpg_320x320q90.jpg_.heic
06-24 15:04:07.389 10340 10340 E mtopsdk : [seq:MTOP7]|[traceId:80007894@74] |start
06-24 15:04:07.390 10340 10340 E mtopsdk : [seq:MTOP8]|[traceId:80007894@75] |start
06-24 15:04:07.390 10340 10340 E NetDaemon: [MtopRuntimeInfoCollector collect], stackTrace:dalvik.system.VMStack.getThreadStackTrace(Native Method),java.lang.Thread.getStackTrace(Thread.java:1538),com.taobao.android.trade.boost.daemon.MtopRuntimeInfoCollector.collect(MtopRuntimeInfoCollector.java:28),com.taobao.android.trade.boost.request.mtop.AbsMtopRequestClient.execute(AbsMtopRequestClient.java:64),com.taobao.android.editionswitcher.LocationCallBack.onLocationChanged(LocationCallBack.java:207),com.taobao.location.client.TBLocationClient$TBLocationCallbackWrapper.handleLocationChangeMessage(TBLocationClient.java:327),com.taobao.location.client.TBLocationClient$TBLocationCallbackWrapper$2.handleMessage(TBLocationClient.java:298),android.os.Handler.dispatchMessage(Handler.java:106),android.os.Looper.loop(Looper.java:193),android.app.ActivityThread.main(ActivityThread.java:6718),java.lang.reflect.Method.invoke(Native Method),com.android.internal.os.RuntimeInit$MethodAndArgsCaller.run(RuntimeInit.java:493),com.android.internal.os.ZygoteInit.main(ZygoteInit.java:858),
06-24 15:04:07.393 10340 10340 E Phenix  : TUrlImageView setImageUrl | url= null| mLoadState:0| forceLoad:false| hostView:com.taobao.android.home.component.view.HImageView{8c0736e I.ED..... ......I. 0,0-0,0 #7f113724 app:id/tab_festival}
06-24 15:04:07.393 10340 10469 E apm.image: ->{"stage":"setImageUrl","log":"TUrlImageView setImageUrl | url= null| mLoadState:0| forceLoad:false| hostView:com.taobao.android.home.component.view.HImageView{8c0736e I.ED..... ......I. 0,0-0,0 #7f113724 app:id\/tab_festival}","url":null,"requestId":"IMAGE","requestUrl":"","procedureName":"ImageLib"}
06-24 15:04:07.394 10340 10340 E Phenix  : TUrlImageView setImageUrl | url= null| mLoadState:0| forceLoad:false| hostView:com.taobao.android.home.component.view.HImageView{d04587a I.ED..... ......I. 0,0-0,0 #7f113724 app:id/tab_festival}
06-24 15:04:07.394 10340 10438 E apm.image: ->{"stage":"setImageUrl","log":"TUrlImageView setImageUrl | url= null| mLoadState:0| forceLoad:false| hostView:com.taobao.android.home.component.view.HImageView{d04587a I.ED..... ......I. 0,0-0,0 #7f113724 app:id\/tab_festival}","url":null,"requestId":"IMAGE","requestUrl":"","procedureName":"ImageLib"}
06-24 15:04:07.394 10340 10340 E Phenix  : TUrlImageView setImageUrl | url= null| mLoadState:0| forceLoad:false| hostView:com.taobao.android.home.component.view.HImageView{62b082b I.ED..... ......I. 0,0-0,0 #7f113724 app:id/tab_festival}
06-24 15:04:07.395 10340 10340 E Phenix  : TUrlImageView setImageUrl | url= null| mLoadState:0| forceLoad:false| hostView:com.taobao.android.home.component.view.HImageView{34ffc07 I.ED..... ......I. 0,0-0,0 #7f113724 app:id/tab_festival}
06-24 15:04:07.396 10340 10440 E apm.image: ->{"stage":"setImageUrl","log":"TUrlImageView setImageUrl | url= null| mLoadState:0| forceLoad:false| hostView:com.taobao.android.home.component.view.HImageView{62b082b I.ED..... ......I. 0,0-0,0 #7f113724 app:id\/tab_festival}","url":null,"requestId":"IMAGE","requestUrl":"","procedureName":"ImageLib"}
06-24 15:04:07.396 10340 10440 E apm.image: ->{"stage":"setImageUrl","log":"TUrlImageView setImageUrl | url= null| mLoadState:0| forceLoad:false| hostView:com.taobao.android.home.component.view.HImageView{34ffc07 I.ED..... ......I. 0,0-0,0 #7f113724 app:id\/tab_festival}","url":null,"requestId":"IMAGE","requestUrl":"","procedureName":"ImageLib"}
06-24 15:04:07.396 10340 10340 E Phenix  : TUrlImageView setImageUrl | url= null| mLoadState:0| forceLoad:false| hostView:com.taobao.android.home.component.view.HImageView{c42a134 I.ED..... ......I. 0,0-0,0 #7f113724 app:id/tab_festival}
06-24 15:04:07.396 10340 10438 E apm.image: ->{"stage":"setImageUrl","log":"TUrlImageView setImageUrl | url= null| mLoadState:0| forceLoad:false| hostView:com.taobao.android.home.component.view.HImageView{c42a134 I.ED..... ......I. 0,0-0,0 #7f113724 app:id\/tab_festival}","url":null,"requestId":"IMAGE","requestUrl":"","procedureName":"ImageLib"}
06-24 15:04:07.396 10340 10340 E Phenix  : TUrlImageView setImageUrl | url= null| mLoadState:0| forceLoad:false| hostView:com.taobao.android.home.component.view.HImageView{7b4ab5d I.ED..... ......I. 0,0-0,0 #7f113724 app:id/tab_festival}
06-24 15:04:07.396 10340 10440 E apm.image: ->{"stage":"setImageUrl","log":"TUrlImageView setImageUrl | url= null| mLoadState:0| forceLoad:false| hostView:com.taobao.android.home.component.view.HImageView{7b4ab5d I.ED..... ......I. 0,0-0,0 #7f113724 app:id\/tab_festival}","url":null,"requestId":"IMAGE","requestUrl":"","procedureName":"ImageLib"}
06-24 15:04:07.397 10340 10340 E Phenix  : TUrlImageView setImageUrl | url= null| mLoadState:0| forceLoad:false| hostView:com.taobao.android.home.component.view.HImageView{b117cd2 I.ED..... ......I. 0,0-0,0 #7f113724 app:id/tab_festival}
06-24 15:04:07.397 10340 10469 E apm.image: ->{"stage":"setImageUrl","log":"TUrlImageView setImageUrl | url= null| mLoadState:0| forceLoad:false| hostView:com.taobao.android.home.component.view.HImageView{b117cd2 I.ED..... ......I. 0,0-0,0 #7f113724 app:id\/tab_festival}","url":null,"requestId":"IMAGE","requestUrl":"","procedureName":"ImageLib"}
06-24 15:04:07.397 10340 10340 E mtopsdk : [seq:MTOP4]|[traceId:80007894@54] |MtopStatistics,apiKey=mtop.taobao.wireless.recommend.loadtab$1.0,httpResponseStatus=200,retCode=SUCCESS,retType=0,reqSource=0,mappingCode=null,isCbMain=true,isReqMain=true,isReqSync=false,mtopTotalTime=99,waitExecuteTime=2,waitExecute2BuildParamTime=1,buildParamsTime=7,buildParams2NetworkTime=4,networkTotalTime=81,waitCallbackTime=1,startCallBack2EndTime=3,computeSignTime=3,computeMiniWuaTime=2,computeWuaTime=0,cacheSwitch=1,cacheHitType=0,cacheCostTime=0,cacheResponseParseTime=0,useSecurityAdapter=0,oneWayTime_ANet=73,resultCode=200,isRequestSuccess=true,host=guide-acs.m.taobao.com,ip_port=120.77.134.3:443,isSSL=true,connType=http2_0rtt_acs,processTime=3,firstDataTime=66,recDataTime=2,sendWaitTime=1,serverRT=26,sendSize=1746,recvSize=8485,dataSpeed=4242,retryTimes=0
06-24 15:04:07.398 10340 10340 E Phenix  : [traceId:80007894@59] | [requestId:56] |UI Thread Process CallBack Started.| //gw.alicdn.com/imgextra/O1CN01aJNQtu1D6z4oMpwao_!!168-2-lubanu.png_320x320q90.jpg
06-24 15:04:07.398 10340 10438 E apm.image: ->{"stage":"onFinished","requestId":"55","requestUrl":"https:\/\/gw.alicdn.com\/tps\/TB14vOGPpXXXXaIXVXXXXXXXXXX-75-39.png_90x90q90.jpg","procedureName":"ImageLib","intermediate":false,"time":1561359847398,"animation":false}
06-24 15:04:07.399 10340 10340 E Phenix  : [traceId:80007894@59] | [requestId:56] |UI Thread Process CallBack End.| //gw.alicdn.com/imgextra/O1CN01aJNQtu1D6z4oMpwao_!!168-2-lubanu.png_320x320q90.jpg
06-24 15:04:07.399 10340 10440 E apm.image: ->{"stage":"onFinished","requestId":"56","requestUrl":"\/\/gw.alicdn.com\/imgextra\/O1CN01aJNQtu1D6z4oMpwao_!!168-2-lubanu.png_320x320q90.jpg","procedureName":"ImageLib","intermediate":false,"time":1561359847399,"animation":false}
06-24 15:04:07.399 10340 10340 E RxPhenix: [Phenix] requestId=56,UI_QUEUE_SIZE=0
06-24 15:04:07.400 10340 10340 E Phenix  : [traceId:80007894@60] | [requestId:57] |UI Thread Process CallBack Started.| //gw.alicdn.com/tps/O1CN01AD1BVq1Ce87fMk6mL_!!105-2-lubanu.png_320x320q90.jpg
06-24 15:04:07.400 10340 10340 E Phenix  : [traceId:80007894@60] | [requestId:57] |UI Thread Process CallBack End.| //gw.alicdn.com/tps/O1CN01AD1BVq1Ce87fMk6mL_!!105-2-lubanu.png_320x320q90.jpg
06-24 15:04:07.401 10340 10340 E RxPhenix: [Phenix] requestId=57,UI_QUEUE_SIZE=0
06-24 15:04:07.401 10340 10469 E apm.image: ->{"stage":"onFinished","requestId":"57","requestUrl":"\/\/gw.alicdn.com\/tps\/O1CN01AD1BVq1Ce87fMk6mL_!!105-2-lubanu.png_320x320q90.jpg","procedureName":"ImageLib","intermediate":false,"time":1561359847400,"animation":false}
06-24 15:04:07.401 10340 10340 E Phenix  : [traceId:80007894@61] | [requestId:58] |UI Thread Process CallBack Started.| //gw.alicdn.com/imgextra/i2/33/TB2TsSxXMHqK1RjSZFPXXcwapXa_!!33-2-luban.png_320x320q90.jpg
06-24 15:04:07.401 10340 10340 E Phenix  : [traceId:80007894@61] | [requestId:58] |UI Thread Process CallBack End.| //gw.alicdn.com/imgextra/i2/33/TB2TsSxXMHqK1RjSZFPXXcwapXa_!!33-2-luban.png_320x320q90.jpg
06-24 15:04:07.402 10340 10340 E RxPhenix: [Phenix] requestId=58,UI_QUEUE_SIZE=0
06-24 15:04:07.402 10340 10438 E apm.image: ->{"stage":"onFinished","requestId":"58","requestUrl":"\/\/gw.alicdn.com\/imgextra\/i2\/33\/TB2TsSxXMHqK1RjSZFPXXcwapXa_!!33-2-luban.png_320x320q90.jpg","procedureName":"ImageLib","intermediate":false,"time":1561359847401,"animation":false}
06-24 15:04:07.402 10340 10340 E Phenix  : [traceId:80007894@63] | [requestId:60] |UI Thread Process CallBack Started.| //gw.alicdn.com/tps/O1CN01318ARR22Gdpk8V8id_!!0-juitemmedia.jpg_320x320q90.jpg_.heic
06-24 15:04:07.403 10340 10340 E Phenix  : [traceId:80007894@63] | [requestId:60] |UI Thread Process CallBack End.| //gw.alicdn.com/tps/O1CN01318ARR22Gdpk8V8id_!!0-juitemmedia.jpg_320x320q90.jpg_.heic
06-24 15:04:07.403 10340 10440 E apm.image: ->{"stage":"onFinished","requestId":"60","requestUrl":"\/\/gw.alicdn.com\/tps\/O1CN01318ARR22Gdpk8V8id_!!0-juitemmedia.jpg_320x320q90.jpg_.heic","procedureName":"ImageLib","intermediate":false,"time":1561359847403,"animation":false}
06-24 15:04:07.403 10340 10340 E RxPhenix: [Phenix] requestId=60,UI_QUEUE_SIZE=0
06-24 15:04:07.404 10340 10340 E mtopsdk : [seq:MTOP5]|[traceId:80007894@55] |MtopStatistics,apiKey=mtop.shop.mc.stacktrace$1.0,httpResponseStatus=200,retCode=INTERNAL_ERROR,retType=3,reqSource=0,mappingCode=INTERNAL_ERROR,isCbMain=true,isReqMain=true,isReqSync=false,mtopTotalTime=175,waitExecuteTime=1,waitExecute2BuildParamTime=2,buildParamsTime=5,buildParams2NetworkTime=4,networkTotalTime=150,waitCallbackTime=1,startCallBack2EndTime=12,computeSignTime=4,computeMiniWuaTime=1,computeWuaTime=0,cacheSwitch=1,cacheHitType=0,cacheCostTime=0,cacheResponseParseTime=0,useSecurityAdapter=0,oneWayTime_ANet=148,resultCode=200,isRequestSuccess=true,host=guide-acs.m.taobao.com,ip_port=120.77.134.3:443,isSSL=true,connType=http2_0rtt_acs,processTime=3,firstDataTime=141,recDataTime=1,sendWaitTime=1,serverRT=100,sendSize=3225,recvSize=499,dataSpeed=499,retryTimes=0
06-24 15:04:07.404 10340 10340 E Phenix  : [traceId:80007894@65] | [requestId:61] |UI Thread Process CallBack Started.| //gw.alicdn.com/tps/O1CN01IW4olu2LY1YW2mEAK_!!0-juitemmedia.jpg_320x320q90.jpg_.heic
06-24 15:04:07.405 10340 10340 E Phenix  : [traceId:80007894@65] | [requestId:61] |UI Thread Process CallBack End.| //gw.alicdn.com/tps/O1CN01IW4olu2LY1YW2mEAK_!!0-juitemmedia.jpg_320x320q90.jpg_.heic
06-24 15:04:07.405 10340 10469 E apm.image: ->{"stage":"onFinished","requestId":"61","requestUrl":"\/\/gw.alicdn.com\/tps\/O1CN01IW4olu2LY1YW2mEAK_!!0-juitemmedia.jpg_320x320q90.jpg_.heic","procedureName":"ImageLib","intermediate":false,"time":1561359847405,"animation":false}
06-24 15:04:07.405 10340 10340 E RxPhenix: [Phenix] requestId=61,UI_QUEUE_SIZE=0
06-24 15:04:07.407 10340 10523 E anet.UnifiedRequestTask: |[seq:MTOP7.DGRD12] [traceId:80007894@74]start url:https://guide-acs.m.taobao.com/gw/mtop.taobao.wireless.home.location/1.0/?data=%7B%22address%22%3A%22%E6%B5%99%E6%B1%9F%E7%9C%81+%E6%9D%AD%E5%B7%9E%E5%B8%82+%E4%BD%99%E6%9D%AD%E5%8C%BA+%E6%96%87%E4%B8%80%E8%A5%BF%E8%B7%AF+963+%E9%9D%A0%E8%BF%91%E9%98%BF%E9%87%8C%E5%B7%B4%E5%B7%B4%E8%A5%BF%E6%BA%AA%E5%9B%AD%E5%8C%BA+%22%2C%22areaCode%22%3A%22330110%22%2C%22cityCode%22%3A%22330100%22%2C%22latitude%22%3A%2230.280562%22%2C%22longitude%22%3A%22120.028585%22%2C%22provinceCode%22%3A%22330000%22%2C%22source%22%3A%22coldStart%22%2C%22userId%22%3A%221055406200%22%7D
06-24 15:04:07.410 10340 10569 E anet.UnifiedRequestTask: |[seq:MTOP8.DGRD13] [traceId:80007894@75]start url:https://guide-acs.m.taobao.com/gw/mtop.shop.mc.stacktrace/1.0/
06-24 15:04:07.417 10340 10340 E Phenix  : [traceId:80007894@67] | [requestId:63] |UI Thread Process CallBack Started.| //gw.alicdn.com/imgextra/i3/165/TB2YJ_Dr25TBuNjSspcXXbnGFXa_!!165-0-luban.jpg_320x320q90.jpg_.heic
06-24 15:04:07.418 10340 10340 E Phenix  : [traceId:80007894@67] | [requestId:63] |UI Thread Process CallBack End.| //gw.alicdn.com/imgextra/i3/165/TB2YJ_Dr25TBuNjSspcXXbnGFXa_!!165-0-luban.jpg_320x320q90.jpg_.heic
06-24 15:04:07.418 10340 10438 E apm.image: ->{"stage":"onFinished","requestId":"63","requestUrl":"\/\/gw.alicdn.com\/imgextra\/i3\/165\/TB2YJ_Dr25TBuNjSspcXXbnGFXa_!!165-0-luban.jpg_320x320q90.jpg_.heic","procedureName":"ImageLib","intermediate":false,"time":1561359847418,"animation":false}
06-24 15:04:07.418 10340 10340 E RxPhenix: [Phenix] requestId=63,UI_QUEUE_SIZE=0
06-24 15:04:07.419 10340 10340 E Phenix  : [traceId:80007894@62] | [requestId:59] |UI Thread Process CallBack Started.| //gw.alicdn.com/imgextra/i1/73/O1CN01b87Cz31CPTQu2K14h_!!73-0-lubanu.jpg_320x320q90.jpg_.heic
06-24 15:04:07.421 10340 10440 E apm.image: ->{"stage":"onFinished","requestId":"59","requestUrl":"\/\/gw.alicdn.com\/imgextra\/i1\/73\/O1CN01b87Cz31CPTQu2K14h_!!73-0-lubanu.jpg_320x320q90.jpg_.heic","procedureName":"ImageLib","intermediate":false,"time":1561359847420,"animation":false}
06-24 15:04:07.421 10340 10340 E Phenix  : [traceId:80007894@62] | [requestId:59] |UI Thread Process CallBack End.| //gw.alicdn.com/imgextra/i1/73/O1CN01b87Cz31CPTQu2K14h_!!73-0-lubanu.jpg_320x320q90.jpg_.heic
06-24 15:04:07.421 10340 10340 E RxPhenix: [Phenix] requestId=59,UI_QUEUE_SIZE=0
06-24 15:04:07.422 10340 10340 E RxPhenix: [Phenix] [traceId:80007894@62]|end,ret=1,totalTime=163,wait2Main=95,scheduleTime=27,decodeTime=9,networkConnect=27,networkDownload=1
06-24 15:04:07.422 10340 10340 E Phenix  : [traceId:80007894@69] | [requestId:64] |UI Thread Process CallBack Started.| //gw.alicdn.com/imgextra/i1/56/O1CN01ANrxi91CHgfjyGDAO_!!56-2-lubanu.png_320x320q90.jpg
06-24 15:04:07.422 10340 10340 E Phenix  : [traceId:80007894@69] | [requestId:64] |UI Thread Process CallBack End.| //gw.alicdn.com/imgextra/i1/56/O1CN01ANrxi91CHgfjyGDAO_!!56-2-lubanu.png_320x320q90.jpg
06-24 15:04:07.423 10340 10469 E apm.image: ->{"stage":"onFinished","requestId":"64","requestUrl":"\/\/gw.alicdn.com\/imgextra\/i1\/56\/O1CN01ANrxi91CHgfjyGDAO_!!56-2-lubanu.png_320x320q90.jpg","procedureName":"ImageLib","intermediate":false,"time":1561359847422,"animation":false}
06-24 15:04:07.423 10340 10340 E RxPhenix: [Phenix] requestId=64,UI_QUEUE_SIZE=0
06-24 15:04:07.423 10340 10340 E Phenix  : [traceId:80007894@57] | [requestId:54] |UI Thread Process CallBack Started.| //gw.alicdn.com/imgextra/i2/195/O1CN01rD0kyN1DJLlvSF6kg_!!195-0-lubanu.jpg_1200x1200q90.jpg_.heic
06-24 15:04:07.423 10340 10574 E mtopsdk : [seq:MTOP9]|[traceId:80007894@76] |start
06-24 15:04:07.424 10340 10340 E Phenix  : [traceId:80007894@57] | [requestId:54] |UI Thread Process CallBack End.| //gw.alicdn.com/imgextra/i2/195/O1CN01rD0kyN1DJLlvSF6kg_!!195-0-lubanu.jpg_1200x1200q90.jpg_.heic
06-24 15:04:07.424 10340 10438 E apm.image: ->{"stage":"onFinished","requestId":"54","requestUrl":"\/\/gw.alicdn.com\/imgextra\/i2\/195\/O1CN01rD0kyN1DJLlvSF6kg_!!195-0-lubanu.jpg_1200x1200q90.jpg_.heic","procedureName":"ImageLib","intermediate":false,"time":1561359847424,"animation":false}
06-24 15:04:07.424 10340 10340 E RxPhenix: [Phenix] requestId=54,UI_QUEUE_SIZE=0
06-24 15:04:07.424 10340 10340 E RxPhenix: [Phenix] [traceId:80007894@57]|end,ret=1,totalTime=200,wait2Main=90,scheduleTime=4,decodeTime=45,networkConnect=53,networkDownload=6
06-24 15:04:07.425 10340 10340 E Phenix  : [traceId:80007894@70] | [requestId:65] |UI Thread Process CallBack Started.| //gw.alicdn.com/imgextra/i4/63/O1CN01ZRPEuz1CKtTVY6Qtk_!!63-0-lubanu.jpg_320x320q90.jpg_.heic
06-24 15:04:07.425 10340 10563 E Test    : ttid:600000@taobao_android_8.8.3.97826
06-24 15:04:07.426 10340 10340 E Phenix  : [traceId:80007894@70] | [requestId:65] |UI Thread Process CallBack End.| //gw.alicdn.com/imgextra/i4/63/O1CN01ZRPEuz1CKtTVY6Qtk_!!63-0-lubanu.jpg_320x320q90.jpg_.heic
06-24 15:04:07.426 10340 10440 E apm.image: ->{"stage":"onFinished","requestId":"65","requestUrl":"\/\/gw.alicdn.com\/imgextra\/i4\/63\/O1CN01ZRPEuz1CKtTVY6Qtk_!!63-0-lubanu.jpg_320x320q90.jpg_.heic","procedureName":"ImageLib","intermediate":false,"time":1561359847425,"animation":false}
06-24 15:04:07.426 10340 10340 E RxPhenix: [Phenix] requestId=65,UI_QUEUE_SIZE=0
06-24 15:04:07.426 10340 10340 E Phenix  : [traceId:80007894@71] | [requestId:66] |UI Thread Process CallBack Started.| //gw.alicdn.com/imgextra/i1/175/TB2rm2WnuuSBuNjSsplXXbe8pXa_!!175-2-luban.png_320x320q90.jpg
06-24 15:04:07.427 10340 10469 E apm.image: ->{"stage":"onFinished","requestId":"66","requestUrl":"\/\/gw.alicdn.com\/imgextra\/i1\/175\/TB2rm2WnuuSBuNjSsplXXbe8pXa_!!175-2-luban.png_320x320q90.jpg","procedureName":"ImageLib","intermediate":false,"time":1561359847427,"animation":false}
06-24 15:04:07.427 10340 10340 E Phenix  : [traceId:80007894@71] | [requestId:66] |UI Thread Process CallBack End.| //gw.alicdn.com/imgextra/i1/175/TB2rm2WnuuSBuNjSsplXXbe8pXa_!!175-2-luban.png_320x320q90.jpg
06-24 15:04:07.427 10340 10340 E RxPhenix: [Phenix] requestId=66,UI_QUEUE_SIZE=0
06-24 15:04:07.428 10340 10340 E Phenix  : [traceId:80007894@66] | [requestId:62] |UI Thread Process CallBack Started.| //gw.alicdn.com/imgextra/i4/69/O1CN01ndcdKn1CNdoCsnG5D_!!69-2-lubanu.png_320x320q90.jpg
06-24 15:04:07.428 10340 10340 E Phenix  : [traceId:80007894@66] | [requestId:62] |UI Thread Process CallBack End.| //gw.alicdn.com/imgextra/i4/69/O1CN01ndcdKn1CNdoCsnG5D_!!69-2-lubanu.png_320x320q90.jpg
06-24 15:04:07.428 10340 10438 E apm.image: ->{"stage":"onFinished","requestId":"62","requestUrl":"\/\/gw.alicdn.com\/imgextra\/i4\/69\/O1CN01ndcdKn1CNdoCsnG5D_!!69-2-lubanu.png_320x320q90.jpg","procedureName":"ImageLib","intermediate":false,"time":1561359847428,"animation":false}
06-24 15:04:07.428 10340 10340 E RxPhenix: [Phenix] requestId=62,UI_QUEUE_SIZE=0
06-24 15:04:07.429 10340 10340 E RxPhenix: [Phenix] [traceId:80007894@66]|end,ret=1,totalTime=154,wait2Main=70,scheduleTime=18,decodeTime=19,networkConnect=39,networkDownload=3
06-24 15:04:07.429 10340 10340 E Phenix  : [traceId:80007894@72] | [requestId:67] |UI Thread Process CallBack Started.| //gw.alicdn.com/imgextra/i1/197/TB2ezsZnXuWBuNjSspnXXX1NVXa_!!197-0-luban.jpg_320x320q90.jpg_.heic
06-24 15:04:07.429 10340 10574 E anet.UnifiedRequestTask: |[seq:MTOP9.DGRD14] [traceId:80007894@76]start url:https://guide-acs.m.taobao.com/gw/mtop.taobao.lbs.posservice/1.0/?data=%7B%22loc%22%3A%223iGFnndv0gwXJBkK88oBhz1i%2BFZ7Kd5t9TwjULeTose0oAAnLxk2MSRxw8t%2BpjQ8B1ZLfJR2rgaahldBhcIoRj7gB0Wdnycygh9RQkSLsXz5vC16T9zz2UKJH73TUTt2pNerIfjuszK0KZxvh0bC2SBAYbuykzFHYr3g9czIWwOVcPCDXByFYcFQG274oOIfma8kqq8TJVdLLfLdx4r0LvmF6XS7YB3%2FqfMdlEdyZ2ITumlp%2FpJ5MH9g6rZ84Jg4e6izH%2FWQDDCgZZuxfFbmmDoRZqNW6S1Qs1REXOoYFF4Pej3ItT5kYHdMhbZ4VXKfEdMZmr%2FHnYfUqofX1sSzMRIPwaKk%2FrGRG4nxOLxghfg5CIEFLNCrKpPQMUH%2B9rjCrwXtG6mMwSM9rMZZ0GQwuGHO162ojkgfuBVcPPrpE1cdQeR6%2FVcLLQgRk9WSGb%2B6cISTy97cyD6acB35jaQhvyWd9OsS4I%2Ff%2Bw1904iNIzUO%2B18j17yPOc84IqrDIhDXmBy5iCjjd4%2FQke%2BBJfNT7LBe%2BBJOUvsPDkdNrQJ1vSBAvR7AdSibcHron%2B2Q0E2gHuLEh%2FSMimuX75c%2BDWgopv48uWzOFs222jVbVRk%2FgskZz%2FXheFPzrurWNnLOs5iIevKMG6nRY%2BlXGrLafTWHtRDf4bjSUiNncV1w2Q8gDZwNvzdRX8WFdJk5wZ7lKV9B8lH9wX2KFviXY4pN9SqknDFfLhYvC9jgWK%2BbxLFHQz3uz%2F6jN%2BbuurZ7FRbSdF8riWU9NGIojS%2Bc6hkk%2BhESnXZdqgQXS3TG2F%2FML8b0%2Buc9B4F4U%2FH8K7f6coe2iox1fPOs6ZIySOuAiYLBpqB39B1SmX2HW1K02SXQvw4Qe2kYt660WsA7Ip%2BF80t5%2FxEjacfGjrQt54GpiCLbKd06LmTccPo12b5og34XAeVDH84FiowYaKbg6VdNR22j3DnQrGiUP8dzbRoERL2Iw0WxruSzY3dyn7Z6zCIR%2Bx95Vyr2VS8H09j%2F8%2BgmbepgsS%2BAca2AVDYiTbUI8uE2XN3T2ke30CZUr6IQRwDjIb3PrZVGyT6CR8QcU7yG7kLkBBWHUcT6dzNcDqbk9kAbZDk%2BWjipXZLfxUl%2BZ%2FiRYNH%2B4VeOXq6lpN2ubkDCdgsP5g6M%22%2C%22locVersion%22%3A%221.1%22%7D
06-24 15:04:07.430 10340 10340 E Phenix  : [traceId:80007894@72] | [requestId:67] |UI Thread Process CallBack End.| //gw.alicdn.com/imgextra/i1/197/TB2ezsZnXuWBuNjSspnXXX1NVXa_!!197-0-luban.jpg_320x320q90.jpg_.heic
06-24 15:04:07.430 10340 10440 E apm.image: ->{"stage":"onFinished","requestId":"67","requestUrl":"\/\/gw.alicdn.com\/imgextra\/i1\/197\/TB2ezsZnXuWBuNjSspnXXX1NVXa_!!197-0-luban.jpg_320x320q90.jpg_.heic","procedureName":"ImageLib","intermediate":false,"time":1561359847429,"animation":false}
06-24 15:04:07.430 10340 10340 E RxPhenix: [Phenix] requestId=67,UI_QUEUE_SIZE=0
06-24 15:04:07.430 10340 10340 E RxPhenix: [Phenix] [traceId:80007894@72]|end,ret=1,totalTime=128,wait2Main=68,scheduleTime=5,decodeTime=6,networkConnect=46,networkDownload=1
06-24 15:04:07.450 10340 10469 E apm.ActivityLifeCycle: ->onActivityStopped->Welcome
06-24 15:04:07.453 10340 10438 E apm.ActivityLifeCycle: ->onActivityDestroyed->Welcome
06-24 15:04:07.459 10340 10340 E WindowManager: 
06-24 15:04:07.459 10340 10340 E WindowManager: android.view.WindowLeaked: Activity com.taobao.tao.welcome.Welcome has leaked window DecorView@d14c5e7[Welcome] that was originally added here
06-24 15:04:07.459 10340 10340 E WindowManager: 	at android.view.ViewRootImpl.<init>(ViewRootImpl.java:511)
06-24 15:04:07.459 10340 10340 E WindowManager: 	at android.view.WindowManagerGlobal.addView(WindowManagerGlobal.java:346)
06-24 15:04:07.459 10340 10340 E WindowManager: 	at android.view.WindowManagerImpl.addView(WindowManagerImpl.java:93)
06-24 15:04:07.459 10340 10340 E WindowManager: 	at android.app.Dialog.show(Dialog.java:329)
06-24 15:04:07.459 10340 10340 E WindowManager: 	at android.app.AlertDialog$Builder.show(AlertDialog.java:1125)
06-24 15:04:07.459 10340 10340 E WindowManager: 	at android.app.Activity.performStart(Activity.java:7220)
06-24 15:04:07.459 10340 10340 E WindowManager: 	at android.app.ActivityThread.handleStartActivity(ActivityThread.java:2975)
06-24 15:04:07.459 10340 10340 E WindowManager: 	at android.app.servertransaction.TransactionExecutor.performLifecycleSequence(TransactionExecutor.java:180)
06-24 15:04:07.459 10340 10340 E WindowManager: 	at android.app.servertransaction.TransactionExecutor.cycleToPath(TransactionExecutor.java:165)
06-24 15:04:07.459 10340 10340 E WindowManager: 	at android.app.servertransaction.TransactionExecutor.executeLifecycleState(TransactionExecutor.java:142)
06-24 15:04:07.459 10340 10340 E WindowManager: 	at android.app.servertransaction.TransactionExecutor.execute(TransactionExecutor.java:70)
