06-24 15:04:06.886 10340 10537 E Phenix  : [traceId:80007894@47] | [requestId:45] |DiskCache Writer Ended.| //gw.alicdn.com/imgextra/i1/64/O1CN01Yamg3T1CLLpyJa7Zs_!!64-0-lubanu.jpg_320x320q90.jpg_.heic
06-24 15:04:06.886 10340 10533 E PexodeJNI: [listen] HEVCDecode : 133, use_scaling: 0
06-24 15:04:06.887 10340 10537 E Phenix  : [traceId:80007894@48] | [requestId:46] |Decode Started.| https://gw.alicdn.com/tfs/TB1LQoJQ9zqK1RjSZFpXXakSXXa-525-60.png?getAvatar=1
06-24 15:04:06.890 10340 10510 E PexodeJNI: [listen] HEVCDecode : 133, use_scaling: 0
06-24 15:04:06.890 10340 10510 E FFMPEG  : @jiyu, hevcdebug: file=libavcodec/arm/hevcdsp_init_neon.c,func=ff_hevc_debug_debug,line=3525
06-24 15:04:06.890 10340 10510 E FFMPEG  : 
06-24 15:04:06.890 10340 10510 E FFMPEG  : hevcdebug: file=libavcodec/arm/hevcdsp_init_neon.c,func=ff_hevcdsp_init_neon,line=3591
06-24 15:04:06.890 10340 10510 E FFMPEG  :  using armv7: hevc opt. 
06-24 15:04:06.890 10340 10510 E FFMPEG  : hevcdebug: file=libavcodec/arm/hevcdsp_init_neon.c,func=ff_hevcdsp_init_neon,line=3738
06-24 15:04:06.890 10340 10510 E FFMPEG  :  c=ca76a81c,p=bd42c655 
06-24 15:04:06.890 10340 10533 E Phenix  : [traceId:80007894@50] | [requestId:48] |Decode Finished.| //gw.alicdn.com/imgextra/i4/34/O1CN01WimEnY1C7bxZ1kRXK_!!34-0-lubanu.jpg_320x320q90.jpg_.heic
06-24 15:04:06.891 10340 10533 E Phenix  : [traceId:80007894@50] | [requestId:48] |DiskCache Writer Started.| //gw.alicdn.com/imgextra/i4/34/O1CN01WimEnY1C7bxZ1kRXK_!!34-0-lubanu.jpg_320x320q90.jpg_.heic
06-24 15:04:06.891 10340 10533 E Phenix  : [traceId:80007894@50] | [requestId:48] |Dispatch Image to UI Thread.| //gw.alicdn.com/imgextra/i4/34/O1CN01WimEnY1C7bxZ1kRXK_!!34-0-lubanu.jpg_320x320q90.jpg_.heic
06-24 15:04:06.892 10340 10533 E Phenix  : [traceId:80007894@50] | [requestId:48] |DiskCache Writer Ended.| //gw.alicdn.com/imgextra/i4/34/O1CN01WimEnY1C7bxZ1kRXK_!!34-0-lubanu.jpg_320x320q90.jpg_.heic
06-24 15:04:06.892 10340 10533 E Phenix  : [traceId:80007894@46] | [requestId:44] |Decode Started.| //gw.alicdn.com/imgextra/i2/110/O1CN01bRtm8c1CgQ4werZVb_!!110-2-lubanu.png_320x320q90.jpg
06-24 15:04:06.895 10340 10340 E Phenix  : TUrlImageView setImageUrl | url= null| mLoadState:0| forceLoad:false| hostView:com.taobao.android.home.component.view.HImageView{13f1f17 V.ED..... ......I. 0,0-0,0}
06-24 15:04:06.896 10340 10438 E apm.image: ->{"stage":"setImageUrl","log":"TUrlImageView setImageUrl | url= null| mLoadState:0| forceLoad:false| hostView:com.taobao.android.home.component.view.HImageView{13f1f17 V.ED..... ......I. 0,0-0,0}","url":null,"requestId":"IMAGE","requestUrl":"","procedureName":"ImageLib"}
06-24 15:04:06.896 10340 10340 E Phenix  : TUrlImageView setImageUrl | url= null| mLoadState:0| forceLoad:false| hostView:com.taobao.android.home.component.view.HImageView{6236f04 V.ED..... ......I. 0,0-0,0}
06-24 15:04:06.896 10340 10340 E Phenix  : TUrlImageView setImageUrl | url= null| mLoadState:0| forceLoad:false| hostView:com.taobao.android.home.component.view.HImageView{a01aced V.ED..... ......I. 0,0-0,0}
06-24 15:04:06.896 10340 10469 E apm.image: ->{"stage":"setImageUrl","log":"TUrlImageView setImageUrl | url= null| mLoadState:0| forceLoad:false| hostView:com.taobao.android.home.component.view.HImageView{6236f04 V.ED..... ......I. 0,0-0,0}","url":null,"requestId":"IMAGE","requestUrl":"","procedureName":"ImageLib"}
06-24 15:04:06.897 10340 10340 E Phenix  : TUrlImageView setImageUrl | url= null| mLoadState:0| forceLoad:false| hostView:com.taobao.android.home.component.view.HImageView{1b50722 V.ED..... ......I. 0,0-0,0}
06-24 15:04:06.897 10340 10440 E apm.image: ->{"stage":"setImageUrl","log":"TUrlImageView setImageUrl | url= null| mLoadState:0| forceLoad:false| hostView:com.taobao.android.home.component.view.HImageView{a01aced V.ED..... ......I. 0,0-0,0}","url":null,"requestId":"IMAGE","requestUrl":"","procedureName":"ImageLib"}
06-24 15:04:06.897 10340 10438 E apm.image: ->{"stage":"setImageUrl","log":"TUrlImageView setImageUrl | url= null| mLoadState:0| forceLoad:false| hostView:com.taobao.android.home.component.view.HImageView{1b50722 V.ED..... ......I. 0,0-0,0}","url":null,"requestId":"IMAGE","requestUrl":"","procedureName":"ImageLib"}
06-24 15:04:06.897 10340 10340 E Phenix  : TUrlImageView setImageUrl | url= null| mLoadState:0| forceLoad:false| hostView:com.taobao.android.home.component.view.HImageView{88c95b3 V.ED..... ......I. 0,0-0,0}
06-24 15:04:06.898 10340 10340 E Phenix  : TUrlImageView setImageUrl | url= null| mLoadState:0| forceLoad:false| hostView:com.taobao.android.home.component.view.HImageView{4ea7770 V.ED..... ......I. 0,0-0,0}
06-24 15:04:06.898 10340 10469 E apm.image: ->{"stage":"setImageUrl","log":"TUrlImageView setImageUrl | url= null| mLoadState:0| forceLoad:false| hostView:com.taobao.android.home.component.view.HImageView{88c95b3 V.ED..... ......I. 0,0-0,0}","url":null,"requestId":"IMAGE","requestUrl":"","procedureName":"ImageLib"}
06-24 15:04:06.898 10340 10440 E apm.image: ->{"stage":"setImageUrl","log":"TUrlImageView setImageUrl | url= null| mLoadState:0| forceLoad:false| hostView:com.taobao.android.home.component.view.HImageView{4ea7770 V.ED..... ......I. 0,0-0,0}","url":null,"requestId":"IMAGE","requestUrl":"","procedureName":"ImageLib"}
06-24 15:04:06.898 10340 10340 E Phenix  : TUrlImageView setImageUrl | url= null| mLoadState:0| forceLoad:false| hostView:com.taobao.android.home.component.view.HImageView{8d92ae9 V.ED..... ......I. 0,0-0,0}
06-24 15:04:06.899 10340 10469 E apm.image: ->{"stage":"setImageUrl","log":"TUrlImageView setImageUrl | url= null| mLoadState:0| forceLoad:false| hostView:com.taobao.android.home.component.view.HImageView{8d92ae9 V.ED..... ......I. 0,0-0,0}","url":null,"requestId":"IMAGE","requestUrl":"","procedureName":"ImageLib"}
06-24 15:04:06.899 10340 10340 E Phenix  : TUrlImageView setImageUrl | url= null| mLoadState:0| forceLoad:false| hostView:com.taobao.android.home.component.view.HImageView{8c0736e I.ED..... ......I. 0,0-0,0 #7f113724 app:id/tab_festival}
06-24 15:04:06.900 10340 10537 E Phenix  : [traceId:80007894@48] | [requestId:46] |Decode Finished.| https://gw.alicdn.com/tfs/TB1LQoJQ9zqK1RjSZFpXXakSXXa-525-60.png?getAvatar=1
06-24 15:04:06.900 10340 10440 E apm.image: ->{"stage":"setImageUrl","log":"TUrlImageView setImageUrl | url= null| mLoadState:0| forceLoad:false| hostView:com.taobao.android.home.component.view.HImageView{8c0736e I.ED..... ......I. 0,0-0,0 #7f113724 app:id\/tab_festival}","url":null,"requestId":"IMAGE","requestUrl":"","procedureName":"ImageLib"}
06-24 15:04:06.900 10340 10537 E Phenix  : [traceId:80007894@48] | [requestId:46] |DiskCache Writer Started.| https://gw.alicdn.com/tfs/TB1LQoJQ9zqK1RjSZFpXXakSXXa-525-60.png?getAvatar=1
06-24 15:04:06.901 10340 10537 E Phenix  : [traceId:80007894@48] | [requestId:46] |Dispatch Image to UI Thread.| https://gw.alicdn.com/tfs/TB1LQoJQ9zqK1RjSZFpXXakSXXa-525-60.png?getAvatar=1
06-24 15:04:06.901 10340 10340 E Phenix  : TUrlImageView setImageUrl | url= null| mLoadState:0| forceLoad:false| hostView:com.taobao.android.home.component.view.HImageView{d04587a I.ED..... ......I. 0,0-0,0 #7f113724 app:id/tab_festival}
06-24 15:04:06.902 10340 10537 E Phenix  : [traceId:80007894@48] | [requestId:46] |DiskCache Writer Ended.| https://gw.alicdn.com/tfs/TB1LQoJQ9zqK1RjSZFpXXakSXXa-525-60.png?getAvatar=1
06-24 15:04:06.902 10340 10438 E apm.image: ->{"stage":"setImageUrl","log":"TUrlImageView setImageUrl | url= null| mLoadState:0| forceLoad:false| hostView:com.taobao.android.home.component.view.HImageView{d04587a I.ED..... ......I. 0,0-0,0 #7f113724 app:id\/tab_festival}","url":null,"requestId":"IMAGE","requestUrl":"","procedureName":"ImageLib"}
06-24 15:04:06.904 10340 10340 E Phenix  : TUrlImageView setImageUrl | url= null| mLoadState:0| forceLoad:false| hostView:com.taobao.android.home.component.view.HImageView{62b082b I.ED..... ......I. 0,0-0,0 #7f113724 app:id/tab_festival}
06-24 15:04:06.904 10340 10533 E Phenix  : [traceId:80007894@46] | [requestId:44] |Decode Finished.| //gw.alicdn.com/imgextra/i2/110/O1CN01bRtm8c1CgQ4werZVb_!!110-2-lubanu.png_320x320q90.jpg
06-24 15:04:06.904 10340 10533 E Phenix  : [traceId:80007894@46] | [requestId:44] |DiskCache Writer Started.| //gw.alicdn.com/imgextra/i2/110/O1CN01bRtm8c1CgQ4werZVb_!!110-2-lubanu.png_320x320q90.jpg
06-24 15:04:06.905 10340 10554 E Phenix  : [traceId:80007894@53] | [requestId:51] |Decode Started.| //gw.alicdn.com/imgextra/i3/102/O1CN01us3MLv1Cckur1C16a_!!102-0-lubanu.jpg_320x320q90.jpg_.heic
06-24 15:04:06.905 10340 10533 E Phenix  : [traceId:80007894@46] | [requestId:44] |Dispatch Image to UI Thread.| //gw.alicdn.com/imgextra/i2/110/O1CN01bRtm8c1CgQ4werZVb_!!110-2-lubanu.png_320x320q90.jpg
06-24 15:04:06.905 10340 10533 E Phenix  : [traceId:80007894@46] | [requestId:44] |DiskCache Writer Ended.| //gw.alicdn.com/imgextra/i2/110/O1CN01bRtm8c1CgQ4werZVb_!!110-2-lubanu.png_320x320q90.jpg
06-24 15:04:06.905 10340 10469 E apm.image: ->{"stage":"setImageUrl","log":"TUrlImageView setImageUrl | url= null| mLoadState:0| forceLoad:false| hostView:com.taobao.android.home.component.view.HImageView{62b082b I.ED..... ......I. 0,0-0,0 #7f113724 app:id\/tab_festival}","url":null,"requestId":"IMAGE","requestUrl":"","procedureName":"ImageLib"}
06-24 15:04:06.906 10340 10340 E Phenix  : TUrlImageView setImageUrl | url= null| mLoadState:0| forceLoad:false| hostView:com.taobao.android.home.component.view.HImageView{34ffc07 I.ED..... ......I. 0,0-0,0 #7f113724 app:id/tab_festival}
06-24 15:04:06.906 10340 10533 E Phenix  : [traceId:80007894@39] | [requestId:37] |Decode Started.| //gw.alicdn.com/imgextra/i1/36/O1CN01GncHuy1C8WjvC0Gum_!!36-2-lubanu.png_320x320q90.jpg
06-24 15:04:06.907 10340 10340 E Phenix  : TUrlImageView setImageUrl | url= null| mLoadState:0| forceLoad:false| hostView:com.taobao.android.home.component.view.HImageView{c42a134 I.ED..... ......I. 0,0-0,0 #7f113724 app:id/tab_festival}
06-24 15:04:06.907 10340 10440 E apm.image: ->{"stage":"setImageUrl","log":"TUrlImageView setImageUrl | url= null| mLoadState:0| forceLoad:false| hostView:com.taobao.android.home.component.view.HImageView{34ffc07 I.ED..... ......I. 0,0-0,0 #7f113724 app:id\/tab_festival}","url":null,"requestId":"IMAGE","requestUrl":"","procedureName":"ImageLib"}
06-24 15:04:06.908 10340 10438 E apm.image: ->{"stage":"setImageUrl","log":"TUrlImageView setImageUrl | url= null| mLoadState:0| forceLoad:false| hostView:com.taobao.android.home.component.view.HImageView{c42a134 I.ED..... ......I. 0,0-0,0 #7f113724 app:id\/tab_festival}","url":null,"requestId":"IMAGE","requestUrl":"","procedureName":"ImageLib"}
06-24 15:04:06.908 10340 10340 E Phenix  : TUrlImageView setImageUrl | url= null| mLoadState:0| forceLoad:false| hostView:com.taobao.android.home.component.view.HImageView{7b4ab5d I.ED..... ......I. 0,0-0,0 #7f113724 app:id/tab_festival}
06-24 15:04:06.908 10340 10438 E apm.image: ->{"stage":"setImageUrl","log":"TUrlImageView setImageUrl | url= null| mLoadState:0| forceLoad:false| hostView:com.taobao.android.home.component.view.HImageView{7b4ab5d I.ED..... ......I. 0,0-0,0 #7f113724 app:id\/tab_festival}","url":null,"requestId":"IMAGE","requestUrl":"","procedureName":"ImageLib"}
06-24 15:04:06.908 10340 10340 E Phenix  : TUrlImageView setImageUrl | url= null| mLoadState:0| forceLoad:false| hostView:com.taobao.android.home.component.view.HImageView{b117cd2 I.ED..... ......I. 0,0-0,0 #7f113724 app:id/tab_festival}
06-24 15:04:06.909 10340 10440 E apm.image: ->{"stage":"setImageUrl","log":"TUrlImageView setImageUrl | url= null| mLoadState:0| forceLoad:false| hostView:com.taobao.android.home.component.view.HImageView{b117cd2 I.ED..... ......I. 0,0-0,0 #7f113724 app:id\/tab_festival}","url":null,"requestId":"IMAGE","requestUrl":"","procedureName":"ImageLib"}
06-24 15:04:06.909 10340 10340 E Phenix  : [traceId:80007894@6] | [requestId:3] |UI Thread Process CallBack Started.| https://gw.alicdn.com/simba/img/TB1VMK8bRGE3KVjSZFhSuwkaFXa.jpg_1200x1200q75.jpg_.heic
06-24 15:04:06.910 10340 10554 E PexodeJNI: [listen] HEVCDecode : 133, use_scaling: 0
06-24 15:04:06.911 10340 10340 E Phenix  : [traceId:80007894@6] | [requestId:3] |UI Thread Process CallBack End.| https://gw.alicdn.com/simba/img/TB1VMK8bRGE3KVjSZFhSuwkaFXa.jpg_1200x1200q75.jpg_.heic
06-24 15:04:06.911 10340 10340 E RxPhenix: [Phenix] requestId=3,UI_QUEUE_SIZE=0
06-24 15:04:06.911 10340 10340 E RxPhenix: [Phenix] [traceId:80007894@6]|end,ret=1,totalTime=893,wait2Main=752,scheduleTime=21,decodeTime=10,networkConnect=103,networkDownload=2
06-24 15:04:06.913 10340 10554 E Phenix  : [traceId:80007894@53] | [requestId:51] |Decode Finished.| //gw.alicdn.com/imgextra/i3/102/O1CN01us3MLv1Cckur1C16a_!!102-0-lubanu.jpg_320x320q90.jpg_.heic
06-24 15:04:06.914 10340 10554 E Phenix  : [traceId:80007894@53] | [requestId:51] |DiskCache Writer Started.| //gw.alicdn.com/imgextra/i3/102/O1CN01us3MLv1Cckur1C16a_!!102-0-lubanu.jpg_320x320q90.jpg_.heic
06-24 15:04:06.914 10340 10510 E Phenix  : [traceId:80007894@42] | [requestId:40] |Decode Finished.| //gw.alicdn.com/tps/O1CN01SOYULS22eup9xDU5F_!!0-juitemmedia.jpg_320x320q90.jpg_.heic
06-24 15:04:06.915 10340 10554 E Phenix  : [traceId:80007894@53] | [requestId:51] |Dispatch Image to UI Thread.| //gw.alicdn.com/imgextra/i3/102/O1CN01us3MLv1Cckur1C16a_!!102-0-lubanu.jpg_320x320q90.jpg_.heic
06-24 15:04:06.915 10340 10510 E Phenix  : [traceId:80007894@42] | [requestId:40] |DiskCache Writer Started.| //gw.alicdn.com/tps/O1CN01SOYULS22eup9xDU5F_!!0-juitemmedia.jpg_320x320q90.jpg_.heic
06-24 15:04:06.916 10340 10554 E Phenix  : [traceId:80007894@53] | [requestId:51] |DiskCache Writer Ended.| //gw.alicdn.com/imgextra/i3/102/O1CN01us3MLv1Cckur1C16a_!!102-0-lubanu.jpg_320x320q90.jpg_.heic
06-24 15:04:06.917 10340 10510 E Phenix  : [traceId:80007894@42] | [requestId:40] |Dispatch Image to UI Thread.| //gw.alicdn.com/tps/O1CN01SOYULS22eup9xDU5F_!!0-juitemmedia.jpg_320x320q90.jpg_.heic
06-24 15:04:06.917 10340 10510 E Phenix  : [traceId:80007894@42] | [requestId:40] |DiskCache Writer Ended.| //gw.alicdn.com/tps/O1CN01SOYULS22eup9xDU5F_!!0-juitemmedia.jpg_320x320q90.jpg_.heic
06-24 15:04:06.918 10340 10554 E Phenix  : [traceId:80007894@52] | [requestId:50] |Decode Started.| //gw.alicdn.com/imgextra/i4/144/TB2LsUqnxSYBuNjSspjXXX73VXa_!!144-2-luban.png_320x320q90.jpg
06-24 15:04:06.918 10340 10340 E guzhan  : postEvent ActionProcessEvent  DataSourceRefreshedEvent
06-24 15:04:06.919 10340 10510 E Phenix  : [traceId:80007894@49] | [requestId:47] |Decode Started.| //gw.alicdn.com/imgextra/i3/48/O1CN01PTGIoc1CE1X1ZkWTk_!!48-2-lubanu.png_320x320q90.jpg
06-24 15:04:06.919 10340 10340 E mtopsdk : [seq:MTOP1]|[traceId:80007894@1] |MtopStatistics,apiKey=mtop.taobao.wireless.home.awesome.get$1.0,httpResponseStatus=200,retCode=SUCCESS,retType=0,reqSource=0,mappingCode=null,isCbMain=true,isReqMain=false,isReqSync=false,mtopTotalTime=860,waitExecuteTime=1,waitExecute2BuildParamTime=44,buildParamsTime=7,buildParams2NetworkTime=23,networkTotalTime=784,waitCallbackTime=0,startCallBack2EndTime=1,computeSignTime=5,computeMiniWuaTime=2,computeWuaTime=0,cacheSwitch=1,cacheHitType=0,cacheCostTime=0,cacheResponseParseTime=0,useSecurityAdapter=0,oneWayTime_ANet=378,resultCode=200,isRequestSuccess=true,host=guide-acs.m.taobao.com,ip_port=120.77.134.3:443,isSSL=true,connType=http2_0rtt_acs,processTime=35,firstDataTime=298,recDataTime=37,sendWaitTime=1,serverRT=263,sendSize=1547,recvSize=101834,dataSpeed=2752,retryTimes=0
06-24 15:04:06.924 10340 10533 E Phenix  : [traceId:80007894@39] | [requestId:37] |Decode Finished.| //gw.alicdn.com/imgextra/i1/36/O1CN01GncHuy1C8WjvC0Gum_!!36-2-lubanu.png_320x320q90.jpg
06-24 15:04:06.925 10340 10533 E Phenix  : [traceId:80007894@39] | [requestId:37] |DiskCache Writer Started.| //gw.alicdn.com/imgextra/i1/36/O1CN01GncHuy1C8WjvC0Gum_!!36-2-lubanu.png_320x320q90.jpg
06-24 15:04:06.926 10340 10533 E Phenix  : [traceId:80007894@39] | [requestId:37] |Dispatch Image to UI Thread.| //gw.alicdn.com/imgextra/i1/36/O1CN01GncHuy1C8WjvC0Gum_!!36-2-lubanu.png_320x320q90.jpg
06-24 15:04:06.927 10340 10533 E Phenix  : [traceId:80007894@39] | [requestId:37] |DiskCache Writer Ended.| //gw.alicdn.com/imgextra/i1/36/O1CN01GncHuy1C8WjvC0Gum_!!36-2-lubanu.png_320x320q90.jpg
06-24 15:04:06.928 10340 10533 E Phenix  : [traceId:80007894@51] | [requestId:49] |Decode Started.| https://gw.alicdn.com/tfs/TB19.nrQwHqK1RjSZFPXXcwapXa-525-60.png?getAvatar=1
06-24 15:04:06.933 10340 10476 E jojo    : finish dataProcessor
06-24 15:04:06.933 10340 10476 E guzhan  : postEvent UiRefreshEvent  DataSourceRefreshedEvent
06-24 15:04:06.935 10340 10533 E Phenix  : [traceId:80007894@51] | [requestId:49] |Decode Finished.| https://gw.alicdn.com/tfs/TB19.nrQwHqK1RjSZFPXXcwapXa-525-60.png?getAvatar=1
06-24 15:04:06.937 10340 10554 E Phenix  : [traceId:80007894@52] | [requestId:50] |Decode Finished.| //gw.alicdn.com/imgextra/i4/144/TB2LsUqnxSYBuNjSspjXXX73VXa_!!144-2-luban.png_320x320q90.jpg
06-24 15:04:06.938 10340 10533 E Phenix  : [traceId:80007894@51] | [requestId:49] |DiskCache Writer Started.| https://gw.alicdn.com/tfs/TB19.nrQwHqK1RjSZFPXXcwapXa-525-60.png?getAvatar=1
06-24 15:04:06.938 10340 10554 E Phenix  : [traceId:80007894@52] | [requestId:50] |DiskCache Writer Started.| //gw.alicdn.com/imgextra/i4/144/TB2LsUqnxSYBuNjSspjXXX73VXa_!!144-2-luban.png_320x320q90.jpg
06-24 15:04:06.939 10340 10533 E Phenix  : [traceId:80007894@51] | [requestId:49] |Dispatch Image to UI Thread.| https://gw.alicdn.com/tfs/TB19.nrQwHqK1RjSZFPXXcwapXa-525-60.png?getAvatar=1
06-24 15:04:06.939 10340 10533 E Phenix  : [traceId:80007894@51] | [requestId:49] |DiskCache Writer Ended.| https://gw.alicdn.com/tfs/TB19.nrQwHqK1RjSZFPXXcwapXa-525-60.png?getAvatar=1
06-24 15:04:06.941 10340 10554 E Phenix  : [traceId:80007894@52] | [requestId:50] |Dispatch Image to UI Thread.| //gw.alicdn.com/imgextra/i4/144/TB2LsUqnxSYBuNjSspjXXX73VXa_!!144-2-luban.png_320x320q90.jpg
06-24 15:04:06.941 10340 10554 E Phenix  : [traceId:80007894@52] | [requestId:50] |DiskCache Writer Ended.| //gw.alicdn.com/imgextra/i4/144/TB2LsUqnxSYBuNjSspjXXX73VXa_!!144-2-luban.png_320x320q90.jpg
06-24 15:04:06.942 10340 10340 E ApplicationInvoker: successfully invoke start application com.taobao.passivelocation.PassiveLocationApplication
06-24 15:04:06.945 10340 10510 E Phenix  : [traceId:80007894@49] | [requestId:47] |Decode Finished.| //gw.alicdn.com/imgextra/i3/48/O1CN01PTGIoc1CE1X1ZkWTk_!!48-2-lubanu.png_320x320q90.jpg
06-24 15:04:06.945 10340 10510 E Phenix  : [traceId:80007894@49] | [requestId:47] |DiskCache Writer Started.| //gw.alicdn.com/imgextra/i3/48/O1CN01PTGIoc1CE1X1ZkWTk_!!48-2-lubanu.png_320x320q90.jpg
06-24 15:04:06.945 10340 10510 E Phenix  : [traceId:80007894@49] | [requestId:47] |Dispatch Image to UI Thread.| //gw.alicdn.com/imgextra/i3/48/O1CN01PTGIoc1CE1X1ZkWTk_!!48-2-lubanu.png_320x320q90.jpg
06-24 15:04:06.946 10340 10510 E Phenix  : [traceId:80007894@49] | [requestId:47] |DiskCache Writer Ended.| //gw.alicdn.com/imgextra/i3/48/O1CN01PTGIoc1CE1X1ZkWTk_!!48-2-lubanu.png_320x320q90.jpg
06-24 15:04:06.960 10340 10340 E Phenix  : [traceId:80007894@10] | [requestId:8] |UI Thread Process CallBack Started.| https://gw.alicdn.com/tps/TB14vOGPpXXXXaIXVXXXXXXXXXX-75-39.png_90x90q75.jpg
06-24 15:04:06.962 10340 10340 E Phenix  : [traceId:80007894@10] | [requestId:8] |UI Thread Process CallBack End.| https://gw.alicdn.com/tps/TB14vOGPpXXXXaIXVXXXXXXXXXX-75-39.png_90x90q75.jpg
06-24 15:04:06.962 10340 10469 E apm.image: ->{"stage":"onFinished","requestId":"8","requestUrl":"https:\/\/gw.alicdn.com\/tps\/TB14vOGPpXXXXaIXVXXXXXXXXXX-75-39.png_90x90q75.jpg","procedureName":"ImageLib","intermediate":false,"time":1561359846961,"animation":false}
06-24 15:04:06.963 10340 10340 E RxPhenix: [Phenix] requestId=8,UI_QUEUE_SIZE=0
06-24 15:04:06.963 10340 10340 E Phenix  : [traceId:80007894@15] | [requestId:13] |UI Thread Process CallBack Started.| https://gw.alicdn.com/tfs/TB1O_AyVwHqK1RjSZFPXXcwapXa-183-144.png?getAvatar=1
06-24 15:04:06.964 10340 10340 E Phenix  : [traceId:80007894@15] | [requestId:13] |UI Thread Process CallBack End.| https://gw.alicdn.com/tfs/TB1O_AyVwHqK1RjSZFPXXcwapXa-183-144.png?getAvatar=1
06-24 15:04:06.964 10340 10438 E apm.image: ->{"stage":"onFinished","requestId":"13","requestUrl":"https:\/\/gw.alicdn.com\/tfs\/TB1O_AyVwHqK1RjSZFPXXcwapXa-183-144.png?getAvatar=1","procedureName":"ImageLib","intermediate":false,"time":1561359846964,"animation":false}
06-24 15:04:06.964 10340 10340 E RxPhenix: [Phenix] requestId=13,UI_QUEUE_SIZE=0
06-24 15:04:06.965 10340 10340 E Phenix  : [traceId:80007894@9] | [requestId:7] |UI Thread Process CallBack Started.| //gw.alicdn.com/imgextra/i2/28/O1CN01nM4CDf1C4rd1ZL0I5_!!28-0-lubanu.jpg_1200x1200q75.jpg_.heic
06-24 15:04:06.965 10340 10340 E home.HImageView: requestlayout 拦截
06-24 15:04:06.966 10340 10340 E Phenix  : [traceId:80007894@9] | [requestId:7] |UI Thread Process CallBack End.| //gw.alicdn.com/imgextra/i2/28/O1CN01nM4CDf1C4rd1ZL0I5_!!28-0-lubanu.jpg_1200x1200q75.jpg_.heic
06-24 15:04:06.967 10340 10440 E apm.image: ->{"stage":"onFinished","requestId":"7","requestUrl":"\/\/gw.alicdn.com\/imgextra\/i2\/28\/O1CN01nM4CDf1C4rd1ZL0I5_!!28-0-lubanu.jpg_1200x1200q75.jpg_.heic","procedureName":"ImageLib","intermediate":false,"time":1561359846966,"animation":false}
06-24 15:04:06.967 10340 10340 E RxPhenix: [Phenix] requestId=7,UI_QUEUE_SIZE=0
06-24 15:04:06.968 10340 10340 E Phenix  : [traceId:80007894@11] | [requestId:9] |UI Thread Process CallBack Started.| https://gw.alicdn.com/tfs/TB1ayGPCq6qK1RjSZFmXXX0PFXa-1125-443.png_1200x1200q90.jpg
06-24 15:04:06.970 10340 10340 E Phenix  : [traceId:80007894@11] | [requestId:9] |UI Thread Process CallBack End.| https://gw.alicdn.com/tfs/TB1ayGPCq6qK1RjSZFmXXX0PFXa-1125-443.png_1200x1200q90.jpg
06-24 15:04:06.970 10340 10469 E apm.image: ->{"stage":"onFinished","requestId":"9","requestUrl":"https:\/\/gw.alicdn.com\/tfs\/TB1ayGPCq6qK1RjSZFmXXX0PFXa-1125-443.png_1200x1200q90.jpg","procedureName":"ImageLib","intermediate":false,"time":1561359846968,"animation":false}
06-24 15:04:06.971 10340 10340 E RxPhenix: [Phenix] requestId=9,UI_QUEUE_SIZE=0
06-24 15:04:06.974 10340 10340 E Phenix  : [traceId:80007894@12] | [requestId:10] |UI Thread Process CallBack Started.| https://gw.alicdn.com/tfs/TB1_Dn4dUGF3KVjSZFmXXbqPXXa-183-144.png_200x200q90.jpg
06-24 15:04:06.975 10340 10340 E Phenix  : [traceId:80007894@12] | [requestId:10] |UI Thread Process CallBack End.| https://gw.alicdn.com/tfs/TB1_Dn4dUGF3KVjSZFmXXbqPXXa-183-144.png_200x200q90.jpg
06-24 15:04:06.975 10340 10438 E apm.image: ->{"stage":"onFinished","requestId":"10","requestUrl":"https:\/\/gw.alicdn.com\/tfs\/TB1_Dn4dUGF3KVjSZFmXXbqPXXa-183-144.png_200x200q90.jpg","procedureName":"ImageLib","intermediate":false,"time":1561359846975,"animation":false}
06-24 15:04:06.976 10340 10340 E RxPhenix: [Phenix] requestId=10,UI_QUEUE_SIZE=0
06-24 15:04:06.976 10340 10340 E Phenix  : [traceId:80007894@13] | [requestId:11] |UI Thread Process CallBack Started.| https://gw.alicdn.com/tfs/TB1zMQqVCzqK1RjSZFLXXcn2XXa-185-144.png?getAvatar=1
06-24 15:04:06.977 10340 10340 E Phenix  : [traceId:80007894@13] | [requestId:11] |UI Thread Process CallBack End.| https://gw.alicdn.com/tfs/TB1zMQqVCzqK1RjSZFLXXcn2XXa-185-144.png?getAvatar=1
06-24 15:04:06.977 10340 10340 E RxPhenix: [Phenix] requestId=11,UI_QUEUE_SIZE=0
06-24 15:04:06.978 10340 10440 E apm.image: ->{"stage":"onFinished","requestId":"11","requestUrl":"https:\/\/gw.alicdn.com\/tfs\/TB1zMQqVCzqK1RjSZFLXXcn2XXa-185-144.png?getAvatar=1","procedureName":"ImageLib","intermediate":false,"time":1561359846977,"animation":false}
06-24 15:04:06.980 10340 10340 E Phenix  : [traceId:80007894@16] | [requestId:14] |UI Thread Process CallBack Started.| https://gw.alicdn.com/tfs/TB19uWKXkCy2eVjSZPfXXbdgpXa-183-144.png?getAvatar=1
06-24 15:04:06.981 10340 10387 E PopLayer: [PoplayerSDK_triggerEvent]:BroadcastTrigger.ACCS.onData.sendAccsCacheData
06-24 15:04:06.982 10340 10340 E Phenix  : [traceId:80007894@16] | [requestId:14] |UI Thread Process CallBack End.| https://gw.alicdn.com/tfs/TB19uWKXkCy2eVjSZPfXXbdgpXa-183-144.png?getAvatar=1
06-24 15:04:06.982 10340 10469 E apm.image: ->{"stage":"onFinished","requestId":"14","requestUrl":"https:\/\/gw.alicdn.com\/tfs\/TB19uWKXkCy2eVjSZPfXXbdgpXa-183-144.png?getAvatar=1","procedureName":"ImageLib","intermediate":false,"time":1561359846981,"animation":false}
06-24 15:04:06.982 10340 10340 E RxPhenix: [Phenix] requestId=14,UI_QUEUE_SIZE=0
06-24 15:04:06.982 10340 10414 E PopLayer: [PoplayerSDK_configUpdate]:onConfigChanged configGroup=2120180918163800814.configVersion=2120180918163800814.
06-24 15:04:06.983 10340 10340 E Phenix  : [traceId:80007894@14] | [requestId:12] |UI Thread Process CallBack Started.| https://gw.alicdn.com/tfs/TB1LvIxVAvoK1RjSZFDXXXY3pXa-183-144.png?getAvatar=1
06-24 15:04:06.983 10340 10340 E Phenix  : [traceId:80007894@14] | [requestId:12] |UI Thread Process CallBack End.| https://gw.alicdn.com/tfs/TB1LvIxVAvoK1RjSZFDXXXY3pXa-183-144.png?getAvatar=1
06-24 15:04:06.984 10340 10340 E RxPhenix: [Phenix] requestId=12,UI_QUEUE_SIZE=0
06-24 15:04:06.984 10340 10438 E apm.image: ->{"stage":"onFinished","requestId":"12","requestUrl":"https:\/\/gw.alicdn.com\/tfs\/TB1LvIxVAvoK1RjSZFDXXXY3pXa-183-144.png?getAvatar=1","procedureName":"ImageLib","intermediate":false,"time":1561359846983,"animation":false}
06-24 15:04:06.985 10340 10340 E Phenix  : [traceId:80007894@18] | [requestId:16] |UI Thread Process CallBack Started.| https://gw.alicdn.com/tfs/TB1Y1Rcbkxz61VjSZFtXXaDSVXa-183-144.png
06-24 15:04:06.987 10340 10340 E Phenix  : [traceId:80007894@18] | [requestId:16] |UI Thread Process CallBack End.| https://gw.alicdn.com/tfs/TB1Y1Rcbkxz61VjSZFtXXaDSVXa-183-144.png
06-24 15:04:06.987 10340 10440 E apm.image: ->{"stage":"onFinished","requestId":"16","requestUrl":"https:\/\/gw.alicdn.com\/tfs\/TB1Y1Rcbkxz61VjSZFtXXaDSVXa-183-144.png","procedureName":"ImageLib","intermediate":false,"time":1561359846986,"animation":false}
06-24 15:04:06.987 10340 10340 E RxPhenix: [Phenix] requestId=16,UI_QUEUE_SIZE=0
06-24 15:04:06.988 10340 10340 E Phenix  : [traceId:80007894@21] | [requestId:19] |UI Thread Process CallBack Started.| https://gw.alicdn.com/tfs/TB1FucwVwHqK1RjSZFgXXa7JXXa-183-144.png?getAvatar=1
06-24 15:04:06.988 10340 10340 E Phenix  : [traceId:80007894@21] | [requestId:19] |UI Thread Process CallBack End.| https://gw.alicdn.com/tfs/TB1FucwVwHqK1RjSZFgXXa7JXXa-183-144.png?getAvatar=1
06-24 15:04:06.988 10340 10469 E apm.image: ->{"stage":"onFinished","requestId":"19","requestUrl":"https:\/\/gw.alicdn.com\/tfs\/TB1FucwVwHqK1RjSZFgXXa7JXXa-183-144.png?getAvatar=1","procedureName":"ImageLib","intermediate":false,"time":1561359846988,"animation":false}
06-24 15:04:06.989 10340 10340 E RxPhenix: [Phenix] requestId=19,UI_QUEUE_SIZE=0
06-24 15:04:06.990 10340 10340 E Phenix  : [traceId:80007894@17] | [requestId:15] |UI Thread Process CallBack Started.| https://gw.alicdn.com/tfs/TB1Mbu.aUKF3KVjSZFEXXXExFXa-183-144.png_200x200q90.jpg
06-24 15:04:06.991   813   813 E android.hardware.power@1.3-service.crosshatch-libperfmgr: extract_stats: failed to open: /d/wlan0/power_stats Error = No such file or directory
06-24 15:04:06.991   813   813 E android.hardware.power@1.3-service.crosshatch-libperfmgr: getSubsystemLowPowerStats: failed to process wlan stats
06-24 15:04:06.991 10340 10340 E Phenix  : [traceId:80007894@17] | [requestId:15] |UI Thread Process CallBack End.| https://gw.alicdn.com/tfs/TB1Mbu.aUKF3KVjSZFEXXXExFXa-183-144.png_200x200q90.jpg
06-24 15:04:06.991 10340 10438 E apm.image: ->{"stage":"onFinished","requestId":"15","requestUrl":"https:\/\/gw.alicdn.com\/tfs\/TB1Mbu.aUKF3KVjSZFEXXXExFXa-183-144.png_200x200q90.jpg","procedureName":"ImageLib","intermediate":false,"time":1561359846991,"animation":false}
06-24 15:04:06.992 10340 10340 E RxPhenix: [Phenix] requestId=15,UI_QUEUE_SIZE=0
06-24 15:04:06.992 10340 10340 E Phenix  : [traceId:80007894@27] | [requestId:25] |UI Thread Process CallBack Started.| https://gw.alicdn.com/tfs/TB1tikBVAPoK1RjSZKbXXX1IXXa-183-144.png?getAvatar=1
06-24 15:04:06.993 10340 10340 E Phenix  : [traceId:80007894@27] | [requestId:25] |UI Thread Process CallBack End.| https://gw.alicdn.com/tfs/TB1tikBVAPoK1RjSZKbXXX1IXXa-183-144.png?getAvatar=1
06-24 15:04:06.993 10340 10440 E apm.image: ->{"stage":"onFinished","requestId":"25","requestUrl":"https:\/\/gw.alicdn.com\/tfs\/TB1tikBVAPoK1RjSZKbXXX1IXXa-183-144.png?getAvatar=1","procedureName":"ImageLib","intermediate":false,"time":1561359846993,"animation":false}
06-24 15:04:06.993 10340 10340 E RxPhenix: [Phenix] requestId=25,UI_QUEUE_SIZE=0
06-24 15:04:06.994 10340 10340 E Phenix  : [traceId:80007894@20] | [requestId:18] |UI Thread Process CallBack Started.| https://gw.alicdn.com/tfs/TB1ppEDVzDpK1RjSZFrXXa78VXa-183-144.png?getAvatar=1
06-24 15:04:06.994 10340 10340 E Phenix  : [traceId:80007894@20] | [requestId:18] |UI Thread Process CallBack End.| https://gw.alicdn.com/tfs/TB1ppEDVzDpK1RjSZFrXXa78VXa-183-144.png?getAvatar=1
06-24 15:04:06.995 10340 10469 E apm.image: ->{"stage":"onFinished","requestId":"18","requestUrl":"https:\/\/gw.alicdn.com\/tfs\/TB1ppEDVzDpK1RjSZFrXXa78VXa-183-144.png?getAvatar=1","procedureName":"ImageLib","intermediate":false,"time":1561359846994,"animation":false}
06-24 15:04:06.995 10340 10340 E RxPhenix: [Phenix] requestId=18,UI_QUEUE_SIZE=0
06-24 15:04:06.995 10340 10340 E Phenix  : [traceId:80007894@22] | [requestId:20] |UI Thread Process CallBack Started.| https://gw.alicdn.com/tfs/TB19dcwVyrpK1RjSZFhXXXSdXXa-183-144.png?getAvatar=1
06-24 15:04:06.996 10340 10340 E Phenix  : [traceId:80007894@22] | [requestId:20] |UI Thread Process CallBack End.| https://gw.alicdn.com/tfs/TB19dcwVyrpK1RjSZFhXXXSdXXa-183-144.png?getAvatar=1
06-24 15:04:06.996 10340 10438 E apm.image: ->{"stage":"onFinished","requestId":"20","requestUrl":"https:\/\/gw.alicdn.com\/tfs\/TB19dcwVyrpK1RjSZFhXXXSdXXa-183-144.png?getAvatar=1","procedureName":"ImageLib","intermediate":false,"time":1561359846995,"animation":false}
06-24 15:04:06.996 10340 10340 E RxPhenix: [Phenix] requestId=20,UI_QUEUE_SIZE=0
06-24 15:04:06.997 10340 10340 E Phenix  : [traceId:80007894@23] | [requestId:21] |UI Thread Process CallBack Started.| https://gw.alicdn.com/tfs/TB1nBktVxTpK1RjSZR0XXbEwXXa-183-144.png?getAvatar=1
06-24 15:04:06.998 10340 10440 E apm.image: ->{"stage":"onFinished","requestId":"21","requestUrl":"https:\/\/gw.alicdn.com\/tfs\/TB1nBktVxTpK1RjSZR0XXbEwXXa-183-144.png?getAvatar=1","procedureName":"ImageLib","intermediate":false,"time":1561359846997,"animation":false}
06-24 15:04:06.998 10340 10340 E Phenix  : [traceId:80007894@23] | [requestId:21] |UI Thread Process CallBack End.| https://gw.alicdn.com/tfs/TB1nBktVxTpK1RjSZR0XXbEwXXa-183-144.png?getAvatar=1
06-24 15:04:06.998 10340 10340 E RxPhenix: [Phenix] requestId=21,UI_QUEUE_SIZE=0
06-24 15:04:06.999 10340 10340 E Phenix  : [traceId:80007894@19] | [requestId:17] |UI Thread Process CallBack Started.| https://gw.alicdn.com/tfs/TB1DaMyVpzqK1RjSZFoXXbfcXXa-185-144.png?getAvatar=1
06-24 15:04:07.000 10340 10340 E Phenix  : [traceId:80007894@19] | [requestId:17] |UI Thread Process CallBack End.| https://gw.alicdn.com/tfs/TB1DaMyVpzqK1RjSZFoXXbfcXXa-185-144.png?getAvatar=1
06-24 15:04:07.000 10340 10469 E apm.image: ->{"stage":"onFinished","requestId":"17","requestUrl":"https:\/\/gw.alicdn.com\/tfs\/TB1DaMyVpzqK1RjSZFoXXbfcXXa-185-144.png?getAvatar=1","procedureName":"ImageLib","intermediate":false,"time":1561359846999,"animation":false}
06-24 15:04:07.000 10340 10340 E RxPhenix: [Phenix] requestId=17,UI_QUEUE_SIZE=0
06-24 15:04:07.000 10340 10340 E Phenix  : [traceId:80007894@28] | [requestId:26] |UI Thread Process CallBack Started.| https://gw.alicdn.com/tfs/TB1L0oHVxjaK1RjSZFAXXbdLFXa-183-144.png?getAvatar=1
06-24 15:04:07.004 10340 10340 E Phenix  : [traceId:80007894@28] | [requestId:26] |UI Thread Process CallBack End.| https://gw.alicdn.com/tfs/TB1L0oHVxjaK1RjSZFAXXbdLFXa-183-144.png?getAvatar=1
06-24 15:04:07.012 10340 10438 E apm.image: ->{"stage":"onFinished","requestId":"26","requestUrl":"https:\/\/gw.alicdn.com\/tfs\/TB1L0oHVxjaK1RjSZFAXXbdLFXa-183-144.png?getAvatar=1","procedureName":"ImageLib","intermediate":false,"time":1561359847004,"animation":false}
06-24 15:04:07.013 10340 10340 E RxPhenix: [Phenix] requestId=26,UI_QUEUE_SIZE=0
06-24 15:04:07.014 10340 10340 E Phenix  : [traceId:80007894@26] | [requestId:24] |UI Thread Process CallBack Started.| https://gw.alicdn.com/tfs/TB1yUpuiK3tHKVjSZSgXXX4QFXa-183-144.png?getAvatar=1
06-24 15:04:07.015 10340 10340 E Phenix  : [traceId:80007894@26] | [requestId:24] |UI Thread Process CallBack End.| https://gw.alicdn.com/tfs/TB1yUpuiK3tHKVjSZSgXXX4QFXa-183-144.png?getAvatar=1
06-24 15:04:07.015 10340 10440 E apm.image: ->{"stage":"onFinished","requestId":"24","requestUrl":"https:\/\/gw.alicdn.com\/tfs\/TB1yUpuiK3tHKVjSZSgXXX4QFXa-183-144.png?getAvatar=1","procedureName":"ImageLib","intermediate":false,"time":1561359847015,"animation":false}
06-24 15:04:07.016 10340 10340 E RxPhenix: [Phenix] requestId=24,UI_QUEUE_SIZE=0
06-24 15:04:07.017 10340 10340 E Phenix  : [traceId:80007894@24] | [requestId:22] |UI Thread Process CallBack Started.| https://gw.alicdn.com/tfs/TB1CoEwVrvpK1RjSZFqXXcXUVXa-185-144.png?getAvatar=1
06-24 15:04:07.018 10340 10340 E Phenix  : [traceId:80007894@24] | [requestId:22] |UI Thread Process CallBack End.| https://gw.alicdn.com/tfs/TB1CoEwVrvpK1RjSZFqXXcXUVXa-185-144.png?getAvatar=1
06-24 15:04:07.018 10340 10340 E RxPhenix: [Phenix] requestId=22,UI_QUEUE_SIZE=0
06-24 15:04:07.019 10340 10469 E apm.image: ->{"stage":"onFinished","requestId":"22","requestUrl":"https:\/\/gw.alicdn.com\/tfs\/TB1CoEwVrvpK1RjSZFqXXcXUVXa-185-144.png?getAvatar=1","procedureName":"ImageLib","intermediate":false,"time":1561359847017,"animation":false}
06-24 15:04:07.019 10340 10340 E Phenix  : [traceId:80007894@30] | [requestId:28] |UI Thread Process CallBack Started.| https://gw.alicdn.com/tfs/TB1yEXxOjDpK1RjSZFrXXa78VXa-183-144.png?getAvatar=1
06-24 15:04:07.020 10340 10340 E Phenix  : [traceId:80007894@30] | [requestId:28] |UI Thread Process CallBack End.| https://gw.alicdn.com/tfs/TB1yEXxOjDpK1RjSZFrXXa78VXa-183-144.png?getAvatar=1
06-24 15:04:07.020 10340 10438 E apm.image: ->{"stage":"onFinished","requestId":"28","requestUrl":"https:\/\/gw.alicdn.com\/tfs\/TB1yEXxOjDpK1RjSZFrXXa78VXa-183-144.png?getAvatar=1","procedureName":"ImageLib","intermediate":false,"time":1561359847019,"animation":false}
06-24 15:04:07.020 10340 10340 E RxPhenix: [Phenix] requestId=28,UI_QUEUE_SIZE=0
06-24 15:04:07.020 10340 10340 E Phenix  : [traceId:80007894@29] | [requestId:27] |UI Thread Process CallBack Started.| https://gw.alicdn.com/tfs/TB1h1MnVCrqK1RjSZK9XXXyypXa-183-144.png?getAvatar=1
06-24 15:04:07.021 10340 10340 E Phenix  : [traceId:80007894@29] | [requestId:27] |UI Thread Process CallBack End.| https://gw.alicdn.com/tfs/TB1h1MnVCrqK1RjSZK9XXXyypXa-183-144.png?getAvatar=1
06-24 15:04:07.021 10340 10440 E apm.image: ->{"stage":"onFinished","requestId":"27","requestUrl":"https:\/\/gw.alicdn.com\/tfs\/TB1h1MnVCrqK1RjSZK9XXXyypXa-183-144.png?getAvatar=1","procedureName":"ImageLib","intermediate":false,"time":1561359847021,"animation":false}
06-24 15:04:07.021 10340 10340 E RxPhenix: [Phenix] requestId=27,UI_QUEUE_SIZE=0
06-24 15:04:07.022 10340 10340 E Phenix  : [traceId:80007894@33] | [requestId:31] |UI Thread Process CallBack Started.| https://gw.alicdn.com/tfs/TB1L_REOmzqK1RjSZFjXXblCFXa-183-144.png?getAvatar=1
06-24 15:04:07.022 10340 10340 E Phenix  : [traceId:80007894@33] | [requestId:31] |UI Thread Process CallBack End.| https://gw.alicdn.com/tfs/TB1L_REOmzqK1RjSZFjXXblCFXa-183-144.png?getAvatar=1
06-24 15:04:07.023 10340 10469 E apm.image: ->{"stage":"onFinished","requestId":"31","requestUrl":"https:\/\/gw.alicdn.com\/tfs\/TB1L_REOmzqK1RjSZFjXXblCFXa-183-144.png?getAvatar=1","procedureName":"ImageLib","intermediate":false,"time":1561359847022,"animation":false}
06-24 15:04:07.023 10340 10340 E RxPhenix: [Phenix] requestId=31,UI_QUEUE_SIZE=0
06-24 15:04:07.023 10340 10340 E Phenix  : [traceId:80007894@32] | [requestId:30] |UI Thread Process CallBack Started.| https://gw.alicdn.com/tfs/TB1uIFWOXzqK1RjSZFvXXcB7VXa-183-144.png?getAvatar=1
06-24 15:04:07.024 10340 10340 E Phenix  : [traceId:80007894@32] | [requestId:30] |UI Thread Process CallBack End.| https://gw.alicdn.com/tfs/TB1uIFWOXzqK1RjSZFvXXcB7VXa-183-144.png?getAvatar=1
06-24 15:04:07.024 10340 10438 E apm.image: ->{"stage":"onFinished","requestId":"30","requestUrl":"https:\/\/gw.alicdn.com\/tfs\/TB1uIFWOXzqK1RjSZFvXXcB7VXa-183-144.png?getAvatar=1","procedureName":"ImageLib","intermediate":false,"time":1561359847024,"animation":false}
06-24 15:04:07.025 10340 10340 E RxPhenix: [Phenix] requestId=30,UI_QUEUE_SIZE=0
06-24 15:04:07.025 10340 10340 E Phenix  : [traceId:80007894@37] | [requestId:35] |UI Thread Process CallBack Started.| https://gw.alicdn.com/tps/i1/O1CN013ZpGha1IQkFGvd3n4_!!0-juitemmedia.jpg_320x320q90.jpg_.heic
06-24 15:04:07.026 10340 10340 E Phenix  : [traceId:80007894@37] | [requestId:35] |UI Thread Process CallBack End.| https://gw.alicdn.com/tps/i1/O1CN013ZpGha1IQkFGvd3n4_!!0-juitemmedia.jpg_320x320q90.jpg_.heic
06-24 15:04:07.026 10340 10340 E RxPhenix: [Phenix] requestId=35,UI_QUEUE_SIZE=0
06-24 15:04:07.026 10340 10440 E apm.image: ->{"stage":"onFinished","requestId":"35","requestUrl":"https:\/\/gw.alicdn.com\/tps\/i1\/O1CN013ZpGha1IQkFGvd3n4_!!0-juitemmedia.jpg_320x320q90.jpg_.heic","procedureName":"ImageLib","intermediate":false,"time":1561359847025,"animation":false}
06-24 15:04:07.026 10340 10340 E Phenix  : [traceId:80007894@25] | [requestId:23] |UI Thread Process CallBack Started.| https://gw.alicdn.com/tfs/TB1fcOKXkCy2eVjSZSyXXXukVXa-183-144.png?getAvatar=1
06-24 15:04:07.027 10340 10340 E Phenix  : [traceId:80007894@25] | [requestId:23] |UI Thread Process CallBack End.| https://gw.alicdn.com/tfs/TB1fcOKXkCy2eVjSZSyXXXukVXa-183-144.png?getAvatar=1
06-24 15:04:07.027 10340 10469 E apm.image: ->{"stage":"onFinished","requestId":"23","requestUrl":"https:\/\/gw.alicdn.com\/tfs\/TB1fcOKXkCy2eVjSZSyXXXukVXa-183-144.png?getAvatar=1","procedureName":"ImageLib","intermediate":false,"time":1561359847027,"animation":false}
06-24 15:04:07.027 10340 10340 E RxPhenix: [Phenix] requestId=23,UI_QUEUE_SIZE=0
06-24 15:04:07.027 10340 10340 E Phenix  : [traceId:80007894@36] | [requestId:34] |UI Thread Process CallBack Started.| //gw.alicdn.com/imgextra/O1CN015LZksy1CXGBSZhfpC_!!90-2-lubanu.png_320x320q90.jpg
06-24 15:04:07.028 10340 10340 E Phenix  : [traceId:80007894@36] | [requestId:34] |UI Thread Process CallBack End.| //gw.alicdn.com/imgextra/O1CN015LZksy1CXGBSZhfpC_!!90-2-lubanu.png_320x320q90.jpg
06-24 15:04:07.028 10340 10438 E apm.image: ->{"stage":"onFinished","requestId":"34","requestUrl":"\/\/gw.alicdn.com\/imgextra\/O1CN015LZksy1CXGBSZhfpC_!!90-2-lubanu.png_320x320q90.jpg","procedureName":"ImageLib","intermediate":false,"time":1561359847028,"animation":false}
06-24 15:04:07.028 10340 10340 E RxPhenix: [Phenix] requestId=34,UI_QUEUE_SIZE=0
06-24 15:04:07.029 10340 10340 E Phenix  : [traceId:80007894@31] | [requestId:29] |UI Thread Process CallBack Started.| https://gw.alicdn.com/tfs/TB1ktt6OhnaK1RjSZFBXXcW7VXa-183-144.png?getAvatar=1
06-24 15:04:07.029 10340 10340 E Phenix  : [traceId:80007894@31] | [requestId:29] |UI Thread Process CallBack End.| https://gw.alicdn.com/tfs/TB1ktt6OhnaK1RjSZFBXXcW7VXa-183-144.png?getAvatar=1
06-24 15:04:07.030 10340 10340 E RxPhenix: [Phenix] requestId=29,UI_QUEUE_SIZE=0
06-24 15:04:07.031 10340 10440 E apm.image: ->{"stage":"onFinished","requestId":"29","requestUrl":"https:\/\/gw.alicdn.com\/tfs\/TB1ktt6OhnaK1RjSZFBXXcW7VXa-183-144.png?getAvatar=1","procedureName":"ImageLib","intermediate":false,"time":1561359847029,"animation":false}
06-24 15:04:07.072 10340 10340 E Phenix  : [traceId:80007894@34] | [requestId:32] |UI Thread Process CallBack Started.| https://gw.alicdn.com/tfs/TB1ODE0X.uF3KVjSZK9XXbVtXXa-183-144.png_200x200q90.jpg
06-24 15:04:07.073 10340 10469 E apm.gc  : 
06-24 15:04:07.073 10340 10340 E Phenix  : [traceId:80007894@34] | [requestId:32] |UI Thread Process CallBack End.| https://gw.alicdn.com/tfs/TB1ODE0X.uF3KVjSZK9XXbVtXXa-183-144.png_200x200q90.jpg
06-24 15:04:07.073 10340 10438 E apm.image: ->{"stage":"onFinished","requestId":"32","requestUrl":"https:\/\/gw.alicdn.com\/tfs\/TB1ODE0X.uF3KVjSZK9XXbVtXXa-183-144.png_200x200q90.jpg","procedureName":"ImageLib","intermediate":false,"time":1561359847073,"animation":false}
06-24 15:04:07.074 10340 10340 E RxPhenix: [Phenix] requestId=32,UI_QUEUE_SIZE=0
06-24 15:04:07.074 10340 10340 E Phenix  : [traceId:80007894@35] | [requestId:33] |UI Thread Process CallBack Started.| https://gw.alicdn.com/tfs/TB11bnjQwDqK1RjSZSyXXaxEVXa-525-60.png?getAvatar=1
06-24 15:04:07.075 10340 10340 E Phenix  : [traceId:80007894@35] | [requestId:33] |UI Thread Process CallBack End.| https://gw.alicdn.com/tfs/TB11bnjQwDqK1RjSZSyXXaxEVXa-525-60.png?getAvatar=1
06-24 15:04:07.075 10340 10340 E RxPhenix: [Phenix] requestId=33,UI_QUEUE_SIZE=0
06-24 15:04:07.076 10340 10440 E apm.image: ->{"stage":"onFinished","requestId":"33","requestUrl":"https:\/\/gw.alicdn.com\/tfs\/TB11bnjQwDqK1RjSZSyXXaxEVXa-525-60.png?getAvatar=1","procedureName":"ImageLib","intermediate":false,"time":1561359847075,"animation":false}
06-24 15:04:07.078 10340 10340 E Phenix  : [traceId:80007894@41] | [requestId:39] |UI Thread Process CallBack Started.| https://gw.alicdn.com/tfs/TB10_PjQCzqK1RjSZFLXXcn2XXa-255-60.png?getAvatar=1
06-24 15:04:07.079 10340 10340 E Phenix  : [traceId:80007894@41] | [requestId:39] |UI Thread Process CallBack End.| https://gw.alicdn.com/tfs/TB10_PjQCzqK1RjSZFLXXcn2XXa-255-60.png?getAvatar=1
06-24 15:04:07.079 10340 10340 E RxPhenix: [Phenix] requestId=39,UI_QUEUE_SIZE=0
06-24 15:04:07.079 10340 10469 E apm.image: ->{"stage":"onFinished","requestId":"39","requestUrl":"https:\/\/gw.alicdn.com\/tfs\/TB10_PjQCzqK1RjSZFLXXcn2XXa-255-60.png?getAvatar=1","procedureName":"ImageLib","intermediate":false,"time":1561359847078,"animation":false}
06-24 15:04:07.079 10340 10340 E Phenix  : [traceId:80007894@43] | [requestId:41] |UI Thread Process CallBack Started.| //gw.alicdn.com/tps/O1CN01tvbtsg1eZNFmCxv86_!!0-juitemmedia.jpg_320x320q90.jpg_.heic
06-24 15:04:07.080 10340 10340 E Phenix  : [traceId:80007894@43] | [requestId:41] |UI Thread Process CallBack End.| //gw.alicdn.com/tps/O1CN01tvbtsg1eZNFmCxv86_!!0-juitemmedia.jpg_320x320q90.jpg_.heic
06-24 15:04:07.080 10340 10438 E apm.image: ->{"stage":"onFinished","requestId":"41","requestUrl":"\/\/gw.alicdn.com\/tps\/O1CN01tvbtsg1eZNFmCxv86_!!0-juitemmedia.jpg_320x320q90.jpg_.heic","procedureName":"ImageLib","intermediate":false,"time":1561359847080,"animation":false}
06-24 15:04:07.081 10340 10340 E RxPhenix: [Phenix] requestId=41,UI_QUEUE_SIZE=0
06-24 15:04:07.081 10340 10340 E Phenix  : [traceId:80007894@45] | [requestId:43] |UI Thread Process CallBack Started.| https://gw.alicdn.com/tfs/TB1A1boQrvpK1RjSZPiXXbmwXXa-525-60.png?getAvatar=1
06-24 15:04:07.081 10340 10340 E Phenix  : [traceId:80007894@45] | [requestId:43] |UI Thread Process CallBack End.| https://gw.alicdn.com/tfs/TB1A1boQrvpK1RjSZPiXXbmwXXa-525-60.png?getAvatar=1
06-24 15:04:07.082 10340 10340 E RxPhenix: [Phenix] requestId=43,UI_QUEUE_SIZE=0
06-24 15:04:07.082 10340 10340 E Phenix  : [traceId:80007894@38] | [requestId:36] |UI Thread Process CallBack Started.| https://gw.alicdn.com/tfs/TB1MfTtQrrpK1RjSZTEXXcWAVXa-525-60.png?getAvatar=1
06-24 15:04:07.082 10340 10440 E apm.image: ->{"stage":"onFinished","requestId":"43","requestUrl":"https:\/\/gw.alicdn.com\/tfs\/TB1A1boQrvpK1RjSZPiXXbmwXXa-525-60.png?getAvatar=1","procedureName":"ImageLib","intermediate":false,"time":1561359847081,"animation":false}
06-24 15:04:07.083 10340 10340 E Phenix  : [traceId:80007894@38] | [requestId:36] |UI Thread Process CallBack End.| https://gw.alicdn.com/tfs/TB1MfTtQrrpK1RjSZTEXXcWAVXa-525-60.png?getAvatar=1
06-24 15:04:07.083 10340 10469 E apm.image: ->{"stage":"onFinished","requestId":"36","requestUrl":"https:\/\/gw.alicdn.com\/tfs\/TB1MfTtQrrpK1RjSZTEXXcWAVXa-525-60.png?getAvatar=1","procedureName":"ImageLib","intermediate":false,"time":1561359847082,"animation":false}
06-24 15:04:07.083 10340 10340 E RxPhenix: [Phenix] requestId=36,UI_QUEUE_SIZE=0
06-24 15:04:07.084 10340 10340 E Phenix  : [traceId:80007894@44] | [requestId:42] |UI Thread Process CallBack Started.| https://gw.alicdn.com/tfs/TB1tO56DOrpK1RjSZFhXXXSdXXa-75-48.png?getAvatar=1
06-24 15:04:07.084 10340 10340 E Phenix  : [traceId:80007894@44] | [requestId:42] |UI Thread Process CallBack End.| https://gw.alicdn.com/tfs/TB1tO56DOrpK1RjSZFhXXXSdXXa-75-48.png?getAvatar=1
06-24 15:04:07.084 10340 10438 E apm.image: ->{"stage":"onFinished","requestId":"42","requestUrl":"https:\/\/gw.alicdn.com\/tfs\/TB1tO56DOrpK1RjSZFhXXXSdXXa-75-48.png?getAvatar=1","procedureName":"ImageLib","intermediate":false,"time":1561359847084,"animation":false}
06-24 15:04:07.085 10340 10340 E RxPhenix: [Phenix] requestId=42,UI_QUEUE_SIZE=0
06-24 15:04:07.085 10340 10340 E Phenix  : [traceId:80007894@40] | [requestId:38] |UI Thread Process CallBack Started.| //gw.alicdn.com/imgextra/i1/196/O1CN012VgaDl1DJo76zEght_!!196-0-lubanu.jpg_320x320q90.jpg_.heic
06-24 15:04:07.086 10340 10340 E Phenix  : [traceId:80007894@40] | [requestId:38] |UI Thread Process CallBack End.| //gw.alicdn.com/imgextra/i1/196/O1CN012VgaDl1DJo76zEght_!!196-0-lubanu.jpg_320x320q90.jpg_.heic
06-24 15:04:07.086 10340 10440 E apm.image: ->{"stage":"onFinished","requestId":"38","requestUrl":"\/\/gw.alicdn.com\/imgextra\/i1\/196\/O1CN012VgaDl1DJo76zEght_!!196-0-lubanu.jpg_320x320q90.jpg_.heic","procedureName":"ImageLib","intermediate":false,"time":1561359847085,"animation":false}
06-24 15:04:07.086 10340 10340 E RxPhenix: [Phenix] requestId=38,UI_QUEUE_SIZE=0
06-24 15:04:07.086 10340 10340 E Phenix  : [traceId:80007894@47] | [requestId:45] |UI Thread Process CallBack Started.| //gw.alicdn.com/imgextra/i1/64/O1CN01Yamg3T1CLLpyJa7Zs_!!64-0-lubanu.jpg_320x320q90.jpg_.heic
06-24 15:04:07.087 10340 10469 E apm.image: ->{"stage":"onFinished","requestId":"45","requestUrl":"\/\/gw.alicdn.com\/imgextra\/i1\/64\/O1CN01Yamg3T1CLLpyJa7Zs_!!64-0-lubanu.jpg_320x320q90.jpg_.heic","procedureName":"ImageLib","intermediate":false,"time":1561359847086,"animation":false}
06-24 15:04:07.087 10340 10340 E Phenix  : [traceId:80007894@47] | [requestId:45] |UI Thread Process CallBack End.| //gw.alicdn.com/imgextra/i1/64/O1CN01Yamg3T1CLLpyJa7Zs_!!64-0-lubanu.jpg_320x320q90.jpg_.heic
06-24 15:04:07.087 10340 10340 E RxPhenix: [Phenix] requestId=45,UI_QUEUE_SIZE=0
06-24 15:04:07.087 10340 10340 E Phenix  : [traceId:80007894@50] | [requestId:48] |UI Thread Process CallBack Started.| //gw.alicdn.com/imgextra/i4/34/O1CN01WimEnY1C7bxZ1kRXK_!!34-0-lubanu.jpg_320x320q90.jpg_.heic
06-24 15:04:07.088 10340 10340 E Phenix  : [traceId:80007894@50] | [requestId:48] |UI Thread Process CallBack End.| //gw.alicdn.com/imgextra/i4/34/O1CN01WimEnY1C7bxZ1kRXK_!!34-0-lubanu.jpg_320x320q90.jpg_.heic
06-24 15:04:07.088 10340 10438 E apm.image: ->{"stage":"onFinished","requestId":"48","requestUrl":"\/\/gw.alicdn.com\/imgextra\/i4\/34\/O1CN01WimEnY1C7bxZ1kRXK_!!34-0-lubanu.jpg_320x320q90.jpg_.heic","procedureName":"ImageLib","intermediate":false,"time":1561359847088,"animation":false}
06-24 15:04:07.088 10340 10340 E RxPhenix: [Phenix] requestId=48,UI_QUEUE_SIZE=0
06-24 15:04:07.088 10340 10340 E Phenix  : [traceId:80007894@48] | [requestId:46] |UI Thread Process CallBack Started.| https://gw.alicdn.com/tfs/TB1LQoJQ9zqK1RjSZFpXXakSXXa-525-60.png?getAvatar=1
06-24 15:04:07.089 10340 10440 E apm.image: ->{"stage":"onFinished","requestId":"46","requestUrl":"https:\/\/gw.alicdn.com\/tfs\/TB1LQoJQ9zqK1RjSZFpXXakSXXa-525-60.png?getAvatar=1","procedureName":"ImageLib","intermediate":false,"time":1561359847089,"animation":false}
06-24 15:04:07.089 10340 10340 E Phenix  : [traceId:80007894@48] | [requestId:46] |UI Thread Process CallBack End.| https://gw.alicdn.com/tfs/TB1LQoJQ9zqK1RjSZFpXXakSXXa-525-60.png?getAvatar=1
06-24 15:04:07.090 10340 10340 E RxPhenix: [Phenix] requestId=46,UI_QUEUE_SIZE=0
06-24 15:04:07.090 10340 10340 E Phenix  : [traceId:80007894@46] | [requestId:44] |UI Thread Process CallBack Started.| //gw.alicdn.com/imgextra/i2/110/O1CN01bRtm8c1CgQ4werZVb_!!110-2-lubanu.png_320x320q90.jpg
06-24 15:04:07.091 10340 10340 E Phenix  : [traceId:80007894@46] | [requestId:44] |UI Thread Process CallBack End.| //gw.alicdn.com/imgextra/i2/110/O1CN01bRtm8c1CgQ4werZVb_!!110-2-lubanu.png_320x320q90.jpg
06-24 15:04:07.091 10340 10340 E RxPhenix: [Phenix] requestId=44,UI_QUEUE_SIZE=0
06-24 15:04:07.091 10340 10469 E apm.image: ->{"stage":"onFinished","requestId":"44","requestUrl":"\/\/gw.alicdn.com\/imgextra\/i2\/110\/O1CN01bRtm8c1CgQ4werZVb_!!110-2-lubanu.png_320x320q90.jpg","procedureName":"ImageLib","intermediate":false,"time":1561359847090,"animation":false}
06-24 15:04:07.097 10340 10340 E Phenix  : TUrlImageView setImageUrl | url= https://gw.alicdn.com/tps/TB14vOGPpXXXXaIXVXXXXXXXXXX-75-39.png| mLoadState:0| forceLoad:false| hostView:com.taobao.android.home.component.view.HImageView{6db541b V.ED..... ......I. 0,0-0,0 #1020008 android:id/icon2}
06-24 15:04:07.098 10340 10438 E apm.image: ->{"stage":"setImageUrl","log":"TUrlImageView setImageUrl | url= https:\/\/gw.alicdn.com\/tps\/TB14vOGPpXXXXaIXVXXXXXXXXXX-75-39.png| mLoadState:0| forceLoad:false| hostView:com.taobao.android.home.component.view.HImageView{6db541b V.ED..... ......I. 0,0-0,0 #1020008 android:id\/icon2}","url":"https:\/\/gw.alicdn.com\/tps\/TB14vOGPpXXXXaIXVXXXXXXXXXX-75-39.png","requestId":"IMAGE","requestUrl":"","procedureName":"ImageLib"}
