06-24 15:04:07.459 10340 10340 E WindowManager: 	at android.app.ActivityThread$H.handleMessage(ActivityThread.java:1816)
06-24 15:04:07.459 10340 10340 E WindowManager: 	at android.os.Handler.dispatchMessage(Handler.java:106)
06-24 15:04:07.459 10340 10340 E WindowManager: 	at android.os.Looper.loop(Looper.java:193)
06-24 15:04:07.459 10340 10340 E WindowManager: 	at android.app.ActivityThread.main(ActivityThread.java:6718)
06-24 15:04:07.459 10340 10340 E WindowManager: 	at java.lang.reflect.Method.invoke(Native Method)
06-24 15:04:07.459 10340 10340 E WindowManager: 	at com.android.internal.os.RuntimeInit$MethodAndArgsCaller.run(RuntimeInit.java:493)
06-24 15:04:07.459 10340 10340 E WindowManager: 	at com.android.internal.os.ZygoteInit.main(ZygoteInit.java:858)
06-24 15:04:07.466 10340 10469 E apm.TBRestSender: ->ALI_APM/XPjD8%2B6cN94DACQ5v1SrGU2j/monitor/procedure/pageLoad->{"version":"0.0.1","topic":"ALI_APM\/XPjD8%2B6cN94DACQ5v1SrGU2j\/monitor\/procedure\/pageLoad","headers":{"X-timestamp":85177182,"X-appId":"com.taobao.taobao","X-appKey":"21646297","X-appBuild":"","X-appPatch":"","X-channel":"","X-utdid":"XPjD8+6cN94DACQ5v1SrGU2j","X-brand":"google","X-deviceModel":"Pixel 3 XL","X-os":"android","X-osVersion":"9","X-userId":"","X-userNick":"","X-session":"1561359845072","X-processName":"com.taobao.taobao","X-appVersion":"8.8.3.97826","X-launcherMode":"normal"},"value":{"properties":{"loadType":"push","totalVisibleDuration":1894,"runtimeLevel":-1,"session":"1561359845156","memoryRuntimeLevel":-1,"errorCode":1,"isFirstLoad":true,"lastValidPage":"background","pageName":"Welcome","fullPageName":"com.taobao.tao.welcome.Welcome","navStartTime":-1,"navStartActivityTime":-1,"lastValidTime":-1,"leaveType":"other","cpuUsageOfDevcie":-1,"installType":"UPDATE","deviceLevel":-1,"jumpTime":-1,"isFirstLaunch":false,"lastValidLinksPage":"[Welcome]","bizTags":{"Dinamic":{"module":"homepage","templateId":"home_m_h_v5_market_4_new_26","renderType":"createView"}}},"stats":{"imageOnRequest":0,"image":0,"imageCanceledCount":0,"gcCount":2,"fps":"[]","jankCount":0,"networkSuccessCount":0,"network":0,"imageFailedCount":0,"networkCanceledCount":0,"networkFailedCount":0,"imageSuccessCount":0,"networkOnRequest":0},"events":[{"timestamp":85177180,"name":"onActivityCreated"},{"timestamp":85177254,"name":"background2Foreground"},{"timestamp":85177255,"name":"onActivityStarted"},{"timestamp":85177340,"name":"onActivityResumed"},{"timestamp":85177407,"name":"onActivityPaused"},{"timestamp":85179149,"name":"onActivityStopped"},{"timestamp":85179152,"name":"onActivityDestroyed"}],"stages":{"procedureStartTime":85177186,"loadStartTime":85177180,"procedureEndTime":85179153}}}
06-24 15:04:07.468 10340 10340 E Phenix  : [traceId:null] | [requestId:69] |start| https://gw.alicdn.com/tfs/TB1dLUWFamWBuNjy1XaXXXCbXXa-750-60.png
06-24 15:04:07.469 10340 10340 E Phenix  : [traceId:null] | [requestId:69] |UI Thread Process CallBack Started.| https://gw.alicdn.com/tfs/TB1dLUWFamWBuNjy1XaXXXCbXXa-750-60.png
06-24 15:04:07.469 10340 10340 E Phenix  : [traceId:null] | [requestId:69] |UI Thread Process CallBack End.| https://gw.alicdn.com/tfs/TB1dLUWFamWBuNjy1XaXXXCbXXa-750-60.png
06-24 15:04:07.469 10340 10340 E RxPhenix: [Phenix] requestId=69,UI_QUEUE_SIZE=0
06-24 15:04:07.470 10340 10340 E Phenix  : [traceId:null] | [requestId:69] |End| https://gw.alicdn.com/tfs/TB1dLUWFamWBuNjy1XaXXXCbXXa-750-60.png
06-24 15:04:07.473 10340 10340 E Phenix  : [traceId:null] | [requestId:71] |start| https://gw.alicdn.com/tfs/TB1dLUWFamWBuNjy1XaXXXCbXXa-750-60.png
06-24 15:04:07.473 10340 10340 E Phenix  : [traceId:null] | [requestId:71] |UI Thread Process CallBack Started.| https://gw.alicdn.com/tfs/TB1dLUWFamWBuNjy1XaXXXCbXXa-750-60.png
06-24 15:04:07.473 10340 10340 E Phenix  : [traceId:null] | [requestId:71] |UI Thread Process CallBack End.| https://gw.alicdn.com/tfs/TB1dLUWFamWBuNjy1XaXXXCbXXa-750-60.png
06-24 15:04:07.474 10340 10340 E RxPhenix: [Phenix] requestId=71,UI_QUEUE_SIZE=0
06-24 15:04:07.474 10340 10340 E Phenix  : [traceId:null] | [requestId:71] |End| https://gw.alicdn.com/tfs/TB1dLUWFamWBuNjy1XaXXXCbXXa-750-60.png
06-24 15:04:07.478 10340 10340 E Phenix  : [traceId:null] | [requestId:73] |start| https://gw.alicdn.com/tfs/TB1dLUWFamWBuNjy1XaXXXCbXXa-750-60.png
06-24 15:04:07.478 10340 10340 E Phenix  : [traceId:null] | [requestId:73] |UI Thread Process CallBack Started.| https://gw.alicdn.com/tfs/TB1dLUWFamWBuNjy1XaXXXCbXXa-750-60.png
06-24 15:04:07.479 10340 10340 E Phenix  : [traceId:null] | [requestId:73] |UI Thread Process CallBack End.| https://gw.alicdn.com/tfs/TB1dLUWFamWBuNjy1XaXXXCbXXa-750-60.png
06-24 15:04:07.479 10340 10340 E RxPhenix: [Phenix] requestId=73,UI_QUEUE_SIZE=0
06-24 15:04:07.479 10340 10340 E Phenix  : [traceId:null] | [requestId:73] |End| https://gw.alicdn.com/tfs/TB1dLUWFamWBuNjy1XaXXXCbXXa-750-60.png
06-24 15:04:07.545 10340 10535 E anet.Repeater: |[seq:MTOP7.DGRD12] [traceId:80007894@74]end, [RequestStatistic]ret=1,statusCode=200,msg=SUCCESS,host=guide-acs.m.taobao.com,ip=120.77.134.3,port=443,protocolType=http2_0rtt_acs,retryTime=0,retryCostTime=0,processTime=3,connWaitTime=0,cacheTime=0,sendDataTime=1,firstDataTime=120,recDataTime=11,lastProcessTime=1,oneWayTime=136,callbackTime=0,serverRT=88,sendSize=670,recDataSize=1178,originalDataSize=449,extra={"firstIp":"120.77.134.3"},isReqSync=false,isReqMain=false,url=https://guide-acs.m.taobao.com/gw/mtop.taobao.wireless.home.location/1.0/
06-24 15:04:07.547 10340 10438 E apm.network: ->{"content":"{\"accuracy\":-1,\"bizId\":\"0\",\"bssid\":\"b8:6a:97:90:c7:78\",\"cacheTime\":0,\"callbackTime\":0,\"connWaitTime\":0,\"contentLength\":449,\"contentType\":\"application/json;charset=UTF-8\",\"degraded\":0,\"deviceLevel\":0,\"extra\":{},\"f_refer\":\"mtop\",\"firstDataTime\":120,\"host\":\"guide-acs.m.taobao.com\",\"ip\":\"120.77.134.3\",\"ipRefer\":0,\"ipType\":1,\"isBg\":\"fg\",\"isDNS\":true,\"isDone\":{},\"isFromExternal\":0,\"isProxy\":false,\"isReqMain\":false,\"isReqSync\":false,\"isSSL\":true,\"lastProcessTime\":1,\"lat\":90000,\"lng\":90000,\"mnc\":\"wifi\",\"msg\":\"SUCCESS\",\"netReqStart\":1561359847407,\"netType\":\"wifi\",\"oneWayTime\":136,\"port\":443,\"processTime\":3,\"protocolType\":\"http2_0rtt_acs\",\"proxyType\":\"\",\"recDataSize\":1178,\"recDataTime\":11,\"reqBodyDeflateSize\":0,\"reqBodyInflateSize\":0,\"reqHeadDeflateSize\":670,\"reqHeadInflateSize\":2612,\"reqServiceTransmissionEnd\":1561359847407,\"reqStart\":1561359847410,\"ret\":1,\"retryCostTime\":0,\"retryTimes\":0,\"roaming\":0,\"rspBodyDeflateSize\":449,\"rspBodyInflateSize\":449,\"rspCbDispatch\":1561359847543,\"rspCbEnd\":1561359847543,\"rspCbStart\":1561359847543,\"rspEnd\":1561359847542,\"rspHeadDeflateSize\":245,\"rspHeadInflateSize\":729,\"rspStart\":0,\"sendBeforeTime\":0,\"sendDataSize\":670,\"sendDataTime\":1,\"sendEnd\":0,\"sendStart\":1561359847410,\"serializeTransferTime\":0,\"serverRT\":88,\"sinceInitTime\":6739,\"sinceLastLaunchTime\":95591,\"spdyRequestSend\":true,\"speedBucket\":\"normal\",\"start\":1561359847407,\"startType\":0,\"statusCode\":200,\"tnetErrorCode\":0,\"traceId\":\"80007894@74\",\"unit\":\"unszyun\",\"url\":\"https://guide-acs.m.taobao.com/gw/mtop.taobao.wireless.home.location/1.0/\",\"waitingTime\":0}","procedureName":"NetworkLib","stage":"procedureSuccess"}
06-24 15:04:07.549 10340 10525 E mtopsdk.FCDuplexFilter:  [doOldFCAndAntiFilter] use old to do flow control, MTOP7
06-24 15:04:07.560 10340 10340 E mtopsdk : [seq:MTOP7]|[traceId:80007894@74] |MtopStatistics,apiKey=mtop.taobao.wireless.home.location$1.0,httpResponseStatus=200,retCode=SUCCESS,retType=0,reqSource=0,mappingCode=null,isCbMain=true,isReqMain=true,isReqSync=false,mtopTotalTime=162,waitExecuteTime=1,waitExecute2BuildParamTime=0,buildParamsTime=4,buildParams2NetworkTime=12,networkTotalTime=141,waitCallbackTime=0,startCallBack2EndTime=4,computeSignTime=2,computeMiniWuaTime=1,computeWuaTime=0,cacheSwitch=1,cacheHitType=0,cacheCostTime=0,cacheResponseParseTime=0,useSecurityAdapter=0,oneWayTime_ANet=136,resultCode=200,isRequestSuccess=true,host=guide-acs.m.taobao.com,ip_port=120.77.134.3:443,isSSL=true,connType=http2_0rtt_acs,processTime=3,firstDataTime=120,recDataTime=11,sendWaitTime=0,serverRT=88,sendSize=670,recvSize=1178,dataSpeed=107,retryTimes=0
06-24 15:04:07.565 10340 10535 E anet.Repeater: |[seq:MTOP9.DGRD14] [traceId:80007894@76]end, [RequestStatistic]ret=1,statusCode=200,msg=SUCCESS,host=guide-acs.m.taobao.com,ip=120.77.134.3,port=443,protocolType=http2_0rtt_acs,retryTime=0,retryCostTime=0,processTime=3,connWaitTime=0,cacheTime=0,sendDataTime=1,firstDataTime=126,recDataTime=4,lastProcessTime=1,oneWayTime=135,callbackTime=0,serverRT=94,sendSize=2417,recDataSize=489,originalDataSize=88,extra={"firstIp":"120.77.134.3"},isReqSync=false,isReqMain=false,url=https://guide-acs.m.taobao.com/gw/mtop.taobao.lbs.posservice/1.0/
06-24 15:04:07.566 10340 10525 E mtopsdk.FCDuplexFilter:  [doOldFCAndAntiFilter] use old to do flow control, MTOP9
06-24 15:04:07.568 10340 10469 E apm.network: ->{"content":"{\"accuracy\":-1,\"bizId\":\"75\",\"bssid\":\"b8:6a:97:90:c7:78\",\"cacheTime\":0,\"callbackTime\":0,\"connWaitTime\":0,\"contentLength\":88,\"contentType\":\"application/json;charset=UTF-8\",\"degraded\":0,\"deviceLevel\":0,\"extra\":{},\"f_refer\":\"mtop\",\"firstDataTime\":126,\"host\":\"guide-acs.m.taobao.com\",\"ip\":\"120.77.134.3\",\"ipRefer\":0,\"ipType\":1,\"isBg\":\"fg\",\"isDNS\":true,\"isDone\":{},\"isFromExternal\":0,\"isProxy\":false,\"isReqMain\":false,\"isReqSync\":false,\"isSSL\":true,\"lastProcessTime\":1,\"lat\":90000,\"lng\":90000,\"mnc\":\"wifi\",\"msg\":\"SUCCESS\",\"netReqStart\":1561359847429,\"netType\":\"wifi\",\"oneWayTime\":135,\"port\":443,\"processTime\":3,\"protocolType\":\"http2_0rtt_acs\",\"proxyType\":\"\",\"recDataSize\":489,\"recDataTime\":4,\"reqBodyDeflateSize\":0,\"reqBodyInflateSize\":0,\"reqHeadDeflateSize\":2417,\"reqHeadInflateSize\":3408,\"reqServiceTransmissionEnd\":1561359847429,\"reqStart\":1561359847431,\"ret\":1,\"retryCostTime\":0,\"retryTimes\":0,\"roaming\":0,\"rspBodyDeflateSize\":88,\"rspBodyInflateSize\":88,\"rspCbDispatch\":1561359847563,\"rspCbEnd\":1561359847564,\"rspCbStart\":1561359847564,\"rspEnd\":1561359847563,\"rspHeadDeflateSize\":124,\"rspHeadInflateSize\":401,\"rspStart\":0,\"sendBeforeTime\":1,\"sendDataSize\":2417,\"sendDataTime\":1,\"sendEnd\":0,\"sendStart\":1561359847432,\"serializeTransferTime\":0,\"serverRT\":94,\"sinceInitTime\":6761,\"sinceLastLaunchTime\":95591,\"spdyRequestSend\":true,\"speedBucket\":\"normal\",\"start\":1561359847429,\"startType\":0,\"statusCode\":200,\"tnetErrorCode\":0,\"traceId\":\"80007894@76\",\"unit\":\"unszyun\",\"url\":\"https://guide-acs.m.taobao.com/gw/mtop.taobao.lbs.posservice/1.0/\",\"waitingTime\":0}","procedureName":"NetworkLib","stage":"procedureSuccess"}
06-24 15:04:07.574 10340 10535 E anet.Repeater: |[seq:MTOP8.DGRD13] [traceId:80007894@75]end, [RequestStatistic]ret=1,statusCode=200,msg=SUCCESS,host=guide-acs.m.taobao.com,ip=120.77.134.3,port=443,protocolType=http2_0rtt_acs,retryTime=0,retryCostTime=0,processTime=2,connWaitTime=0,cacheTime=0,sendDataTime=2,firstDataTime=150,recDataTime=1,lastProcessTime=6,oneWayTime=161,callbackTime=2,serverRT=116,sendSize=1701,recDataSize=499,originalDataSize=109,extra={"firstIp":"120.77.134.3"},isReqSync=false,isReqMain=false,url=https://guide-acs.m.taobao.com/gw/mtop.shop.mc.stacktrace/1.0/
06-24 15:04:07.574 10340 10526 E mtopsdk.FCDuplexFilter:  [doOldFCAndAntiFilter] use old to do flow control, MTOP8
06-24 15:04:07.575 10340 10526 E mtopsdk.ErrorCodeMappingAfterFilter: [seq:MTOP8]|api=mtop.shop.mc.stacktrace , v=1.0 , retCode=INTERNAL_ERROR , retMsg=Please wait and access again! , mappingCode=INTERNAL_ERROR , responseHeader={date=[Mon, 24 Jun 2019 07:04:06 GMT], server=[Tengine/Aserver], content-length=[109], x-retcode=[INTERNAL_ERROR], x-node=[2e885e7a160d9c8d61371a0733656cf6], s-rt=[116], pragma=[no-cache], x-bin-length=[109], eagleeye-traceid=[0b123d7f15613598468091158ef163], x-protocol=[http2_0rtt_acs], mtop-x-provider=[5a76314c3eb5ea96a3ac1ed77fdde089dbdcfb1a1a33519d80fa82751992b122], x-powered-by=[m.taobao.com], content-type=[application/json;charset=UTF-8], :status=[200], cache-control=[no-cache]}
06-24 15:04:07.576 10340 10340 E mtopsdk : [seq:MTOP8]|[traceId:80007894@75] |MtopStatistics,apiKey=mtop.shop.mc.stacktrace$1.0,httpResponseStatus=200,retCode=INTERNAL_ERROR,retType=3,reqSource=0,mappingCode=INTERNAL_ERROR,isCbMain=true,isReqMain=true,isReqSync=false,mtopTotalTime=185,waitExecuteTime=1,waitExecute2BuildParamTime=1,buildParamsTime=14,buildParams2NetworkTime=2,networkTotalTime=165,waitCallbackTime=1,startCallBack2EndTime=1,computeSignTime=9,computeMiniWuaTime=2,computeWuaTime=0,cacheSwitch=1,cacheHitType=0,cacheCostTime=0,cacheResponseParseTime=0,useSecurityAdapter=0,oneWayTime_ANet=161,resultCode=200,isRequestSuccess=true,host=guide-acs.m.taobao.com,ip_port=120.77.134.3:443,isSSL=true,connType=http2_0rtt_acs,processTime=2,firstDataTime=150,recDataTime=1,sendWaitTime=0,serverRT=116,sendSize=1701,recvSize=499,dataSpeed=499,retryTimes=0
06-24 15:04:07.582 10340 10340 E mtopsdk : [seq:MTOP9]|[traceId:80007894@76] |MtopStatistics,apiKey=mtop.taobao.lbs.posservice$1.0,httpResponseStatus=200,retCode=SUCCESS,retType=0,reqSource=0,mappingCode=null,isCbMain=true,isReqMain=false,isReqSync=false,mtopTotalTime=143,waitExecuteTime=0,waitExecute2BuildParamTime=2,buildParamsTime=2,buildParams2NetworkTime=2,networkTotalTime=136,waitCallbackTime=1,startCallBack2EndTime=0,computeSignTime=2,computeMiniWuaTime=0,computeWuaTime=0,cacheSwitch=1,cacheHitType=0,cacheCostTime=0,cacheResponseParseTime=0,useSecurityAdapter=0,oneWayTime_ANet=135,resultCode=200,isRequestSuccess=true,host=guide-acs.m.taobao.com,ip_port=120.77.134.3:443,isSSL=true,connType=http2_0rtt_acs,processTime=3,firstDataTime=126,recDataTime=4,sendWaitTime=1,serverRT=94,sendSize=2417,recvSize=489,dataSpeed=122,retryTimes=0
06-24 15:04:07.585 10340 10440 E apm.network: ->{"content":"{\"accuracy\":-1,\"bizId\":\"0\",\"bssid\":\"b8:6a:97:90:c7:78\",\"cacheTime\":0,\"callbackTime\":2,\"connWaitTime\":0,\"contentLength\":109,\"contentType\":\"application/json;charset=UTF-8\",\"degraded\":0,\"deviceLevel\":0,\"extra\":{},\"f_refer\":\"mtop\",\"firstDataTime\":150,\"host\":\"guide-acs.m.taobao.com\",\"ip\":\"120.77.134.3\",\"ipRefer\":0,\"ipType\":1,\"isBg\":\"fg\",\"isDNS\":true,\"isDone\":{},\"isFromExternal\":0,\"isProxy\":false,\"isReqMain\":false,\"isReqSync\":false,\"isSSL\":true,\"lastProcessTime\":6,\"lat\":90000,\"lng\":90000,\"mnc\":\"wifi\",\"msg\":\"SUCCESS\",\"netReqStart\":1561359847409,\"netType\":\"wifi\",\"oneWayTime\":161,\"port\":443,\"processTime\":2,\"protocolType\":\"http2_0rtt_acs\",\"proxyType\":\"\",\"recDataSize\":499,\"recDataTime\":1,\"reqBodyDeflateSize\":1224,\"reqBodyInflateSize\":1224,\"reqHeadDeflateSize\":477,\"reqHeadInflateSize\":2179,\"reqServiceTransmissionEnd\":1561359847410,\"reqStart\":1561359847412,\"ret\":1,\"retryCostTime\":0,\"retryTimes\":0,\"roaming\":0,\"rspBodyDeflateSize\":109,\"rspBodyInflateSize\":109,\"rspCbDispatch\":1561359847565,\"rspCbEnd\":1561359847573,\"rspCbStart\":1561359847571,\"rspEnd\":1561359847565,\"rspHeadDeflateSize\":118,\"rspHeadInflateSize\":390,\"rspStart\":0,\"sendBeforeTime\":0,\"sendDataSize\":1701,\"sendDataTime\":2,\"sendEnd\":0,\"sendStart\":1561359847412,\"serializeTransferTime\":1,\"serverRT\":116,\"sinceInitTime\":6742,\"sinceLastLaunchTime\":95591,\"spdyRequestSend\":true,\"speedBucket\":\"normal\",\"start\":1561359847410,\"startType\":0,\"statusCode\":200,\"tnetErrorCode\":0,\"traceId\":\"80007894@75\",\"unit\":\"unszyun\",\"url\":\"https://guide-acs.m.taobao.com/gw/mtop.shop.mc.stacktrace/1.0/\",\"waitingTime\":0}","procedureName":"NetworkLib","stage":"procedureSuccess"}
06-24 15:04:07.599 10340 10438 E apm.gc  : 
06-24 15:04:07.926 10340 10521 E anet.Repeater: |[seq:MTOP6.DGRD7] [traceId:80007894@56]end, [RequestStatistic]ret=1,statusCode=200,msg=SUCCESS,host=guide-acs.m.taobao.com,ip=120.77.134.3,port=443,protocolType=http2_0rtt_acs,retryTime=0,retryCostTime=0,processTime=5,connWaitTime=0,cacheTime=0,sendDataTime=2,firstDataTime=505,recDataTime=238,lastProcessTime=2,oneWayTime=752,callbackTime=0,serverRT=433,sendSize=1607,recDataSize=1415110,originalDataSize=134639,extra={"firstIp":"120.77.134.3"},isReqSync=false,isReqMain=false,url=https://guide-acs.m.taobao.com/gw/mtop.taobao.wireless.home.awesome.homepage.recommend/1.0/
06-24 15:04:07.927 10340 10469 E apm.network: ->{"content":"{\"accuracy\":-1,\"bizId\":\"0\",\"bssid\":\"b8:6a:97:90:c7:78\",\"cacheTime\":0,\"callbackTime\":0,\"connWaitTime\":0,\"contentLength\":0,\"contentType\":\"application/json;charset=UTF-8\",\"degraded\":0,\"deviceLevel\":0,\"extra\":{},\"f_refer\":\"mtop\",\"firstDataTime\":505,\"host\":\"guide-acs.m.taobao.com\",\"ip\":\"120.77.134.3\",\"ipRefer\":0,\"ipType\":1,\"isBg\":\"fg\",\"isDNS\":true,\"isDone\":{},\"isFromExternal\":0,\"isProxy\":false,\"isReqMain\":false,\"isReqSync\":false,\"isSSL\":true,\"lastProcessTime\":2,\"lat\":90000,\"lng\":90000,\"mnc\":\"wifi\",\"msg\":\"SUCCESS\",\"netReqStart\":1561359847172,\"netType\":\"wifi\",\"oneWayTime\":752,\"port\":443,\"processTime\":5,\"protocolType\":\"http2_0rtt_acs\",\"proxyType\":\"\",\"recDataSize\":1415110,\"recDataTime\":238,\"reqBodyDeflateSize\":0,\"reqBodyInflateSize\":0,\"reqHeadDeflateSize\":1607,\"reqHeadInflateSize\":3902,\"reqServiceTransmissionEnd\":1561359847173,\"reqStart\":1561359847178,\"ret\":1,\"retryCostTime\":0,\"retryTimes\":0,\"roaming\":0,\"rspBodyDeflateSize\":134639,\"rspBodyInflateSize\":1414346,\"rspCbDispatch\":1561359847925,\"rspCbEnd\":1561359847925,\"rspCbStart\":1561359847925,\"rspEnd\":1561359847923,\"rspHeadDeflateSize\":336,\"rspHeadInflateSize\":764,\"rspStart\":0,\"sendBeforeTime\":1,\"sendDataSize\":1607,\"sendDataTime\":2,\"sendEnd\":0,\"sendStart\":1561359847178,\"serializeTransferTime\":1,\"serverRT\":433,\"sinceInitTime\":6505,\"sinceLastLaunchTime\":95591,\"spdyRequestSend\":true,\"speedBucket\":\"normal\",\"start\":1561359847173,\"startType\":0,\"statusCode\":200,\"tnetErrorCode\":0,\"traceId\":\"80007894@56\",\"unit\":\"unszyun\",\"url\":\"https://guide-acs.m.taobao.com/gw/mtop.taobao.wireless.home.awesome.homepage.recommend/1.0/\",\"waitingTime\":0}","procedureName":"NetworkLib","stage":"procedureSuccess"}
06-24 15:04:07.929 10340 10525 E mtopsdk.FCDuplexFilter:  [doOldFCAndAntiFilter] use old to do flow control, MTOP6
06-24 15:04:08.001 10340 10440 E apm.gc  : 
06-24 15:04:08.010 10340 10340 E mtopsdk : [seq:MTOP6]|[traceId:80007894@56] |MtopStatistics,apiKey=mtop.taobao.wireless.home.awesome.homepage.recommend$1.0,httpResponseStatus=200,retCode=SUCCESS,retType=0,reqSource=0,mappingCode=null,isCbMain=true,isReqMain=false,isReqSync=false,mtopTotalTime=773,waitExecuteTime=2,waitExecute2BuildParamTime=3,buildParamsTime=8,buildParams2NetworkTime=2,networkTotalTime=757,waitCallbackTime=0,startCallBack2EndTime=1,computeSignTime=6,computeMiniWuaTime=1,computeWuaTime=0,cacheSwitch=1,cacheHitType=0,cacheCostTime=0,cacheResponseParseTime=0,useSecurityAdapter=0,oneWayTime_ANet=752,resultCode=200,isRequestSuccess=true,host=guide-acs.m.taobao.com,ip_port=120.77.134.3:443,isSSL=true,connType=http2_0rtt_acs,processTime=5,firstDataTime=505,recDataTime=238,sendWaitTime=1,serverRT=433,sendSize=1607,recvSize=1415110,dataSpeed=5945,retryTimes=0
06-24 15:04:08.041 10340 10340 E guzhan  : homepage createView start at : 1561359848040, cost : 1
06-24 15:04:08.042 10340 10340 E Phenix  : TUrlImageView setImageUrl | url= https://gw.alicdn.com/tfs/TB1E8zAQAPoK1RjSZKbXXX1IXXa-192-60.png?isInFirstScreen=1&getAvatar=1| mLoadState:0| forceLoad:false| hostView:com.taobao.android.home.component.view.HImageView{25eee52 V.ED..... ......I. 0,0-0,0}
06-24 15:04:08.043 10340 10438 E apm.image: ->{"stage":"setImageUrl","log":"TUrlImageView setImageUrl | url= https:\/\/gw.alicdn.com\/tfs\/TB1E8zAQAPoK1RjSZKbXXX1IXXa-192-60.png?isInFirstScreen=1&getAvatar=1| mLoadState:0| forceLoad:false| hostView:com.taobao.android.home.component.view.HImageView{25eee52 V.ED..... ......I. 0,0-0,0}","url":"https:\/\/gw.alicdn.com\/tfs\/TB1E8zAQAPoK1RjSZKbXXX1IXXa-192-60.png?isInFirstScreen=1&getAvatar=1","requestId":"IMAGE","requestUrl":"","procedureName":"ImageLib"}
06-24 15:04:08.062 10340 10340 E guzhan  : homepage bindData position: 4, start at : 1561359848041, cost : 21
06-24 15:04:08.063 10340 10340 E guzhan  : homepage createView start at : 1561359848063, cost : 0
06-24 15:04:08.064 10340 10340 E guzhan  : homepage bindData position: 5, start at : 1561359848063, cost : 1
06-24 15:04:08.115 10340 10340 E Phenix  : [traceId:null] | [requestId:74] |start| https://gw.alicdn.com/tfs/TB1E8zAQAPoK1RjSZKbXXX1IXXa-192-60.png?isInFirstScreen=1&getAvatar=1
06-24 15:04:08.115 10340 10469 E apm.image: ->{"oriUrl":"https:\/\/gw.alicdn.com\/tfs\/TB1E8zAQAPoK1RjSZKbXXX1IXXa-192-60.png?isInFirstScreen=1&getAvatar=1","time":1561359848115,"stage":"onRequest","requestId":"74","requestUrl":"https:\/\/gw.alicdn.com\/tfs\/TB1E8zAQAPoK1RjSZKbXXX1IXXa-192-60.png?isInFirstScreen=1&getAvatar=1","procedureName":"ImageLib"}
06-24 15:04:08.116 10340 10340 E Phenix  : [traceId:80007894@77] | [requestId:74] |End| https://gw.alicdn.com/tfs/TB1E8zAQAPoK1RjSZKbXXX1IXXa-192-60.png?isInFirstScreen=1&getAvatar=1
06-24 15:04:08.116 10340 10485 E Phenix  : [traceId:80007894@77] | [requestId:74] |DiskCacheRead Started.| https://gw.alicdn.com/tfs/TB1E8zAQAPoK1RjSZKbXXX1IXXa-192-60.png?isInFirstScreen=1&getAvatar=1
06-24 15:04:08.118 10340 10485 E Phenix  : [traceId:80007894@77] | [requestId:74] |DiskCacheReader Finished.| https://gw.alicdn.com/tfs/TB1E8zAQAPoK1RjSZKbXXX1IXXa-192-60.png?isInFirstScreen=1&getAvatar=1
06-24 15:04:08.119 10340 10537 E Phenix  : [traceId:80007894@77] | [requestId:74] |Decode Started.| https://gw.alicdn.com/tfs/TB1E8zAQAPoK1RjSZKbXXX1IXXa-192-60.png?isInFirstScreen=1&getAvatar=1
06-24 15:04:08.122 10340 10537 E Phenix  : [traceId:80007894@77] | [requestId:74] |Decode Finished.| https://gw.alicdn.com/tfs/TB1E8zAQAPoK1RjSZKbXXX1IXXa-192-60.png?isInFirstScreen=1&getAvatar=1
06-24 15:04:08.123 10340 10537 E Phenix  : [traceId:80007894@77] | [requestId:74] |DiskCache Writer Started.| https://gw.alicdn.com/tfs/TB1E8zAQAPoK1RjSZKbXXX1IXXa-192-60.png?isInFirstScreen=1&getAvatar=1
06-24 15:04:08.123 10340 10537 E Phenix  : [traceId:80007894@77] | [requestId:74] |Dispatch Image to UI Thread.| https://gw.alicdn.com/tfs/TB1E8zAQAPoK1RjSZKbXXX1IXXa-192-60.png?isInFirstScreen=1&getAvatar=1
06-24 15:04:08.123 10340 10537 E Phenix  : [traceId:80007894@77] | [requestId:74] |DiskCache Writer Ended.| https://gw.alicdn.com/tfs/TB1E8zAQAPoK1RjSZKbXXX1IXXa-192-60.png?isInFirstScreen=1&getAvatar=1
06-24 15:04:08.124 10340 10340 E Phenix  : [traceId:80007894@77] | [requestId:74] |UI Thread Process CallBack Started.| https://gw.alicdn.com/tfs/TB1E8zAQAPoK1RjSZKbXXX1IXXa-192-60.png?isInFirstScreen=1&getAvatar=1
06-24 15:04:08.125 10340 10340 E Phenix  : [traceId:80007894@77] | [requestId:74] |UI Thread Process CallBack End.| https://gw.alicdn.com/tfs/TB1E8zAQAPoK1RjSZKbXXX1IXXa-192-60.png?isInFirstScreen=1&getAvatar=1
06-24 15:04:08.125 10340 10440 E apm.image: ->{"stage":"onFinished","requestId":"74","requestUrl":"https:\/\/gw.alicdn.com\/tfs\/TB1E8zAQAPoK1RjSZKbXXX1IXXa-192-60.png?isInFirstScreen=1&getAvatar=1","procedureName":"ImageLib","intermediate":false,"time":1561359848125,"animation":false}
06-24 15:04:08.125 10340 10340 E RxPhenix: [Phenix] requestId=74,UI_QUEUE_SIZE=0
06-24 15:04:08.199 10340 10340 E guzhan  : rmd createView start at : 1561359848198, cost : 1
06-24 15:04:08.204 10340 10340 E Phenix  : TUrlImageView setImageUrl | url= //img.alicdn.com/bao/uploaded/i1/55139744/O1CN012LqnjTH0Cc156cv_!!55139744.jpg| mLoadState:0| forceLoad:false| hostView:com.taobao.android.dinamic.ext.component.view.TImageView{a2f860e V.ED..... ......I. 0,0-0,0}
06-24 15:04:08.204 10340 10438 E apm.image: ->{"stage":"setImageUrl","log":"TUrlImageView setImageUrl | url= \/\/img.alicdn.com\/bao\/uploaded\/i1\/55139744\/O1CN012LqnjTH0Cc156cv_!!55139744.jpg| mLoadState:0| forceLoad:false| hostView:com.taobao.android.dinamic.ext.component.view.TImageView{a2f860e V.ED..... ......I. 0,0-0,0}","url":"\/\/img.alicdn.com\/bao\/uploaded\/i1\/55139744\/O1CN012LqnjTH0Cc156cv_!!55139744.jpg","requestId":"IMAGE","requestUrl":"","procedureName":"ImageLib"}
06-24 15:04:08.205 10340 10340 E Phenix  : TUrlImageView setImageUrl | url= https://gw.alicdn.com/tfs/TB1QMo2w7yWBuNjy0FpXXassXXa-513-513.png| mLoadState:0| forceLoad:false| hostView:com.taobao.android.dinamic.ext.component.view.TImageView{de8882f V.ED..... ......I. 0,0-0,0}
06-24 15:04:08.205 10340 10469 E apm.image: ->{"stage":"setImageUrl","log":"TUrlImageView setImageUrl | url= https:\/\/gw.alicdn.com\/tfs\/TB1QMo2w7yWBuNjy0FpXXassXXa-513-513.png| mLoadState:0| forceLoad:false| hostView:com.taobao.android.dinamic.ext.component.view.TImageView{de8882f V.ED..... ......I. 0,0-0,0}","url":"https:\/\/gw.alicdn.com\/tfs\/TB1QMo2w7yWBuNjy0FpXXassXXa-513-513.png","requestId":"IMAGE","requestUrl":"","procedureName":"ImageLib"}
06-24 15:04:08.206 10340 10340 E Phenix  : TUrlImageView setImageUrl | url= null| mLoadState:0| forceLoad:false| hostView:com.taobao.android.dinamic.ext.component.view.TImageView{8da7e3c V.ED..... ......I. 0,0-0,0}
06-24 15:04:08.207 10340 10440 E apm.image: ->{"stage":"setImageUrl","log":"TUrlImageView setImageUrl | url= null| mLoadState:0| forceLoad:false| hostView:com.taobao.android.dinamic.ext.component.view.TImageView{8da7e3c V.ED..... ......I. 0,0-0,0}","url":null,"requestId":"IMAGE","requestUrl":"","procedureName":"ImageLib"}
06-24 15:04:08.208 10340 10340 E Phenix  : TUrlImageView setImageUrl | url= null| mLoadState:0| forceLoad:false| hostView:com.taobao.android.dinamic.ext.component.view.TImageView{5e637c5 V.ED..... ......I. 0,0-0,0}
06-24 15:04:08.208 10340 10438 E apm.image: ->{"stage":"setImageUrl","log":"TUrlImageView setImageUrl | url= null| mLoadState:0| forceLoad:false| hostView:com.taobao.android.dinamic.ext.component.view.TImageView{5e637c5 V.ED..... ......I. 0,0-0,0}","url":null,"requestId":"IMAGE","requestUrl":"","procedureName":"ImageLib"}
06-24 15:04:08.221 10340 10340 E Phenix  : TUrlImageView setImageUrl | url= https://gw.alicdn.com/tfs/TB1nT6uRlLoK1RjSZFuXXXn0XXa-2-22.png| mLoadState:0| forceLoad:false| hostView:com.taobao.android.dinamic.ext.component.view.TImageView{f61f51a V.ED..... ......I. 0,0-0,0}
06-24 15:04:08.221 10340 10469 E apm.image: ->{"stage":"setImageUrl","log":"TUrlImageView setImageUrl | url= https:\/\/gw.alicdn.com\/tfs\/TB1nT6uRlLoK1RjSZFuXXXn0XXa-2-22.png| mLoadState:0| forceLoad:false| hostView:com.taobao.android.dinamic.ext.component.view.TImageView{f61f51a V.ED..... ......I. 0,0-0,0}","url":"https:\/\/gw.alicdn.com\/tfs\/TB1nT6uRlLoK1RjSZFuXXXn0XXa-2-22.png","requestId":"IMAGE","requestUrl":"","procedureName":"ImageLib"}
06-24 15:04:08.222 10340 10340 E Phenix  : TUrlImageView setImageUrl | url= https://gw.alicdn.com/tfs/TB1tZaeav1H3KVjSZFHXXbKppXa-28-45.png| mLoadState:0| forceLoad:false| hostView:com.taobao.android.dinamic.ext.component.view.TImageView{17f784b V.ED..... ......I. 0,0-0,0}
06-24 15:04:08.223 10340 10440 E apm.image: ->{"stage":"setImageUrl","log":"TUrlImageView setImageUrl | url= https:\/\/gw.alicdn.com\/tfs\/TB1tZaeav1H3KVjSZFHXXbKppXa-28-45.png| mLoadState:0| forceLoad:false| hostView:com.taobao.android.dinamic.ext.component.view.TImageView{17f784b V.ED..... ......I. 0,0-0,0}","url":"https:\/\/gw.alicdn.com\/tfs\/TB1tZaeav1H3KVjSZFHXXbKppXa-28-45.png","requestId":"IMAGE","requestUrl":"","procedureName":"ImageLib"}
06-24 15:04:08.226 10340 10340 E Phenix  : TUrlImageView setImageUrl | url= https://gw.alicdn.com/tfs/TB1A1smb3oQMeJjy0FoXXcShVXa-90-69.png| mLoadState:0| forceLoad:false| hostView:com.taobao.android.dinamic.ext.component.view.TImageView{eef4228 V.ED..... ......I. 0,0-0,0}
06-24 15:04:08.226 10340 10438 E apm.image: ->{"stage":"setImageUrl","log":"TUrlImageView setImageUrl | url= https:\/\/gw.alicdn.com\/tfs\/TB1A1smb3oQMeJjy0FoXXcShVXa-90-69.png| mLoadState:0| forceLoad:false| hostView:com.taobao.android.dinamic.ext.component.view.TImageView{eef4228 V.ED..... ......I. 0,0-0,0}","url":"https:\/\/gw.alicdn.com\/tfs\/TB1A1smb3oQMeJjy0FoXXcShVXa-90-69.png","requestId":"IMAGE","requestUrl":"","procedureName":"ImageLib"}
06-24 15:04:08.227 10340 10340 E Phenix  : TUrlImageView setImageUrl | url= null| mLoadState:0| forceLoad:false| hostView:com.taobao.android.dinamic.ext.component.view.TImageView{4f78b41 V.ED..... ......I. 0,0-0,0}
06-24 15:04:08.227 10340 10469 E apm.image: ->{"stage":"setImageUrl","log":"TUrlImageView setImageUrl | url= null| mLoadState:0| forceLoad:false| hostView:com.taobao.android.dinamic.ext.component.view.TImageView{4f78b41 V.ED..... ......I. 0,0-0,0}","url":null,"requestId":"IMAGE","requestUrl":"","procedureName":"ImageLib"}
06-24 15:04:08.227 10340 10340 E Phenix  : TUrlImageView setImageUrl | url= null| mLoadState:0| forceLoad:false| hostView:com.taobao.android.dinamic.ext.component.view.TImageView{f1a48e6 V.ED..... ......I. 0,0-0,0}
06-24 15:04:08.228 10340 10440 E apm.image: ->{"stage":"setImageUrl","log":"TUrlImageView setImageUrl | url= null| mLoadState:0| forceLoad:false| hostView:com.taobao.android.dinamic.ext.component.view.TImageView{f1a48e6 V.ED..... ......I. 0,0-0,0}","url":null,"requestId":"IMAGE","requestUrl":"","procedureName":"ImageLib"}
06-24 15:04:08.230 10340 10340 E guzhan  : rmd bindData position: 0, start at : 1561359848199, cost : 31
06-24 15:04:08.232 10340 10542 E homepage_track.real_time_rec: user_state_compute shouldHappen false reason=isOpen false
06-24 15:04:08.233 10340 10542 E homepage_track.ModelManager: triggerUserState onIntercept
06-24 15:04:08.233 10340 10542 E homepage_track.real_time_rec: guess_items_airefresh shouldHappen false reason=isOpen false
06-24 15:04:08.234 10340 10542 E homepage_track.real_time_rec: guess_items_rerank shouldHappen false reason=isOpen false
06-24 15:04:08.235 10340 10542 E homepage_track.ModelManager: triggerGuessReRank onIntercept
06-24 15:04:08.239 10340 10438 E apm.image: ->{"oriUrl":"\/\/img.alicdn.com\/bao\/uploaded\/i1\/55139744\/O1CN012LqnjTH0Cc156cv_!!55139744.jpg","time":1561359848239,"stage":"onRequest","requestId":"75","requestUrl":"\/\/gw.alicdn.com\/bao\/uploaded\/i1\/55139744\/O1CN012LqnjTH0Cc156cv_!!55139744.jpg_600x600q75.jpg_.heic","procedureName":"ImageLib"}
06-24 15:04:08.239 10340 10340 E Phenix  : [traceId:null] | [requestId:75] |start| //gw.alicdn.com/bao/uploaded/i1/55139744/O1CN012LqnjTH0Cc156cv_!!55139744.jpg_600x600q75.jpg_.heic
06-24 15:04:08.239 10340 10340 E Phenix  : [traceId:80007894@78] | [requestId:75] |End| //gw.alicdn.com/bao/uploaded/i1/55139744/O1CN012LqnjTH0Cc156cv_!!55139744.jpg_600x600q75.jpg_.heic
06-24 15:04:08.240 10340 10532 E Phenix  : [traceId:80007894@78] | [requestId:75] |DiskCacheRead Started.| //gw.alicdn.com/bao/uploaded/i1/55139744/O1CN012LqnjTH0Cc156cv_!!55139744.jpg_600x600q75.jpg_.heic
06-24 15:04:08.240 10340 10340 E Phenix  : [traceId:null] | [requestId:76] |start| https://gw.alicdn.com/tfs/TB1QMo2w7yWBuNjy0FpXXassXXa-513-513.png_600x600q75.jpg
06-24 15:04:08.240 10340 10469 E apm.image: ->{"oriUrl":"https:\/\/gw.alicdn.com\/tfs\/TB1QMo2w7yWBuNjy0FpXXassXXa-513-513.png","time":1561359848240,"stage":"onRequest","requestId":"76","requestUrl":"https:\/\/gw.alicdn.com\/tfs\/TB1QMo2w7yWBuNjy0FpXXassXXa-513-513.png_600x600q75.jpg","procedureName":"ImageLib"}
06-24 15:04:08.240 10340 10532 E Phenix  : [traceId:80007894@78] | [requestId:75] |DiskCacheReader Finished.| //gw.alicdn.com/bao/uploaded/i1/55139744/O1CN012LqnjTH0Cc156cv_!!55139744.jpg_600x600q75.jpg_.heic
06-24 15:04:08.241 10340 10340 E Phenix  : [traceId:80007894@79] | [requestId:76] |End| https://gw.alicdn.com/tfs/TB1QMo2w7yWBuNjy0FpXXassXXa-513-513.png_600x600q75.jpg
06-24 15:04:08.241 10340 10532 E Phenix  : [traceId:80007894@78] | [requestId:75] |Network Connect Started.| //gw.alicdn.com/bao/uploaded/i1/55139744/O1CN012LqnjTH0Cc156cv_!!55139744.jpg_600x600q75.jpg_.heic
06-24 15:04:08.241 10340 10487 E Phenix  : [traceId:80007894@79] | [requestId:76] |DiskCacheRead Started.| https://gw.alicdn.com/tfs/TB1QMo2w7yWBuNjy0FpXXassXXa-513-513.png_600x600q75.jpg
06-24 15:04:08.241 10340 10532 E anet.UnifiedRequestTask: |[seq:DGRD15] [traceId:80007894@80]start url:https://gw.alicdn.com/bao/uploaded/i1/55139744/O1CN012LqnjTH0Cc156cv_!!55139744.jpg_600x600q75.jpg_.heic
06-24 15:04:08.242 10340 10440 E apm.image: ->{"oriUrl":"https:\/\/gw.alicdn.com\/tfs\/TB1A1smb3oQMeJjy0FoXXcShVXa-90-69.png","time":1561359848242,"stage":"onRequest","requestId":"77","requestUrl":"https:\/\/gw.alicdn.com\/tfs\/TB1A1smb3oQMeJjy0FoXXcShVXa-90-69.png_110x110q75.jpg","procedureName":"ImageLib"}
06-24 15:04:08.242 10340 10340 E Phenix  : [traceId:null] | [requestId:77] |start| https://gw.alicdn.com/tfs/TB1A1smb3oQMeJjy0FoXXcShVXa-90-69.png_110x110q75.jpg
06-24 15:04:08.242 10340 10487 E Phenix  : [traceId:80007894@79] | [requestId:76] |DiskCacheReader Finished.| https://gw.alicdn.com/tfs/TB1QMo2w7yWBuNjy0FpXXassXXa-513-513.png_600x600q75.jpg
06-24 15:04:08.243 10340 10340 E Phenix  : [traceId:80007894@81] | [requestId:77] |End| https://gw.alicdn.com/tfs/TB1A1smb3oQMeJjy0FoXXcShVXa-90-69.png_110x110q75.jpg
06-24 15:04:08.243 10340 10551 E Phenix  : [traceId:80007894@81] | [requestId:77] |DiskCacheRead Started.| https://gw.alicdn.com/tfs/TB1A1smb3oQMeJjy0FoXXcShVXa-90-69.png_110x110q75.jpg
06-24 15:04:08.244 10340 10551 E Phenix  : [traceId:80007894@81] | [requestId:77] |DiskCacheReader Finished.| https://gw.alicdn.com/tfs/TB1A1smb3oQMeJjy0FoXXcShVXa-90-69.png_110x110q75.jpg
06-24 15:04:08.244 10340 10340 E guzhan  : rmd createView start at : 1561359848243, cost : 1
06-24 15:04:08.245 10340 10533 E Phenix  : [traceId:80007894@79] | [requestId:76] |Decode Started.| https://gw.alicdn.com/tfs/TB1QMo2w7yWBuNjy0FpXXassXXa-513-513.png_600x600q75.jpg
06-24 15:04:08.245 10340 10554 E Phenix  : [traceId:80007894@81] | [requestId:77] |Decode Started.| https://gw.alicdn.com/tfs/TB1A1smb3oQMeJjy0FoXXcShVXa-90-69.png_110x110q75.jpg
06-24 15:04:08.246 10340 10340 E Phenix  : TUrlImageView setImageUrl | url= //img.alicdn.com/bao/uploaded/i1/2329143538/TB2mGgjqYXlpuFjy1zbXXb_qpXa_!!2329143538.jpg| mLoadState:0| forceLoad:false| hostView:com.taobao.android.dinamic.ext.component.view.TImageView{131d8ca V.ED..... ......I. 0,0-0,0}
06-24 15:04:08.246 10340 10438 E apm.image: ->{"stage":"setImageUrl","log":"TUrlImageView setImageUrl | url= \/\/img.alicdn.com\/bao\/uploaded\/i1\/2329143538\/TB2mGgjqYXlpuFjy1zbXXb_qpXa_!!2329143538.jpg| mLoadState:0| forceLoad:false| hostView:com.taobao.android.dinamic.ext.component.view.TImageView{131d8ca V.ED..... ......I. 0,0-0,0}","url":"\/\/img.alicdn.com\/bao\/uploaded\/i1\/2329143538\/TB2mGgjqYXlpuFjy1zbXXb_qpXa_!!2329143538.jpg","requestId":"IMAGE","requestUrl":"","procedureName":"ImageLib"}
06-24 15:04:08.246 10340 10340 E Phenix  : TUrlImageView setImageUrl | url= https://gw.alicdn.com/tfs/TB1QMo2w7yWBuNjy0FpXXassXXa-513-513.png| mLoadState:0| forceLoad:false| hostView:com.taobao.android.dinamic.ext.component.view.TImageView{8830a3b V.ED..... ......I. 0,0-0,0}
06-24 15:04:08.247 10340 10469 E apm.image: ->{"stage":"setImageUrl","log":"TUrlImageView setImageUrl | url= https:\/\/gw.alicdn.com\/tfs\/TB1QMo2w7yWBuNjy0FpXXassXXa-513-513.png| mLoadState:0| forceLoad:false| hostView:com.taobao.android.dinamic.ext.component.view.TImageView{8830a3b V.ED..... ......I. 0,0-0,0}","url":"https:\/\/gw.alicdn.com\/tfs\/TB1QMo2w7yWBuNjy0FpXXassXXa-513-513.png","requestId":"IMAGE","requestUrl":"","procedureName":"ImageLib"}
06-24 15:04:08.247 10340 10340 E Phenix  : TUrlImageView setImageUrl | url= null| mLoadState:0| forceLoad:false| hostView:com.taobao.android.dinamic.ext.component.view.TImageView{18b8558 V.ED..... ......I. 0,0-0,0}
06-24 15:04:08.248 10340 10440 E apm.image: ->{"stage":"setImageUrl","log":"TUrlImageView setImageUrl | url= null| mLoadState:0| forceLoad:false| hostView:com.taobao.android.dinamic.ext.component.view.TImageView{18b8558 V.ED..... ......I. 0,0-0,0}","url":null,"requestId":"IMAGE","requestUrl":"","procedureName":"ImageLib"}
06-24 15:04:08.248 10340 10340 E Phenix  : TUrlImageView setImageUrl | url= null| mLoadState:0| forceLoad:false| hostView:com.taobao.android.dinamic.ext.component.view.TImageView{518c6b1 V.ED..... ......I. 0,0-0,0}
06-24 15:04:08.248 10340 10438 E apm.image: ->{"stage":"setImageUrl","log":"TUrlImageView setImageUrl | url= null| mLoadState:0| forceLoad:false| hostView:com.taobao.android.dinamic.ext.component.view.TImageView{518c6b1 V.ED..... ......I. 0,0-0,0}","url":null,"requestId":"IMAGE","requestUrl":"","procedureName":"ImageLib"}
06-24 15:04:08.251 10340 10554 E Phenix  : [traceId:80007894@81] | [requestId:77] |Decode Finished.| https://gw.alicdn.com/tfs/TB1A1smb3oQMeJjy0FoXXcShVXa-90-69.png_110x110q75.jpg
06-24 15:04:08.251 10340 10554 E Phenix  : [traceId:80007894@81] | [requestId:77] |DiskCache Writer Started.| https://gw.alicdn.com/tfs/TB1A1smb3oQMeJjy0FoXXcShVXa-90-69.png_110x110q75.jpg
06-24 15:04:08.251 10340 10554 E Phenix  : [traceId:80007894@81] | [requestId:77] |Dispatch Image to UI Thread.| https://gw.alicdn.com/tfs/TB1A1smb3oQMeJjy0FoXXcShVXa-90-69.png_110x110q75.jpg
06-24 15:04:08.252 10340 10554 E Phenix  : [traceId:80007894@81] | [requestId:77] |DiskCache Writer Ended.| https://gw.alicdn.com/tfs/TB1A1smb3oQMeJjy0FoXXcShVXa-90-69.png_110x110q75.jpg
06-24 15:04:08.253 10340 10533 E Phenix  : [traceId:80007894@79] | [requestId:76] |Decode Finished.| https://gw.alicdn.com/tfs/TB1QMo2w7yWBuNjy0FpXXassXXa-513-513.png_600x600q75.jpg
06-24 15:04:08.253 10340 10533 E Phenix  : [traceId:80007894@79] | [requestId:76] |DiskCache Writer Started.| https://gw.alicdn.com/tfs/TB1QMo2w7yWBuNjy0FpXXassXXa-513-513.png_600x600q75.jpg
06-24 15:04:08.254 10340 10533 E Phenix  : [traceId:80007894@79] | [requestId:76] |Dispatch Image to UI Thread.| https://gw.alicdn.com/tfs/TB1QMo2w7yWBuNjy0FpXXassXXa-513-513.png_600x600q75.jpg
06-24 15:04:08.254 10340 10533 E Phenix  : [traceId:80007894@79] | [requestId:76] |DiskCache Writer Ended.| https://gw.alicdn.com/tfs/TB1QMo2w7yWBuNjy0FpXXassXXa-513-513.png_600x600q75.jpg
06-24 15:04:08.261 10340 10340 E Phenix  : TUrlImageView setImageUrl | url= https://gw.alicdn.com/tfs/TB1nT6uRlLoK1RjSZFuXXXn0XXa-2-22.png| mLoadState:0| forceLoad:false| hostView:com.taobao.android.dinamic.ext.component.view.TImageView{5da85b3 V.ED..... ......I. 0,0-0,0}
06-24 15:04:08.261 10340 10469 E apm.image: ->{"stage":"setImageUrl","log":"TUrlImageView setImageUrl | url= https:\/\/gw.alicdn.com\/tfs\/TB1nT6uRlLoK1RjSZFuXXXn0XXa-2-22.png| mLoadState:0| forceLoad:false| hostView:com.taobao.android.dinamic.ext.component.view.TImageView{5da85b3 V.ED..... ......I. 0,0-0,0}","url":"https:\/\/gw.alicdn.com\/tfs\/TB1nT6uRlLoK1RjSZFuXXXn0XXa-2-22.png","requestId":"IMAGE","requestUrl":"","procedureName":"ImageLib"}
06-24 15:04:08.262 10340 10340 E Phenix  : TUrlImageView setImageUrl | url= https://gw.alicdn.com/tfs/TB1tZaeav1H3KVjSZFHXXbKppXa-28-45.png| mLoadState:0| forceLoad:false| hostView:com.taobao.android.dinamic.ext.component.view.TImageView{e39a770 V.ED..... ......I. 0,0-0,0}
06-24 15:04:08.262 10340 10440 E apm.image: ->{"stage":"setImageUrl","log":"TUrlImageView setImageUrl | url= https:\/\/gw.alicdn.com\/tfs\/TB1tZaeav1H3KVjSZFHXXbKppXa-28-45.png| mLoadState:0| forceLoad:false| hostView:com.taobao.android.dinamic.ext.component.view.TImageView{e39a770 V.ED..... ......I. 0,0-0,0}","url":"https:\/\/gw.alicdn.com\/tfs\/TB1tZaeav1H3KVjSZFHXXbKppXa-28-45.png","requestId":"IMAGE","requestUrl":"","procedureName":"ImageLib"}
06-24 15:04:08.264 10340 10340 E Phenix  : TUrlImageView setImageUrl | url= https://gw.alicdn.com/tfs/TB1A1smb3oQMeJjy0FoXXcShVXa-90-69.png| mLoadState:0| forceLoad:false| hostView:com.taobao.android.dinamic.ext.component.view.TImageView{309ae9 V.ED..... ......I. 0,0-0,0}
06-24 15:04:08.264 10340 10438 E apm.image: ->{"stage":"setImageUrl","log":"TUrlImageView setImageUrl | url= https:\/\/gw.alicdn.com\/tfs\/TB1A1smb3oQMeJjy0FoXXcShVXa-90-69.png| mLoadState:0| forceLoad:false| hostView:com.taobao.android.dinamic.ext.component.view.TImageView{309ae9 V.ED..... ......I. 0,0-0,0}","url":"https:\/\/gw.alicdn.com\/tfs\/TB1A1smb3oQMeJjy0FoXXcShVXa-90-69.png","requestId":"IMAGE","requestUrl":"","procedureName":"ImageLib"}
06-24 15:04:08.265 10340 10340 E Phenix  : TUrlImageView setImageUrl | url= null| mLoadState:0| forceLoad:false| hostView:com.taobao.android.dinamic.ext.component.view.TImageView{d1b236e V.ED..... ......I. 0,0-0,0}
06-24 15:04:08.265 10340 10469 E apm.image: ->{"stage":"setImageUrl","log":"TUrlImageView setImageUrl | url= null| mLoadState:0| forceLoad:false| hostView:com.taobao.android.dinamic.ext.component.view.TImageView{d1b236e V.ED..... ......I. 0,0-0,0}","url":null,"requestId":"IMAGE","requestUrl":"","procedureName":"ImageLib"}
06-24 15:04:08.265 10340 10340 E Phenix  : TUrlImageView setImageUrl | url= null| mLoadState:0| forceLoad:false| hostView:com.taobao.android.dinamic.ext.component.view.TImageView{e6dca0f V.ED..... ......I. 0,0-0,0}
06-24 15:04:08.266 10340 10440 E apm.image: ->{"stage":"setImageUrl","log":"TUrlImageView setImageUrl | url= null| mLoadState:0| forceLoad:false| hostView:com.taobao.android.dinamic.ext.component.view.TImageView{e6dca0f V.ED..... ......I. 0,0-0,0}","url":null,"requestId":"IMAGE","requestUrl":"","procedureName":"ImageLib"}
06-24 15:04:08.268 10340 10340 E guzhan  : rmd bindData position: 1, start at : 1561359848245, cost : 23
06-24 15:04:08.274 10340 10340 E Phenix  : [traceId:null] | [requestId:78] |start| //gw.alicdn.com/bao/uploaded/i1/2329143538/TB2mGgjqYXlpuFjy1zbXXb_qpXa_!!2329143538.jpg_600x600q75.jpg_.heic
06-24 15:04:08.274 10340 10438 E apm.image: ->{"oriUrl":"\/\/img.alicdn.com\/bao\/uploaded\/i1\/2329143538\/TB2mGgjqYXlpuFjy1zbXXb_qpXa_!!2329143538.jpg","time":1561359848274,"stage":"onRequest","requestId":"78","requestUrl":"\/\/gw.alicdn.com\/bao\/uploaded\/i1\/2329143538\/TB2mGgjqYXlpuFjy1zbXXb_qpXa_!!2329143538.jpg_600x600q75.jpg_.heic","procedureName":"ImageLib"}
06-24 15:04:08.275 10340 10340 E Phenix  : [traceId:80007894@82] | [requestId:78] |End| //gw.alicdn.com/bao/uploaded/i1/2329143538/TB2mGgjqYXlpuFjy1zbXXb_qpXa_!!2329143538.jpg_600x600q75.jpg_.heic
06-24 15:04:08.275 10340 10550 E Phenix  : [traceId:80007894@82] | [requestId:78] |DiskCacheRead Started.| //gw.alicdn.com/bao/uploaded/i1/2329143538/TB2mGgjqYXlpuFjy1zbXXb_qpXa_!!2329143538.jpg_600x600q75.jpg_.heic
06-24 15:04:08.276 10340 10469 E apm.image: ->{"oriUrl":"https:\/\/gw.alicdn.com\/tfs\/TB1QMo2w7yWBuNjy0FpXXassXXa-513-513.png","time":1561359848276,"stage":"onRequest","requestId":"79","requestUrl":"https:\/\/gw.alicdn.com\/tfs\/TB1QMo2w7yWBuNjy0FpXXassXXa-513-513.png_600x600q75.jpg","procedureName":"ImageLib"}
06-24 15:04:08.276 10340 10340 E Phenix  : [traceId:null] | [requestId:79] |start| https://gw.alicdn.com/tfs/TB1QMo2w7yWBuNjy0FpXXassXXa-513-513.png_600x600q75.jpg
06-24 15:04:08.276 10340 10550 E Phenix  : [traceId:80007894@82] | [requestId:78] |DiskCacheReader Finished.| //gw.alicdn.com/bao/uploaded/i1/2329143538/TB2mGgjqYXlpuFjy1zbXXb_qpXa_!!2329143538.jpg_600x600q75.jpg_.heic
06-24 15:04:08.276 10340 10340 E Phenix  : [traceId:null] | [requestId:79] |UI Thread Process CallBack Started.| https://gw.alicdn.com/tfs/TB1QMo2w7yWBuNjy0FpXXassXXa-513-513.png_600x600q75.jpg
06-24 15:04:08.276 10340 10550 E Phenix  : [traceId:80007894@82] | [requestId:78] |Network Connect Started.| //gw.alicdn.com/bao/uploaded/i1/2329143538/TB2mGgjqYXlpuFjy1zbXXb_qpXa_!!2329143538.jpg_600x600q75.jpg_.heic
06-24 15:04:08.276 10340 10340 E Phenix  : [traceId:null] | [requestId:79] |UI Thread Process CallBack End.| https://gw.alicdn.com/tfs/TB1QMo2w7yWBuNjy0FpXXassXXa-513-513.png_600x600q75.jpg
06-24 15:04:08.277 10340 10340 E RxPhenix: [Phenix] requestId=79,UI_QUEUE_SIZE=0
06-24 15:04:08.277 10340 10340 E Phenix  : [traceId:null] | [requestId:79] |End| https://gw.alicdn.com/tfs/TB1QMo2w7yWBuNjy0FpXXassXXa-513-513.png_600x600q75.jpg
06-24 15:04:08.277 10340 10550 E anet.UnifiedRequestTask: |[seq:DGRD16] [traceId:80007894@83]start url:https://gw.alicdn.com/bao/uploaded/i1/2329143538/TB2mGgjqYXlpuFjy1zbXXb_qpXa_!!2329143538.jpg_600x600q75.jpg_.heic
06-24 15:04:08.278 10340 10340 E Phenix  : [traceId:null] | [requestId:80] |start| https://gw.alicdn.com/tfs/TB1A1smb3oQMeJjy0FoXXcShVXa-90-69.png_110x110q75.jpg
06-24 15:04:08.278 10340 10440 E apm.image: ->{"oriUrl":"https:\/\/gw.alicdn.com\/tfs\/TB1A1smb3oQMeJjy0FoXXcShVXa-90-69.png","time":1561359848278,"stage":"onRequest","requestId":"80","requestUrl":"https:\/\/gw.alicdn.com\/tfs\/TB1A1smb3oQMeJjy0FoXXcShVXa-90-69.png_110x110q75.jpg","procedureName":"ImageLib"}
06-24 15:04:08.278 10340 10340 E Phenix  : [traceId:null] | [requestId:80] |UI Thread Process CallBack Started.| https://gw.alicdn.com/tfs/TB1A1smb3oQMeJjy0FoXXcShVXa-90-69.png_110x110q75.jpg
06-24 15:04:08.278 10340 10340 E Phenix  : [traceId:null] | [requestId:80] |UI Thread Process CallBack End.| https://gw.alicdn.com/tfs/TB1A1smb3oQMeJjy0FoXXcShVXa-90-69.png_110x110q75.jpg
06-24 15:04:08.279 10340 10340 E RxPhenix: [Phenix] requestId=80,UI_QUEUE_SIZE=0
06-24 15:04:08.279 10340 10340 E Phenix  : [traceId:null] | [requestId:80] |End| https://gw.alicdn.com/tfs/TB1A1smb3oQMeJjy0FoXXcShVXa-90-69.png_110x110q75.jpg
06-24 15:04:08.281 10340 10340 E guzhan  : rmd createView start at : 1561359848280, cost : 0
06-24 15:04:08.281 10340 10340 E Phenix  : TUrlImageView setImageUrl | url= //img.alicdn.com/bao/uploaded/i2/717712883/O1CN01YuTaQD1XASNzJ4zAN_!!717712883.jpg| mLoadState:0| forceLoad:false| hostView:com.taobao.android.dinamic.ext.component.view.TImageView{c3aec07 V.ED..... ......I. 0,0-0,0}
06-24 15:04:08.282 10340 10438 E apm.image: ->{"stage":"setImageUrl","log":"TUrlImageView setImageUrl | url= \/\/img.alicdn.com\/bao\/uploaded\/i2\/717712883\/O1CN01YuTaQD1XASNzJ4zAN_!!717712883.jpg| mLoadState:0| forceLoad:false| hostView:com.taobao.android.dinamic.ext.component.view.TImageView{c3aec07 V.ED..... ......I. 0,0-0,0}","url":"\/\/img.alicdn.com\/bao\/uploaded\/i2\/717712883\/O1CN01YuTaQD1XASNzJ4zAN_!!717712883.jpg","requestId":"IMAGE","requestUrl":"","procedureName":"ImageLib"}
06-24 15:04:08.282 10340 10340 E Phenix  : TUrlImageView setImageUrl | url= https://gw.alicdn.com/tfs/TB1QMo2w7yWBuNjy0FpXXassXXa-513-513.png| mLoadState:0| forceLoad:false| hostView:com.taobao.android.dinamic.ext.component.view.TImageView{d6ad134 V.ED..... ......I. 0,0-0,0}
06-24 15:04:08.282 10340 10469 E apm.image: ->{"stage":"setImageUrl","log":"TUrlImageView setImageUrl | url= https:\/\/gw.alicdn.com\/tfs\/TB1QMo2w7yWBuNjy0FpXXassXXa-513-513.png| mLoadState:0| forceLoad:false| hostView:com.taobao.android.dinamic.ext.component.view.TImageView{d6ad134 V.ED..... ......I. 0,0-0,0}","url":"https:\/\/gw.alicdn.com\/tfs\/TB1QMo2w7yWBuNjy0FpXXassXXa-513-513.png","requestId":"IMAGE","requestUrl":"","procedureName":"ImageLib"}
06-24 15:04:08.283 10340 10340 E Phenix  : TUrlImageView setImageUrl | url= null| mLoadState:0| forceLoad:false| hostView:com.taobao.android.dinamic.ext.component.view.TImageView{4711b5d V.ED..... ......I. 0,0-0,0}
06-24 15:04:08.283 10340 10440 E apm.image: ->{"stage":"setImageUrl","log":"TUrlImageView setImageUrl | url= null| mLoadState:0| forceLoad:false| hostView:com.taobao.android.dinamic.ext.component.view.TImageView{4711b5d V.ED..... ......I. 0,0-0,0}","url":null,"requestId":"IMAGE","requestUrl":"","procedureName":"ImageLib"}
06-24 15:04:08.284 10340 10340 E Phenix  : TUrlImageView setImageUrl | url= null| mLoadState:0| forceLoad:false| hostView:com.taobao.android.dinamic.ext.component.view.TImageView{16d2cd2 V.ED..... ......I. 0,0-0,0}
06-24 15:04:08.284 10340 10438 E apm.image: ->{"stage":"setImageUrl","log":"TUrlImageView setImageUrl | url= null| mLoadState:0| forceLoad:false| hostView:com.taobao.android.dinamic.ext.component.view.TImageView{16d2cd2 V.ED..... ......I. 0,0-0,0}","url":null,"requestId":"IMAGE","requestUrl":"","procedureName":"ImageLib"}
06-24 15:04:08.286 10340 10340 E Phenix  : TUrlImageView setImageUrl | url= https://gw.alicdn.com/tfs/TB1A1smb3oQMeJjy0FoXXcShVXa-90-69.png| mLoadState:0| forceLoad:false| hostView:com.taobao.android.dinamic.ext.component.view.TImageView{b9041a3 V.ED..... ......I. 0,0-0,0}
06-24 15:04:08.287 10340 10469 E apm.image: ->{"stage":"setImageUrl","log":"TUrlImageView setImageUrl | url= https:\/\/gw.alicdn.com\/tfs\/TB1A1smb3oQMeJjy0FoXXcShVXa-90-69.png| mLoadState:0| forceLoad:false| hostView:com.taobao.android.dinamic.ext.component.view.TImageView{b9041a3 V.ED..... ......I. 0,0-0,0}","url":"https:\/\/gw.alicdn.com\/tfs\/TB1A1smb3oQMeJjy0FoXXcShVXa-90-69.png","requestId":"IMAGE","requestUrl":"","procedureName":"ImageLib"}
06-24 15:04:08.287 10340 10340 E Phenix  : TUrlImageView setImageUrl | url= null| mLoadState:0| forceLoad:false| hostView:com.taobao.android.dinamic.ext.component.view.TImageView{77dcca0 V.ED..... ......I. 0,0-0,0}
06-24 15:04:08.287 10340 10440 E apm.image: ->{"stage":"setImageUrl","log":"TUrlImageView setImageUrl | url= null| mLoadState:0| forceLoad:false| hostView:com.taobao.android.dinamic.ext.component.view.TImageView{77dcca0 V.ED..... ......I. 0,0-0,0}","url":null,"requestId":"IMAGE","requestUrl":"","procedureName":"ImageLib"}
06-24 15:04:08.288 10340 10340 E Phenix  : TUrlImageView setImageUrl | url= null| mLoadState:0| forceLoad:false| hostView:com.taobao.android.dinamic.ext.component.view.TImageView{8a91059 V.ED..... ......I. 0,0-0,0}
