--------- beginning of main
06-24 15:03:49.597  1159 17487 E libc    : Access denied finding property "vendor.debug.egl.swapinterval"
--------- beginning of system
06-24 15:03:49.645  1159 17487 E libc    : Access denied finding property "vendor.debug.egl.swapinterval"
06-24 15:03:50.140  6258  6325 E XgStat  : [XgStat(99): ProGuard:190] - [http://pingma.qq.com:80/mstat/report/?index=1561010757]Send request(eventsize:1,270bytes), content:[{"ky":"Axg0","et":1000,"ui":"358327090491726","mc":"02:00:00:00:00:00","ut":1,"ch":"xgsdk","mid":"5cebe66f23078b1d423d6696cbb83d9d8b332545","si":1328608381,"cts":1561359830,"ts":1561359830,"sv":"3.1","dts":0,"ei":"SrvAck","kv":{"type":"0","busiMsgId":"0","msgId":"0"}}]
06-24 15:03:50.241  6258  6325 E XgStat  : [XgStat(99): ProGuard:190] - [http://pingma.qq.com:80/mstat/report/?index=1561010758]Send request(eventsize:1,270bytes), content:[{"ky":"Axg0","et":1000,"ui":"358327090491726","mc":"02:00:00:00:00:00","ut":1,"ch":"xgsdk","mid":"5cebe66f23078b1d423d6696cbb83d9d8b332545","si":1328608381,"cts":1561359830,"ts":1561359830,"sv":"3.1","dts":0,"ei":"SrvAck","kv":{"type":"0","busiMsgId":"0","msgId":"0"}}]
06-24 15:03:50.700  1159  4490 E WifiService: Failed to start scan
06-24 15:03:50.765 29847 10329 E Locus ===> LocationStore: 轨迹 db insert error :  no user id
06-24 15:03:50.840 29847 29888 E apm.gc  : 
06-24 15:03:52.741 30803 10330 E memtrack: Couldn't load memtrack module
06-24 15:04:00.698  1159  9183 E WifiService: Failed to start scan
06-24 15:04:00.709 19746  9136 E AudioSource: Stop listening is called on already closed AudioSource
06-24 15:04:00.725 29847 10355 E Locus ===> LocationStore: 轨迹 db insert error :  no user id
06-24 15:04:00.727   638   638 E libc    : Access denied finding property "vendor.debug.egl.swapinterval"
06-24 15:04:00.742   638   638 E libc    : Access denied finding property "vendor.debug.egl.swapinterval"
06-24 15:04:00.758   638   638 E libc    : Access denied finding property "vendor.debug.egl.swapinterval"
06-24 15:04:00.775   638   638 E libc    : Access denied finding property "vendor.debug.egl.swapinterval"
06-24 15:04:04.722 10340 10362 E MotuCrashSDK: try to find system trace file, but file not exist. 
06-24 15:04:04.727 10340 10340 E BundleInfoManager: generate info from generator
06-24 15:04:04.728 10340 10340 E ApplicationInvoker: successfully invoke start application com.taobao.tao.TaoApplication
06-24 15:04:04.787 10340 10340 E TBSpeed : init openBlackLlist, set openBlackLlist=DQuery
06-24 15:04:04.835 10340 10340 E ActivityThread: Failed to find provider info for null
06-24 15:04:04.836 10340 10340 E InstantPatcher: no patch
06-24 15:04:04.891 10340 10370 E HResourceManager: onStatusChanged, old=false, new=true
06-24 15:04:04.913 10340 10377 E AVFSAdapterManager: - AVFSAdapterManager initialize: mInitialized=true
06-24 15:04:05.039 10340 10378 E anet.CookieManager:  CookieManager setup. cost:174
06-24 15:04:05.056 10340 10412 E TBSpeed : speedSwitch=true, speedOpen=false, speedGray=false, blackList=DQuery
06-24 15:04:05.087 10340 10376 E anet.NetworkSdkSetting:  NetworkSdkSetting init
06-24 15:04:05.089 10340 10376 E awcn.GlobalAppRuntimeInfo:   CurrentProcess:com.taobao.taobao TargetProcess:com.taobao.taobao
06-24 15:04:05.093 10340 10427 E APMLogger: ApmImpl:->init
06-24 15:04:05.112 10340 10376 E awcn.TaobaoNetworkAdapter:  RequestRecorder error.
06-24 15:04:05.120 10340 10376 E awcn.GlobalAppRuntimeInfo:   CurrentProcess:com.taobao.taobao TargetProcess:com.taobao.taobao
06-24 15:04:05.121 10340 10376 E awcn.StrategyCenter:  registerListener listener:[]
06-24 15:04:05.127 10340 10440 E apm.gc  : 
06-24 15:04:05.129 10340 10376 E awcn.Inet64Util:  Found IPv4 address:/30.10.68.32
06-24 15:04:05.130 10340 10376 E awcn.Inet64Util:  startIpStackDetect ip stack:1
06-24 15:04:05.135 10340 10437 E tlog.init: tlog init end !E
06-24 15:04:05.135 10340 10437 E tlog    : flush log in asyncInit Mode
06-24 15:04:04.836 10340 10340 E ActivityThread: Failed to find provider info for null
06-24 15:04:05.138 10340 10372 E RxPhenix: [TBCompat4Phenix] new-thread=1
06-24 15:04:05.138 10340 10445 E awcn.SessionCenter: |[seq:[default]] onNetworkStatusChanged. networkStatus:WIFI
06-24 15:04:05.139 10340 10372 E RxPhenix: [TBCompat4Phenix] use-new-launch=1
06-24 15:04:05.139 10340 10437 E tlog-debug: god-eye initialize
06-24 15:04:05.140 10340 10372 E RxPhenix: [TBCompat4Phenix] use-AndroidP=0
06-24 15:04:05.141 10340 10376 E awcn.StrategyCenter:  registerListener listener:[anet.channel.SessionCenter$InnerListener@c9fdcfd]
06-24 15:04:05.142 10340 10376 E awcn.QuicConnDetector:  registerListener
06-24 15:04:05.143 10340 10376 E awcn.StrategyCenter:  registerListener listener:[anet.channel.SessionCenter$InnerListener@c9fdcfd, anet.channel.detect.HorseRaceDetector$2@e145df2]
06-24 15:04:05.143 10340 10376 E awcn.StrategyCenter:  registerListener listener:[anet.channel.SessionCenter$InnerListener@c9fdcfd, anet.channel.detect.HorseRaceDetector$2@e145df2, anet.channel.quic.QuicConnectionDetector$4@1de32c0]
06-24 15:04:05.143 10340 10437 E tlog_analysis.: get orange config is false
06-24 15:04:05.143 10340 10437 E tlog_analysis.: get orange config, level is 4
06-24 15:04:05.143 10340 10437 E tlog_analysis.: get orange config, needTags is false
06-24 15:04:05.144 10340 10437 E tlog_analysis.: get orange config, sampleRate is 0, and randomInt is 8764
06-24 15:04:05.144 10340 10437 E tlog_analysis.: get orange config, trackBigToEmas is false
06-24 15:04:05.144 10340 10437 E tlog_analysis.: get orange config, trackDaysBefore is 7
06-24 15:04:05.144 10340 10437 E tlog_analysis.: get orange config, trackBigLength is 3000
06-24 15:04:05.145 10340 10437 E tlog_analysis.: get orange config, flow interval is 1000
06-24 15:04:05.145 10340 10437 E tlog_analysis.: get orange config, flow maxFlowCount is 1000
06-24 15:04:05.145 10340 10437 E tlog_analysis.: get orange config, flow needOriginalList is false
06-24 15:04:05.145 10340 10437 E tlog_analysis.: get orange config, flow trackToEmas is false
06-24 15:04:05.145 10340 10437 E tlog_analysis.: get orange config, flow maxFlowMoudlePercent is 80
06-24 15:04:05.145 10340 10376 E awcn.GlobalAppRuntimeInfo:   CurrentProcess:com.taobao.taobao TargetProcess:com.taobao.taobao
06-24 15:04:05.152 10340 10437 E TLOG_MONITOR.MSG_SEND: MSG INIT : 初始化消息通道
06-24 15:04:05.153 10340 10437 E TLOG_MONITOR.MSG_SEND: MSG INIT : 初始化消息通道成功
06-24 15:04:05.167 10340 10372 E RxPhenix: [TBCompat4Phenix] sHeifSupported=false, sHeifPngSupported=false
06-24 15:04:05.185 10340 10373 E TaoApplication: http降级关闭
06-24 15:04:05.187 10340 10373 E TaoApplication: https降级关闭
06-24 15:04:05.188 10340 10340 E Sche-LifeCycle: onAppCreated
06-24 15:04:05.207 10340 10407 E TBSpeed : speedSwitch=true, speedOpen=false, speedGray=false, blackList=DQuery
06-24 15:04:05.224 10340 10450 E mtopsdk.DefaultLoginImpl: register login event receiver
06-24 15:04:05.228 10340 10450 E mtopsdk.InnerSignImpl: [seq:[initMiddleTier] execute initMiddleTier cost time ]|57
06-24 15:04:05.238 10340 10449 E NOrange.OrangeConfigLocal:  OrangeConfigLocal.init @Deprecated please use OrangeConfig
06-24 15:04:05.260 10340 10407 E gw2.GatewayUtils: set recommendGateway2Enable=true
06-24 15:04:05.261 10340 10469 E apm.gc  : 
06-24 15:04:05.265 10340 10407 E gw2.GatewayUtils: set videoQueueEnable=false
06-24 15:04:05.286 10340 10407 E guzhan  : postEvent ActionProcessEvent  DataSourceRefreshedEvent
06-24 15:04:05.290 10340 10472 E homepage_track.ViewFactory: CreateViewThread run
06-24 15:04:05.300 10340 10474 E libc    : Access denied finding property "vendor.debug.egl.profiler"
06-24 15:04:05.329 10340 10471 E mtopsdk : [seq:MTOP1]|[traceId:80007894@1] |start
06-24 15:04:05.343 10340 10340 E Sche-LifeCycle: onFirstActivityCreated
06-24 15:04:05.349 10340 10366 E TBSR    : getRuleFromFile=shop-rule-5.2.json
06-24 15:04:05.355 10340 10375 E [TBSR]:.TBSR: ShopRule init success
06-24 15:04:05.365 10340 10388 E shortcut: load memoryCache
06-24 15:04:05.387 10340 10427 E weex    : WXSDKEngine.isInitialized():false
06-24 15:04:05.405 10340 10372 E weex    : aliweex initInitConfig:true
06-24 15:04:05.418 10340 10372 E weex    : init weex from Launcher async
06-24 15:04:05.418 10340 10372 E weex    : init weex cost 68
06-24 15:04:05.436 10340 10472 E Phenix  : [traceId:null] | [requestId:1] |start| https://gw.alicdn.com/tfs/TB1dLUWFamWBuNjy1XaXXXCbXXa-750-60.png
06-24 15:04:05.439 10340 10479 E mtopsdk : [seq:MTOP2]|[traceId:80007894@2] |start
06-24 15:04:05.441 10340 10435 E PopLayer: PageConfigMgr use PageConfigItem
06-24 15:04:05.441 10340 10472 E Phenix  : [traceId:80007894@3] | [requestId:1] |End| https://gw.alicdn.com/tfs/TB1dLUWFamWBuNjy1XaXXXCbXXa-750-60.png
06-24 15:04:05.446 10340 10472 E Phenix  : [traceId:null] | [requestId:2] |start| https://gw.alicdn.com/tfs/TB1vJ4nOcbpK1RjSZFyXXX_qFXa-171-63.png
06-24 15:04:05.447 10340 10472 E Phenix  : [traceId:80007894@4] | [requestId:2] |End| https://gw.alicdn.com/tfs/TB1vJ4nOcbpK1RjSZFyXXX_qFXa-171-63.png
06-24 15:04:05.448 10340 10435 E PopLayer: ViewConfigMgr use ViewConfigItem
06-24 15:04:05.452 10340 10485 E Phenix  : [traceId:80007894@3] | [requestId:1] |DiskCacheRead Started.| https://gw.alicdn.com/tfs/TB1dLUWFamWBuNjy1XaXXXCbXXa-750-60.png
06-24 15:04:05.453 10340 10487 E Phenix  : [traceId:80007894@4] | [requestId:2] |DiskCacheRead Started.| https://gw.alicdn.com/tfs/TB1vJ4nOcbpK1RjSZFyXXX_qFXa-171-63.png
06-24 15:04:05.466 10340 10483 E weex    : updateGlobalConfig enableAutoScan false
06-24 15:04:05.466 10340 10483 E weex    : updateGlobalConfig enableRegisterCache true
06-24 15:04:05.466 10340 10483 E weex    : updateGlobalConfig initLeftSize 50
06-24 15:04:05.476 10340 10483 E TBWXSDKEngine: TBWXSDKEngine: WV obtain  FRAMEWORK_JS failed
06-24 15:04:05.481 10340 10438 E apm.ActivityLifeCycle: ->onActivityCreated->Welcome
06-24 15:04:05.487 10340 10340 E Nav     : url before processor com.taobao.tao.NavMunionAdPreProcessor is: http://m.taobao.com/index.htm
06-24 15:04:05.494 10340 10340 E AlimamaAd.NavMunionAdPreProcessor: originUri=[http://m.taobao.com/index.htm],newUri=[http://m.taobao.com/index.htm]
06-24 15:04:05.495 10340 10340 E Nav     : url after processor com.taobao.tao.NavMunionAdPreProcessor is: http://m.taobao.com/index.htm
06-24 15:04:05.496 10340 10340 E Nav     : url before processor com.alibaba.analytics.InitABTest$2 is: http://m.taobao.com/index.htm
06-24 15:04:05.498 10340 10340 E Nav     : url after processor com.alibaba.analytics.InitABTest$2 is: http://m.taobao.com/index.htm
06-24 15:04:05.498 10340 10340 E Nav     : url before processor com.taobao.ranger.api.RangerInitializer$1 is: http://m.taobao.com/index.htm
06-24 15:04:05.498 10340 10340 E Nav     : url after processor com.taobao.ranger.api.RangerInitializer$1 is: http://m.taobao.com/index.htm
06-24 15:04:05.498 10340 10340 E Nav     : url before processor com.taobao.tao.NavHyBridPreProcessor is: http://m.taobao.com/index.htm
06-24 15:04:05.498 10340 10340 E Nav     : url after processor com.taobao.tao.NavHyBridPreProcessor is: http://m.taobao.com/index.htm
06-24 15:04:05.498 10340 10340 E Nav     : url before processor com.taobao.weex.adapter.TBWXNavPreProcessor is: http://m.taobao.com/index.htm
06-24 15:04:05.501 10340 10340 E Nav     : url after processor com.taobao.weex.adapter.TBWXNavPreProcessor is: http://m.taobao.com/index.htm
06-24 15:04:05.501 10340 10340 E Nav     : url before processor com.taobao.windmill.nav.WMLNavProcessor is: http://m.taobao.com/index.htm
06-24 15:04:05.510 10340 10340 E Nav     : url after processor com.taobao.windmill.nav.WMLNavProcessor is: http://m.taobao.com/index.htm
06-24 15:04:05.511 10340 10340 E Nav     : url when resolveActivity is: http://m.taobao.com/index.htm
06-24 15:04:05.511 10340 10440 E apm.gc  : 
06-24 15:04:05.512 10340 10340 E Nav     : url after swap is : http://m.taobao.com/index.htm
06-24 15:04:05.515 10340 10340 E Nav     :  homeAB: ResolveInfo{6b8edb8 com.taobao.taobao/com.taobao.tao.TBMainActivity m=0x508000}
06-24 15:04:05.515 10340 10391 E Dinamic_2.Dinamic_2: [homepage]:trackCreateView|{"error":"{templateFileLost=homepage:downloaded file lost;downloaded file lost;, templateNotFound=homepage:name=home_v31bannerversion=2templateUrl=;name=home_v31bannerversion=2templateUrl=;}","template":"home_v31banner","version":"2"}
06-24 15:04:05.515 10340 10340 E Nav     :  homeAB: ResolveInfo{8eb2d64 com.taobao.taobao/com.taobao.browser.BrowserActivity p=-1 m=0x208000}
06-24 15:04:05.515 10340 10340 E Nav     :  homeAB: ResolveInfo{34efbcd com.taobao.taobao/com.taobao.search.common.SearchBonusActivity p=-10 m=0x208000}
06-24 15:04:05.516 10340 10340 E Nav     : r: ResolveInfo{6b8edb8 com.taobao.taobao/com.taobao.tao.TBMainActivity m=0x508000}
06-24 15:04:05.524 10340 10340 E Welcome : Intent { act=android.intent.action.MAIN cat=[android.intent.category.LAUNCHER] flg=0x10200000 cmp=com.taobao.taobao/com.taobao.tao.welcome.Welcome bnds=[854,423][1123,823] }null
06-24 15:04:05.536 10340 10340 E Sche-LifeCycle: onForeground
06-24 15:04:05.549 10340 10472 E Phenix  : TUrlImageView setImageUrl | url= https://gw.alicdn.com/tfs/TB1ayGPCq6qK1RjSZFmXXX0PFXa-1125-443.png| mLoadState:0| forceLoad:false| hostView:com.taobao.android.home.component.view.HImageView{a347856 V.ED..... ......I. 0,0-0,0}
06-24 15:04:05.551 10340 10469 E apm.image: ->{"stage":"setImageUrl","log":"TUrlImageView setImageUrl | url= https:\/\/gw.alicdn.com\/tfs\/TB1ayGPCq6qK1RjSZFmXXX0PFXa-1125-443.png| mLoadState:0| forceLoad:false| hostView:com.taobao.android.home.component.view.HImageView{a347856 V.ED..... ......I. 0,0-0,0}","url":"https:\/\/gw.alicdn.com\/tfs\/TB1ayGPCq6qK1RjSZFmXXX0PFXa-1125-443.png","requestId":"IMAGE","requestUrl":"","procedureName":"ImageLib"}
06-24 15:04:05.557 10340 10472 E Phenix  : TUrlImageView setImageUrl | url= https://gw.alicdn.com/tfs/TB1_Dn4dUGF3KVjSZFmXXbqPXXa-183-144.png| mLoadState:0| forceLoad:false| hostView:com.taobao.android.home.component.view.HImageView{6312dc4 V.ED..... ......I. 0,0-0,0}
06-24 15:04:05.557 10340 10472 E Phenix  : TUrlImageView setImageUrl | url= | mLoadState:0| forceLoad:false| hostView:com.taobao.android.home.component.view.HImageView{87a64ad V.ED..... ......I. 0,0-0,0}
06-24 15:04:05.558 10340 10472 E Phenix  : TUrlImageView setImageUrl | url= null| mLoadState:0| forceLoad:false| hostView:com.taobao.android.home.component.view.HImageView{e197373 V.ED..... ......I. 0,0-0,0}
06-24 15:04:05.559 10340 10438 E apm.ActivityLifeCycle: ->onActivityStarted->Welcome
06-24 15:04:05.559 10340 10440 E apm.ActivityLifeCycle: ->background2Foreground
06-24 15:04:05.559 10340 10469 E apm.image: ->{"stage":"setImageUrl","log":"TUrlImageView setImageUrl | url= https:\/\/gw.alicdn.com\/tfs\/TB1_Dn4dUGF3KVjSZFmXXbqPXXa-183-144.png| mLoadState:0| forceLoad:false| hostView:com.taobao.android.home.component.view.HImageView{6312dc4 V.ED..... ......I. 0,0-0,0}","url":"https:\/\/gw.alicdn.com\/tfs\/TB1_Dn4dUGF3KVjSZFmXXbqPXXa-183-144.png","requestId":"IMAGE","requestUrl":"","procedureName":"ImageLib"}
06-24 15:04:05.559 10340 10438 E apm.image: ->{"stage":"setImageUrl","log":"TUrlImageView setImageUrl | url= | mLoadState:0| forceLoad:false| hostView:com.taobao.android.home.component.view.HImageView{87a64ad V.ED..... ......I. 0,0-0,0}","url":"","requestId":"IMAGE","requestUrl":"","procedureName":"ImageLib"}
06-24 15:04:05.560 10340 10469 E apm.image: ->{"stage":"setImageUrl","log":"TUrlImageView setImageUrl | url= null| mLoadState:0| forceLoad:false| hostView:com.taobao.android.home.component.view.HImageView{e197373 V.ED..... ......I. 0,0-0,0}","url":null,"requestId":"IMAGE","requestUrl":"","procedureName":"ImageLib"}
06-24 15:04:05.560 10340 10472 E Phenix  : TUrlImageView setImageUrl | url= https://gw.alicdn.com/tfs/TB1zMQqVCzqK1RjSZFLXXcn2XXa-185-144.png?getAvatar=1| mLoadState:0| forceLoad:false| hostView:com.taobao.android.home.component.view.HImageView{ff56230 V.ED..... ......I. 0,0-0,0}
06-24 15:04:05.561 10340 10472 E Phenix  : TUrlImageView setImageUrl | url= | mLoadState:0| forceLoad:false| hostView:com.taobao.android.home.component.view.HImageView{859ea9 V.ED..... ......I. 0,0-0,0}
06-24 15:04:05.561 10340 10438 E apm.image: ->{"stage":"setImageUrl","log":"TUrlImageView setImageUrl | url= https:\/\/gw.alicdn.com\/tfs\/TB1zMQqVCzqK1RjSZFLXXcn2XXa-185-144.png?getAvatar=1| mLoadState:0| forceLoad:false| hostView:com.taobao.android.home.component.view.HImageView{ff56230 V.ED..... ......I. 0,0-0,0}","url":"https:\/\/gw.alicdn.com\/tfs\/TB1zMQqVCzqK1RjSZFLXXcn2XXa-185-144.png?getAvatar=1","requestId":"IMAGE","requestUrl":"","procedureName":"ImageLib"}
06-24 15:04:05.561 10340 10472 E Phenix  : TUrlImageView setImageUrl | url= null| mLoadState:0| forceLoad:false| hostView:com.taobao.android.home.component.view.HImageView{ef23c2e V.ED..... ......I. 0,0-0,0}
06-24 15:04:05.562 10340 10440 E apm.image: ->{"stage":"setImageUrl","log":"TUrlImageView setImageUrl | url= | mLoadState:0| forceLoad:false| hostView:com.taobao.android.home.component.view.HImageView{859ea9 V.ED..... ......I. 0,0-0,0}","url":"","requestId":"IMAGE","requestUrl":"","procedureName":"ImageLib"}
06-24 15:04:05.562 10340 10469 E apm.image: ->{"stage":"setImageUrl","log":"TUrlImageView setImageUrl | url= null| mLoadState:0| forceLoad:false| hostView:com.taobao.android.home.component.view.HImageView{ef23c2e V.ED..... ......I. 0,0-0,0}","url":null,"requestId":"IMAGE","requestUrl":"","procedureName":"ImageLib"}
06-24 15:04:05.566 10340 10472 E Phenix  : TUrlImageView setImageUrl | url= https://gw.alicdn.com/tfs/TB1LvIxVAvoK1RjSZFDXXXY3pXa-183-144.png?getAvatar=1| mLoadState:0| forceLoad:false| hostView:com.taobao.android.home.component.view.HImageView{50dd3cf V.ED..... ......I. 0,0-0,0}
06-24 15:04:05.567 10340 10438 E apm.image: ->{"stage":"setImageUrl","log":"TUrlImageView setImageUrl | url= https:\/\/gw.alicdn.com\/tfs\/TB1LvIxVAvoK1RjSZFDXXXY3pXa-183-144.png?getAvatar=1| mLoadState:0| forceLoad:false| hostView:com.taobao.android.home.component.view.HImageView{50dd3cf V.ED..... ......I. 0,0-0,0}","url":"https:\/\/gw.alicdn.com\/tfs\/TB1LvIxVAvoK1RjSZFDXXXY3pXa-183-144.png?getAvatar=1","requestId":"IMAGE","requestUrl":"","procedureName":"ImageLib"}
06-24 15:04:05.568 10340 10472 E Phenix  : TUrlImageView setImageUrl | url= | mLoadState:0| forceLoad:false| hostView:com.taobao.android.home.component.view.HImageView{d69ed3a V.ED..... ......I. 0,0-0,0}
06-24 15:04:05.571 10340 10472 E Phenix  : TUrlImageView setImageUrl | url= null| mLoadState:0| forceLoad:false| hostView:com.taobao.android.home.component.view.HImageView{fb74748 V.ED..... ......I. 0,0-0,0}
06-24 15:04:05.572 10340 10440 E apm.image: ->{"stage":"setImageUrl","log":"TUrlImageView setImageUrl | url= | mLoadState:0| forceLoad:false| hostView:com.taobao.android.home.component.view.HImageView{d69ed3a V.ED..... ......I. 0,0-0,0}","url":"","requestId":"IMAGE","requestUrl":"","procedureName":"ImageLib"}
06-24 15:04:05.577 10340 10469 E apm.image: ->{"stage":"setImageUrl","log":"TUrlImageView setImageUrl | url= null| mLoadState:0| forceLoad:false| hostView:com.taobao.android.home.component.view.HImageView{fb74748 V.ED..... ......I. 0,0-0,0}","url":null,"requestId":"IMAGE","requestUrl":"","procedureName":"ImageLib"}
06-24 15:04:05.580 10340 10388 E CipherDB: time=Mon Jun 24 15:04:05 2019
06-24 15:04:05.580 10340 10388 E CipherDB: 	walIndexRecover exec over and rc=0
06-24 15:04:05.582 10340 10472 E Phenix  : TUrlImageView setImageUrl | url= https://gw.alicdn.com/tfs/TB1O_AyVwHqK1RjSZFPXXcwapXa-183-144.png?getAvatar=1| mLoadState:0| forceLoad:false| hostView:com.taobao.android.home.component.view.HImageView{e7ce992 V.ED..... ......I. 0,0-0,0}
06-24 15:04:05.585 10340 10472 E Phenix  : TUrlImageView setImageUrl | url= | mLoadState:0| forceLoad:false| hostView:com.taobao.android.home.component.view.HImageView{df14ebf V.ED..... ......I. 0,0-0,0}
06-24 15:04:05.586 10340 10438 E apm.image: ->{"stage":"setImageUrl","log":"TUrlImageView setImageUrl | url= https:\/\/gw.alicdn.com\/tfs\/TB1O_AyVwHqK1RjSZFPXXcwapXa-183-144.png?getAvatar=1| mLoadState:0| forceLoad:false| hostView:com.taobao.android.home.component.view.HImageView{e7ce992 V.ED..... ......I. 0,0-0,0}","url":"https:\/\/gw.alicdn.com\/tfs\/TB1O_AyVwHqK1RjSZFPXXcwapXa-183-144.png?getAvatar=1","requestId":"IMAGE","requestUrl":"","procedureName":"ImageLib"}
06-24 15:04:05.587 10340 10472 E Phenix  : TUrlImageView setImageUrl | url= null| mLoadState:0| forceLoad:false| hostView:com.taobao.android.home.component.view.HImageView{3f617db V.ED..... ......I. 0,0-0,0}
06-24 15:04:05.587 10340 10440 E apm.image: ->{"stage":"setImageUrl","log":"TUrlImageView setImageUrl | url= | mLoadState:0| forceLoad:false| hostView:com.taobao.android.home.component.view.HImageView{df14ebf V.ED..... ......I. 0,0-0,0}","url":"","requestId":"IMAGE","requestUrl":"","procedureName":"ImageLib"}
06-24 15:04:05.588 10340 10469 E apm.image: ->{"stage":"setImageUrl","log":"TUrlImageView setImageUrl | url= null| mLoadState:0| forceLoad:false| hostView:com.taobao.android.home.component.view.HImageView{3f617db V.ED..... ......I. 0,0-0,0}","url":null,"requestId":"IMAGE","requestUrl":"","procedureName":"ImageLib"}
06-24 15:04:05.596 10340 10472 E Phenix  : TUrlImageView setImageUrl | url= https://gw.alicdn.com/tfs/TB19uWKXkCy2eVjSZPfXXbdgpXa-183-144.png?getAvatar=1| mLoadState:0| forceLoad:false| hostView:com.taobao.android.home.component.view.HImageView{376d9b6 V.ED..... ......I. 0,0-0,0}
06-24 15:04:05.598 10340 10438 E apm.image: ->{"stage":"setImageUrl","log":"TUrlImageView setImageUrl | url= https:\/\/gw.alicdn.com\/tfs\/TB19uWKXkCy2eVjSZPfXXbdgpXa-183-144.png?getAvatar=1| mLoadState:0| forceLoad:false| hostView:com.taobao.android.home.component.view.HImageView{376d9b6 V.ED..... ......I. 0,0-0,0}","url":"https:\/\/gw.alicdn.com\/tfs\/TB19uWKXkCy2eVjSZPfXXbdgpXa-183-144.png?getAvatar=1","requestId":"IMAGE","requestUrl":"","procedureName":"ImageLib"}
06-24 15:04:05.602 10340 10472 E Phenix  : TUrlImageView setImageUrl | url= | mLoadState:0| forceLoad:false| hostView:com.taobao.android.home.component.view.HImageView{fcbbd8d V.ED..... ......I. 0,0-0,0}
06-24 15:04:05.604 10340 10440 E apm.image: ->{"stage":"setImageUrl","log":"TUrlImageView setImageUrl | url= | mLoadState:0| forceLoad:false| hostView:com.taobao.android.home.component.view.HImageView{fcbbd8d V.ED..... ......I. 0,0-0,0}","url":"","requestId":"IMAGE","requestUrl":"","procedureName":"ImageLib"}
06-24 15:04:05.605 10340 10472 E Phenix  : TUrlImageView setImageUrl | url= null| mLoadState:0| forceLoad:false| hostView:com.taobao.android.home.component.view.HImageView{58edb42 V.ED..... ......I. 0,0-0,0}
06-24 15:04:05.606 10340 10469 E apm.image: ->{"stage":"setImageUrl","log":"TUrlImageView setImageUrl | url= null| mLoadState:0| forceLoad:false| hostView:com.taobao.android.home.component.view.HImageView{58edb42 V.ED..... ......I. 0,0-0,0}","url":null,"requestId":"IMAGE","requestUrl":"","procedureName":"ImageLib"}
06-24 15:04:05.613 10340 10472 E Phenix  : TUrlImageView setImageUrl | url= https://gw.alicdn.com/tfs/TB1Mbu.aUKF3KVjSZFEXXXExFXa-183-144.png| mLoadState:0| forceLoad:false| hostView:com.taobao.android.home.component.view.HImageView{d43a589 V.ED..... ......I. 0,0-0,0}
06-24 15:04:05.614 10340 10438 E apm.image: ->{"stage":"setImageUrl","log":"TUrlImageView setImageUrl | url= https:\/\/gw.alicdn.com\/tfs\/TB1Mbu.aUKF3KVjSZFEXXXExFXa-183-144.png| mLoadState:0| forceLoad:false| hostView:com.taobao.android.home.component.view.HImageView{d43a589 V.ED..... ......I. 0,0-0,0}","url":"https:\/\/gw.alicdn.com\/tfs\/TB1Mbu.aUKF3KVjSZFEXXXExFXa-183-144.png","requestId":"IMAGE","requestUrl":"","procedureName":"ImageLib"}
06-24 15:04:05.614 10340 10472 E Phenix  : TUrlImageView setImageUrl | url= https://gw.alicdn.com/tfs/TB1Y1Rcbkxz61VjSZFtXXaDSVXa-183-144.png| mLoadState:0| forceLoad:false| hostView:com.taobao.android.home.component.view.HImageView{333698e V.ED..... ......I. 0,0-0,0}
06-24 15:04:05.617 10340 10472 E Phenix  : TUrlImageView setImageUrl | url= null| mLoadState:0| forceLoad:false| hostView:com.taobao.android.home.component.view.HImageView{8e165af V.ED..... ......I. 0,0-0,0}
06-24 15:04:05.617 10340 10440 E apm.image: ->{"stage":"setImageUrl","log":"TUrlImageView setImageUrl | url= https:\/\/gw.alicdn.com\/tfs\/TB1Y1Rcbkxz61VjSZFtXXaDSVXa-183-144.png| mLoadState:0| forceLoad:false| hostView:com.taobao.android.home.component.view.HImageView{333698e V.ED..... ......I. 0,0-0,0}","url":"https:\/\/gw.alicdn.com\/tfs\/TB1Y1Rcbkxz61VjSZFtXXaDSVXa-183-144.png","requestId":"IMAGE","requestUrl":"","procedureName":"ImageLib"}
06-24 15:04:05.618 10340 10469 E apm.image: ->{"stage":"setImageUrl","log":"TUrlImageView setImageUrl | url= null| mLoadState:0| forceLoad:false| hostView:com.taobao.android.home.component.view.HImageView{8e165af V.ED..... ......I. 0,0-0,0}","url":null,"requestId":"IMAGE","requestUrl":"","procedureName":"ImageLib"}
06-24 15:04:05.626 10340 10472 E Phenix  : TUrlImageView setImageUrl | url= https://gw.alicdn.com/tfs/TB1DaMyVpzqK1RjSZFoXXbfcXXa-185-144.png?getAvatar=1| mLoadState:0| forceLoad:false| hostView:com.taobao.android.home.component.view.HImageView{2e8adcb V.ED..... ......I. 0,0-0,0}
06-24 15:04:05.627 10340 10472 E Phenix  : TUrlImageView setImageUrl | url= | mLoadState:0| forceLoad:false| hostView:com.taobao.android.home.component.view.HImageView{80809a8 V.ED..... ......I. 0,0-0,0}
06-24 15:04:05.627 10340 10438 E apm.image: ->{"stage":"setImageUrl","log":"TUrlImageView setImageUrl | url= https:\/\/gw.alicdn.com\/tfs\/TB1DaMyVpzqK1RjSZFoXXbfcXXa-185-144.png?getAvatar=1| mLoadState:0| forceLoad:false| hostView:com.taobao.android.home.component.view.HImageView{2e8adcb V.ED..... ......I. 0,0-0,0}","url":"https:\/\/gw.alicdn.com\/tfs\/TB1DaMyVpzqK1RjSZFoXXbfcXXa-185-144.png?getAvatar=1","requestId":"IMAGE","requestUrl":"","procedureName":"ImageLib"}
06-24 15:04:05.628 10340 10440 E apm.image: ->{"stage":"setImageUrl","log":"TUrlImageView setImageUrl | url= | mLoadState:0| forceLoad:false| hostView:com.taobao.android.home.component.view.HImageView{80809a8 V.ED..... ......I. 0,0-0,0}","url":"","requestId":"IMAGE","requestUrl":"","procedureName":"ImageLib"}
06-24 15:04:05.628 10340 10472 E Phenix  : TUrlImageView setImageUrl | url= null| mLoadState:0| forceLoad:false| hostView:com.taobao.android.home.component.view.HImageView{e4d7cc1 V.ED..... ......I. 0,0-0,0}
06-24 15:04:05.632 10340 10469 E apm.image: ->{"stage":"setImageUrl","log":"TUrlImageView setImageUrl | url= null| mLoadState:0| forceLoad:false| hostView:com.taobao.android.home.component.view.HImageView{e4d7cc1 V.ED..... ......I. 0,0-0,0}","url":null,"requestId":"IMAGE","requestUrl":"","procedureName":"ImageLib"}
06-24 15:04:05.636 10340 10472 E Phenix  : TUrlImageView setImageUrl | url= https://gw.alicdn.com/tfs/TB1ppEDVzDpK1RjSZFrXXa78VXa-183-144.png?getAvatar=1| mLoadState:0| forceLoad:false| hostView:com.taobao.android.home.component.view.HImageView{5a81854 V.ED..... ......I. 0,0-0,0}
06-24 15:04:05.637 10340 10472 E Phenix  : TUrlImageView setImageUrl | url= | mLoadState:0| forceLoad:false| hostView:com.taobao.android.home.component.view.HImageView{4f423fd V.ED..... ......I. 0,0-0,0}
06-24 15:04:05.637 10340 10438 E apm.image: ->{"stage":"setImageUrl","log":"TUrlImageView setImageUrl | url= https:\/\/gw.alicdn.com\/tfs\/TB1ppEDVzDpK1RjSZFrXXa78VXa-183-144.png?getAvatar=1| mLoadState:0| forceLoad:false| hostView:com.taobao.android.home.component.view.HImageView{5a81854 V.ED..... ......I. 0,0-0,0}","url":"https:\/\/gw.alicdn.com\/tfs\/TB1ppEDVzDpK1RjSZFrXXa78VXa-183-144.png?getAvatar=1","requestId":"IMAGE","requestUrl":"","procedureName":"ImageLib"}
06-24 15:04:05.638 10340 10438 E apm.image: ->{"stage":"setImageUrl","log":"TUrlImageView setImageUrl | url= | mLoadState:0| forceLoad:false| hostView:com.taobao.android.home.component.view.HImageView{4f423fd V.ED..... ......I. 0,0-0,0}","url":"","requestId":"IMAGE","requestUrl":"","procedureName":"ImageLib"}
06-24 15:04:05.638 10340 10472 E Phenix  : TUrlImageView setImageUrl | url= null| mLoadState:0| forceLoad:false| hostView:com.taobao.android.home.component.view.HImageView{9bf0b43 V.ED..... ......I. 0,0-0,0}
06-24 15:04:05.641 10340 10440 E apm.ActivityLifeCycle: ->onActivityResumed->Welcome
06-24 15:04:05.642 10340 10469 E apm.image: ->{"stage":"setImageUrl","log":"TUrlImageView setImageUrl | url= null| mLoadState:0| forceLoad:false| hostView:com.taobao.android.home.component.view.HImageView{9bf0b43 V.ED..... ......I. 0,0-0,0}","url":null,"requestId":"IMAGE","requestUrl":"","procedureName":"ImageLib"}
06-24 15:04:05.646 10340 10472 E Phenix  : TUrlImageView setImageUrl | url= https://gw.alicdn.com/tfs/TB1FucwVwHqK1RjSZFgXXa7JXXa-183-144.png?getAvatar=1| mLoadState:0| forceLoad:false| hostView:com.taobao.android.home.component.view.HImageView{5ee544a V.ED..... ......I. 0,0-0,0}
06-24 15:04:05.647 10340 10472 E Phenix  : TUrlImageView setImageUrl | url= | mLoadState:0| forceLoad:false| hostView:com.taobao.android.home.component.view.HImageView{c252cd8 V.ED..... ......I. 0,0-0,0}
06-24 15:04:05.647 10340 10438 E apm.image: ->{"stage":"setImageUrl","log":"TUrlImageView setImageUrl | url= https:\/\/gw.alicdn.com\/tfs\/TB1FucwVwHqK1RjSZFgXXa7JXXa-183-144.png?getAvatar=1| mLoadState:0| forceLoad:false| hostView:com.taobao.android.home.component.view.HImageView{5ee544a V.ED..... ......I. 0,0-0,0}","url":"https:\/\/gw.alicdn.com\/tfs\/TB1FucwVwHqK1RjSZFgXXa7JXXa-183-144.png?getAvatar=1","requestId":"IMAGE","requestUrl":"","procedureName":"ImageLib"}
06-24 15:04:05.648 10340 10438 E apm.image: ->{"stage":"setImageUrl","log":"TUrlImageView setImageUrl | url= | mLoadState:0| forceLoad:false| hostView:com.taobao.android.home.component.view.HImageView{c252cd8 V.ED..... ......I. 0,0-0,0}","url":"","requestId":"IMAGE","requestUrl":"","procedureName":"ImageLib"}
06-24 15:04:05.650 10340 10472 E Phenix  : TUrlImageView setImageUrl | url= null| mLoadState:0| forceLoad:false| hostView:com.taobao.android.home.component.view.HImageView{cc56b16 V.ED..... ......I. 0,0-0,0}
06-24 15:04:05.654 10340 10469 E apm.image: ->{"stage":"setImageUrl","log":"TUrlImageView setImageUrl | url= null| mLoadState:0| forceLoad:false| hostView:com.taobao.android.home.component.view.HImageView{cc56b16 V.ED..... ......I. 0,0-0,0}","url":null,"requestId":"IMAGE","requestUrl":"","procedureName":"ImageLib"}
06-24 15:04:05.663 10340 10472 E Phenix  : TUrlImageView setImageUrl | url= https://gw.alicdn.com/tfs/TB19dcwVyrpK1RjSZFhXXXSdXXa-183-144.png?getAvatar=1| mLoadState:0| forceLoad:false| hostView:com.taobao.android.home.component.view.HImageView{6d6c6ee V.ED..... ......I. 0,0-0,0}
06-24 15:04:05.665 10340 10440 E apm.image: ->{"stage":"setImageUrl","log":"TUrlImageView setImageUrl | url= https:\/\/gw.alicdn.com\/tfs\/TB19dcwVyrpK1RjSZFhXXXSdXXa-183-144.png?getAvatar=1| mLoadState:0| forceLoad:false| hostView:com.taobao.android.home.component.view.HImageView{6d6c6ee V.ED..... ......I. 0,0-0,0}","url":"https:\/\/gw.alicdn.com\/tfs\/TB19dcwVyrpK1RjSZFhXXXSdXXa-183-144.png?getAvatar=1","requestId":"IMAGE","requestUrl":"","procedureName":"ImageLib"}
06-24 15:04:05.665 10340 10472 E Phenix  : TUrlImageView setImageUrl | url= | mLoadState:0| forceLoad:false| hostView:com.taobao.android.home.component.view.HImageView{423678f V.ED..... ......I. 0,0-0,0}
06-24 15:04:05.667 10340 10472 E Phenix  : TUrlImageView setImageUrl | url= null| mLoadState:0| forceLoad:false| hostView:com.taobao.android.home.component.view.HImageView{43ada1c V.ED..... ......I. 0,0-0,0}
06-24 15:04:05.671 10340 10438 E apm.image: ->{"stage":"setImageUrl","log":"TUrlImageView setImageUrl | url= | mLoadState:0| forceLoad:false| hostView:com.taobao.android.home.component.view.HImageView{423678f V.ED..... ......I. 0,0-0,0}","url":"","requestId":"IMAGE","requestUrl":"","procedureName":"ImageLib"}
06-24 15:04:05.671 10340 10469 E apm.image: ->{"stage":"setImageUrl","log":"TUrlImageView setImageUrl | url= null| mLoadState:0| forceLoad:false| hostView:com.taobao.android.home.component.view.HImageView{43ada1c V.ED..... ......I. 0,0-0,0}","url":null,"requestId":"IMAGE","requestUrl":"","procedureName":"ImageLib"}
06-24 15:04:05.679 10340 10472 E Phenix  : TUrlImageView setImageUrl | url= https://gw.alicdn.com/tfs/TB1nBktVxTpK1RjSZR0XXbEwXXa-183-144.png?getAvatar=1| mLoadState:0| forceLoad:false| hostView:com.taobao.android.home.component.view.HImageView{c7764dd V.ED..... ......I. 0,0-0,0}
06-24 15:04:05.681 10340 10440 E apm.image: ->{"stage":"setImageUrl","log":"TUrlImageView setImageUrl | url= https:\/\/gw.alicdn.com\/tfs\/TB1nBktVxTpK1RjSZR0XXbEwXXa-183-144.png?getAvatar=1| mLoadState:0| forceLoad:false| hostView:com.taobao.android.home.component.view.HImageView{c7764dd V.ED..... ......I. 0,0-0,0}","url":"https:\/\/gw.alicdn.com\/tfs\/TB1nBktVxTpK1RjSZR0XXbEwXXa-183-144.png?getAvatar=1","requestId":"IMAGE","requestUrl":"","procedureName":"ImageLib"}
06-24 15:04:05.681 10340 10445 E awcn.TnetSpdySession: |[seq:21646297.AWCN1_1] connect host:https://guide-acs.m.taobao.com ip:120.77.134.3 port:443 sessionId:1561359845680 SpdyProtocol,:http2_0rtt_acs proxyIp,: proxyPort,:0
06-24 15:04:05.681 10340 10472 E Phenix  : TUrlImageView setImageUrl | url= | mLoadState:0| forceLoad:false| hostView:com.taobao.android.home.component.view.HImageView{569c420 V.ED..... ......I. 0,0-0,0}
06-24 15:04:05.682 10340 10438 E apm.image: ->{"stage":"setImageUrl","log":"TUrlImageView setImageUrl | url= | mLoadState:0| forceLoad:false| hostView:com.taobao.android.home.component.view.HImageView{569c420 V.ED..... ......I. 0,0-0,0}","url":"","requestId":"IMAGE","requestUrl":"","procedureName":"ImageLib"}
06-24 15:04:05.682 10340 10472 E Phenix  : TUrlImageView setImageUrl | url= null| mLoadState:0| forceLoad:false| hostView:com.taobao.android.home.component.view.HImageView{88a71d9 V.ED..... ......I. 0,0-0,0}
06-24 15:04:05.688 10340 10469 E apm.image: ->{"stage":"setImageUrl","log":"TUrlImageView setImageUrl | url= null| mLoadState:0| forceLoad:false| hostView:com.taobao.android.home.component.view.HImageView{88a71d9 V.ED..... ......I. 0,0-0,0}","url":null,"requestId":"IMAGE","requestUrl":"","procedureName":"ImageLib"}
06-24 15:04:05.688 10340 10445 E awcn.Session: |[seq:21646297.AWCN1_1] notifyStatus status:CONNECTING
06-24 15:04:05.690 10340 10440 E apm.gc  : 
06-24 15:04:05.691 10340 10472 E Phenix  : TUrlImageView setImageUrl | url= https://gw.alicdn.com/tfs/TB1CoEwVrvpK1RjSZFqXXcXUVXa-185-144.png?getAvatar=1| mLoadState:0| forceLoad:false| hostView:com.taobao.android.home.component.view.HImageView{ecbd96f V.ED..... ......I. 0,0-0,0}
06-24 15:04:05.693 10340 10438 E apm.image: ->{"stage":"setImageUrl","log":"TUrlImageView setImageUrl | url= https:\/\/gw.alicdn.com\/tfs\/TB1CoEwVrvpK1RjSZFqXXcXUVXa-185-144.png?getAvatar=1| mLoadState:0| forceLoad:false| hostView:com.taobao.android.home.component.view.HImageView{ecbd96f V.ED..... ......I. 0,0-0,0}","url":"https:\/\/gw.alicdn.com\/tfs\/TB1CoEwVrvpK1RjSZFqXXcXUVXa-185-144.png?getAvatar=1","requestId":"IMAGE","requestUrl":"","procedureName":"ImageLib"}
06-24 15:04:05.693 10340 10472 E Phenix  : TUrlImageView setImageUrl | url= | mLoadState:0| forceLoad:false| hostView:com.taobao.android.home.component.view.HImageView{c05675a V.ED..... ......I. 0,0-0,0}
06-24 15:04:05.696 10340 10472 E Phenix  : TUrlImageView setImageUrl | url= null| mLoadState:0| forceLoad:false| hostView:com.taobao.android.home.component.view.HImageView{d669d8b V.ED..... ......I. 0,0-0,0}
06-24 15:04:05.696 10340 10469 E apm.image: ->{"stage":"setImageUrl","log":"TUrlImageView setImageUrl | url= | mLoadState:0| forceLoad:false| hostView:com.taobao.android.home.component.view.HImageView{c05675a V.ED..... ......I. 0,0-0,0}","url":"","requestId":"IMAGE","requestUrl":"","procedureName":"ImageLib"}
06-24 15:04:05.698 10340 10469 E apm.image: ->{"stage":"setImageUrl","log":"TUrlImageView setImageUrl | url= null| mLoadState:0| forceLoad:false| hostView:com.taobao.android.home.component.view.HImageView{d669d8b V.ED..... ......I. 0,0-0,0}","url":null,"requestId":"IMAGE","requestUrl":"","procedureName":"ImageLib"}
06-24 15:04:05.702 10340 10472 E Phenix  : TUrlImageView setImageUrl | url= https://gw.alicdn.com/tfs/TB1fcOKXkCy2eVjSZSyXXXukVXa-183-144.png?getAvatar=1| mLoadState:0| forceLoad:false| hostView:com.taobao.android.home.component.view.HImageView{d339e68 V.ED..... ......I. 0,0-0,0}
06-24 15:04:05.703 10340 10487 E Phenix  : [traceId:80007894@4] | [requestId:2] |DiskCacheReader Finished.| https://gw.alicdn.com/tfs/TB1vJ4nOcbpK1RjSZFyXXX_qFXa-171-63.png
06-24 15:04:05.703 10340 10472 E Phenix  : TUrlImageView setImageUrl | url= | mLoadState:0| forceLoad:false| hostView:com.taobao.android.home.component.view.HImageView{5ae5281 V.ED..... ......I. 0,0-0,0}
06-24 15:04:05.704 10340 10485 E Phenix  : [traceId:80007894@3] | [requestId:1] |DiskCacheReader Finished.| https://gw.alicdn.com/tfs/TB1dLUWFamWBuNjy1XaXXXCbXXa-750-60.png
06-24 15:04:05.705 10340 10438 E apm.image: ->{"stage":"setImageUrl","log":"TUrlImageView setImageUrl | url= https:\/\/gw.alicdn.com\/tfs\/TB1fcOKXkCy2eVjSZSyXXXukVXa-183-144.png?getAvatar=1| mLoadState:0| forceLoad:false| hostView:com.taobao.android.home.component.view.HImageView{d339e68 V.ED..... ......I. 0,0-0,0}","url":"https:\/\/gw.alicdn.com\/tfs\/TB1fcOKXkCy2eVjSZSyXXXukVXa-183-144.png?getAvatar=1","requestId":"IMAGE","requestUrl":"","procedureName":"ImageLib"}
06-24 15:04:05.705 10340 10472 E Phenix  : TUrlImageView setImageUrl | url= null| mLoadState:0| forceLoad:false| hostView:com.taobao.android.home.component.view.HImageView{eec95bd V.ED..... ......I. 0,0-0,0}
06-24 15:04:05.706 10340 10440 E apm.image: ->{"stage":"setImageUrl","log":"TUrlImageView setImageUrl | url= | mLoadState:0| forceLoad:false| hostView:com.taobao.android.home.component.view.HImageView{5ae5281 V.ED..... ......I. 0,0-0,0}","url":"","requestId":"IMAGE","requestUrl":"","procedureName":"ImageLib"}
06-24 15:04:05.706 10340 10469 E apm.image: ->{"stage":"setImageUrl","log":"TUrlImageView setImageUrl | url= null| mLoadState:0| forceLoad:false| hostView:com.taobao.android.home.component.view.HImageView{eec95bd V.ED..... ......I. 0,0-0,0}","url":null,"requestId":"IMAGE","requestUrl":"","procedureName":"ImageLib"}
06-24 15:04:05.708 10340 10438 E apm.ActivityLifeCycle: ->onActivityPaused->Welcome
06-24 15:04:05.708 10340 10472 E Phenix  : TUrlImageView setImageUrl | url= https://gw.alicdn.com/tfs/TB1yUpuiK3tHKVjSZSgXXX4QFXa-183-144.png?getAvatar=1| mLoadState:0| forceLoad:false| hostView:com.taobao.android.home.component.view.HImageView{f89d280 V.ED..... ......I. 0,0-0,0}
06-24 15:04:05.709 10340 10472 E Phenix  : TUrlImageView setImageUrl | url= | mLoadState:0| forceLoad:false| hostView:com.taobao.android.home.component.view.HImageView{1046cfe V.ED..... ......I. 0,0-0,0}
06-24 15:04:05.710 10340 10472 E Phenix  : TUrlImageView setImageUrl | url= null| mLoadState:0| forceLoad:false| hostView:com.taobao.android.home.component.view.HImageView{28bfc5f V.ED..... ......I. 0,0-0,0}
06-24 15:04:05.710 10340 10440 E apm.image: ->{"stage":"setImageUrl","log":"TUrlImageView setImageUrl | url= https:\/\/gw.alicdn.com\/tfs\/TB1yUpuiK3tHKVjSZSgXXX4QFXa-183-144.png?getAvatar=1| mLoadState:0| forceLoad:false| hostView:com.taobao.android.home.component.view.HImageView{f89d280 V.ED..... ......I. 0,0-0,0}","url":"https:\/\/gw.alicdn.com\/tfs\/TB1yUpuiK3tHKVjSZSgXXX4QFXa-183-144.png?getAvatar=1","requestId":"IMAGE","requestUrl":"","procedureName":"ImageLib"}
06-24 15:04:05.711 10340 10469 E apm.image: ->{"stage":"setImageUrl","log":"TUrlImageView setImageUrl | url= | mLoadState:0| forceLoad:false| hostView:com.taobao.android.home.component.view.HImageView{1046cfe V.ED..... ......I. 0,0-0,0}","url":"","requestId":"IMAGE","requestUrl":"","procedureName":"ImageLib"}
06-24 15:04:05.711 10340 10440 E apm.image: ->{"stage":"setImageUrl","log":"TUrlImageView setImageUrl | url= null| mLoadState:0| forceLoad:false| hostView:com.taobao.android.home.component.view.HImageView{28bfc5f V.ED..... ......I. 0,0-0,0}","url":null,"requestId":"IMAGE","requestUrl":"","procedureName":"ImageLib"}
06-24 15:04:05.714 10340 10511 E Phenix  : [traceId:80007894@4] | [requestId:2] |Decode Started.| https://gw.alicdn.com/tfs/TB1vJ4nOcbpK1RjSZFyXXX_qFXa-171-63.png
06-24 15:04:05.714 10340 10510 E Phenix  : [traceId:80007894@3] | [requestId:1] |Decode Started.| https://gw.alicdn.com/tfs/TB1dLUWFamWBuNjy1XaXXXCbXXa-750-60.png
06-24 15:04:05.715 10340 10472 E Phenix  : TUrlImageView setImageUrl | url= https://gw.alicdn.com/tfs/TB1tikBVAPoK1RjSZKbXXX1IXXa-183-144.png?getAvatar=1| mLoadState:0| forceLoad:false| hostView:com.taobao.android.home.component.view.HImageView{bb65b0a V.ED..... ......I. 0,0-0,0}
06-24 15:04:05.716 10340 10440 E apm.image: ->{"stage":"setImageUrl","log":"TUrlImageView setImageUrl | url= https:\/\/gw.alicdn.com\/tfs\/TB1tikBVAPoK1RjSZKbXXX1IXXa-183-144.png?getAvatar=1| mLoadState:0| forceLoad:false| hostView:com.taobao.android.home.component.view.HImageView{bb65b0a V.ED..... ......I. 0,0-0,0}","url":"https:\/\/gw.alicdn.com\/tfs\/TB1tikBVAPoK1RjSZKbXXX1IXXa-183-144.png?getAvatar=1","requestId":"IMAGE","requestUrl":"","procedureName":"ImageLib"}
06-24 15:04:05.716 10340 10472 E Phenix  : TUrlImageView setImageUrl | url= | mLoadState:0| forceLoad:false| hostView:com.taobao.android.home.component.view.HImageView{1dff7b V.ED..... ......I. 0,0-0,0}
06-24 15:04:05.717 10340 10472 E Phenix  : TUrlImageView setImageUrl | url= null| mLoadState:0| forceLoad:false| hostView:com.taobao.android.home.component.view.HImageView{4bf7198 V.ED..... ......I. 0,0-0,0}
06-24 15:04:05.717 10340 10438 E apm.image: ->{"stage":"setImageUrl","log":"TUrlImageView setImageUrl | url= | mLoadState:0| forceLoad:false| hostView:com.taobao.android.home.component.view.HImageView{1dff7b V.ED..... ......I. 0,0-0,0}","url":"","requestId":"IMAGE","requestUrl":"","procedureName":"ImageLib"}
06-24 15:04:05.718 10340 10469 E apm.image: ->{"stage":"setImageUrl","log":"TUrlImageView setImageUrl | url= null| mLoadState:0| forceLoad:false| hostView:com.taobao.android.home.component.view.HImageView{4bf7198 V.ED..... ......I. 0,0-0,0}","url":null,"requestId":"IMAGE","requestUrl":"","procedureName":"ImageLib"}
06-24 15:04:05.718 10340 10340 E [TBSR]:.TBSR: checkRuleUpdate() - versionInConfig is empty
06-24 15:04:05.718 10340 10340 E [TBSR]:.TBSR:  initRule() -  success 
06-24 15:04:05.721 10340 10472 E Phenix  : TUrlImageView setImageUrl | url= https://gw.alicdn.com/tfs/TB1L0oHVxjaK1RjSZFAXXbdLFXa-183-144.png?getAvatar=1| mLoadState:0| forceLoad:false| hostView:com.taobao.android.home.component.view.HImageView{dafddf1 V.ED..... ......I. 0,0-0,0}
06-24 15:04:05.722 10340 10440 E apm.image: ->{"stage":"setImageUrl","log":"TUrlImageView setImageUrl | url= https:\/\/gw.alicdn.com\/tfs\/TB1L0oHVxjaK1RjSZFAXXbdLFXa-183-144.png?getAvatar=1| mLoadState:0| forceLoad:false| hostView:com.taobao.android.home.component.view.HImageView{dafddf1 V.ED..... ......I. 0,0-0,0}","url":"https:\/\/gw.alicdn.com\/tfs\/TB1L0oHVxjaK1RjSZFAXXbdLFXa-183-144.png?getAvatar=1","requestId":"IMAGE","requestUrl":"","procedureName":"ImageLib"}
06-24 15:04:05.723 10340 10472 E Phenix  : TUrlImageView setImageUrl | url= | mLoadState:0| forceLoad:false| hostView:com.taobao.android.home.component.view.HImageView{2e71dd6 V.ED..... ......I. 0,0-0,0}
06-24 15:04:05.724 10340 10438 E apm.image: ->{"stage":"setImageUrl","log":"TUrlImageView setImageUrl | url= | mLoadState:0| forceLoad:false| hostView:com.taobao.android.home.component.view.HImageView{2e71dd6 V.ED..... ......I. 0,0-0,0}","url":"","requestId":"IMAGE","requestUrl":"","procedureName":"ImageLib"}
06-24 15:04:05.724 10340 10472 E Phenix  : TUrlImageView setImageUrl | url= null| mLoadState:0| forceLoad:false| hostView:com.taobao.android.home.component.view.HImageView{f66fe5 V.ED..... ......I. 0,0-0,0}
06-24 15:04:05.725 10340 10469 E apm.image: ->{"stage":"setImageUrl","log":"TUrlImageView setImageUrl | url= null| mLoadState:0| forceLoad:false| hostView:com.taobao.android.home.component.view.HImageView{f66fe5 V.ED..... ......I. 0,0-0,0}","url":null,"requestId":"IMAGE","requestUrl":"","procedureName":"ImageLib"}
06-24 15:04:05.731 10340 10472 E Phenix  : TUrlImageView setImageUrl | url= https://gw.alicdn.com/tfs/TB1h1MnVCrqK1RjSZK9XXXyypXa-183-144.png?getAvatar=1| mLoadState:0| forceLoad:false| hostView:com.taobao.android.home.component.view.HImageView{76a3f36 V.ED..... ......I. 0,0-0,0}
06-24 15:04:05.732 10340 10440 E apm.image: ->{"stage":"setImageUrl","log":"TUrlImageView setImageUrl | url= https:\/\/gw.alicdn.com\/tfs\/TB1h1MnVCrqK1RjSZK9XXXyypXa-183-144.png?getAvatar=1| mLoadState:0| forceLoad:false| hostView:com.taobao.android.home.component.view.HImageView{76a3f36 V.ED..... ......I. 0,0-0,0}","url":"https:\/\/gw.alicdn.com\/tfs\/TB1h1MnVCrqK1RjSZK9XXXyypXa-183-144.png?getAvatar=1","requestId":"IMAGE","requestUrl":"","procedureName":"ImageLib"}
06-24 15:04:05.732 10340 10472 E Phenix  : TUrlImageView setImageUrl | url= | mLoadState:0| forceLoad:false| hostView:com.taobao.android.home.component.view.HImageView{4a27fa4 V.ED..... ......I. 0,0-0,0}
06-24 15:04:05.733 10340 10438 E apm.image: ->{"stage":"setImageUrl","log":"TUrlImageView setImageUrl | url= | mLoadState:0| forceLoad:false| hostView:com.taobao.android.home.component.view.HImageView{4a27fa4 V.ED..... ......I. 0,0-0,0}","url":"","requestId":"IMAGE","requestUrl":"","procedureName":"ImageLib"}
06-24 15:04:05.733 10340 10472 E Phenix  : TUrlImageView setImageUrl | url= null| mLoadState:0| forceLoad:false| hostView:com.taobao.android.home.component.view.HImageView{8ec810d V.ED..... ......I. 0,0-0,0}
06-24 15:04:05.734 10340 10507 E awcn.Session: |[seq:21646297.AWCN1_1] notifyStatus status:CONNECTED
06-24 15:04:05.734 10340 10469 E apm.image: ->{"stage":"setImageUrl","log":"TUrlImageView setImageUrl | url= null| mLoadState:0| forceLoad:false| hostView:com.taobao.android.home.component.view.HImageView{8ec810d V.ED..... ......I. 0,0-0,0}","url":null,"requestId":"IMAGE","requestUrl":"","procedureName":"ImageLib"}
06-24 15:04:05.737 10340 10472 E Phenix  : TUrlImageView setImageUrl | url= https://gw.alicdn.com/tfs/TB1yEXxOjDpK1RjSZFrXXa78VXa-183-144.png?getAvatar=1| mLoadState:0| forceLoad:false| hostView:com.taobao.android.home.component.view.HImageView{91318c2 V.ED..... ......I. 0,0-0,0}
06-24 15:04:05.739 10340 10483 E jartc.artcweex[WeexJSBridgeThread|10340|10483]:  getExternalModuleClass of ArtcWeexModuleService******* NULL == e *******
06-24 15:04:05.739 10340 10440 E apm.image: ->{"stage":"setImageUrl","log":"TUrlImageView setImageUrl | url= https:\/\/gw.alicdn.com\/tfs\/TB1yEXxOjDpK1RjSZFrXXa78VXa-183-144.png?getAvatar=1| mLoadState:0| forceLoad:false| hostView:com.taobao.android.home.component.view.HImageView{91318c2 V.ED..... ......I. 0,0-0,0}","url":"https:\/\/gw.alicdn.com\/tfs\/TB1yEXxOjDpK1RjSZFrXXa78VXa-183-144.png?getAvatar=1","requestId":"IMAGE","requestUrl":"","procedureName":"ImageLib"}
06-24 15:04:05.740 10340 10472 E Phenix  : TUrlImageView setImageUrl | url= | mLoadState:0| forceLoad:false| hostView:com.taobao.android.home.component.view.HImageView{859f210 V.ED..... ......I. 0,0-0,0}
06-24 15:04:05.741 10340 10483 E ApplicationInvoker: successfully invoke start application com.taobao.weex.WXApplication
06-24 15:04:05.741 10340 10507 E awcn.Session: |[seq:21646297.AWCN1_1] notifyStatus status:AUTH_SUCC
06-24 15:04:05.742 10340 10507 E awcn.TnetSpdySession: |[seq:21646297.AWCN1_1] spdySessionConnectCB connect connectTime:33 sslTime:13
06-24 15:04:05.743 10340 10438 E apm.image: ->{"stage":"setImageUrl","log":"TUrlImageView setImageUrl | url= | mLoadState:0| forceLoad:false| hostView:com.taobao.android.home.component.view.HImageView{859f210 V.ED..... ......I. 0,0-0,0}","url":"","requestId":"IMAGE","requestUrl":"","procedureName":"ImageLib"}
06-24 15:04:05.743 10340 10472 E Phenix  : TUrlImageView setImageUrl | url= null| mLoadState:0| forceLoad:false| hostView:com.taobao.android.home.component.view.HImageView{e300d2f V.ED..... ......I. 0,0-0,0}
06-24 15:04:05.744 10340 10469 E apm.image: ->{"stage":"setImageUrl","log":"TUrlImageView setImageUrl | url= null| mLoadState:0| forceLoad:false| hostView:com.taobao.android.home.component.view.HImageView{e300d2f V.ED..... ......I. 0,0-0,0}","url":null,"requestId":"IMAGE","requestUrl":"","procedureName":"ImageLib"}
06-24 15:04:05.750 10340 10511 E Phenix  : [traceId:80007894@4] | [requestId:2] |Decode Finished.| https://gw.alicdn.com/tfs/TB1vJ4nOcbpK1RjSZFyXXX_qFXa-171-63.png
06-24 15:04:05.750 10340 10472 E Phenix  : TUrlImageView setImageUrl | url= https://gw.alicdn.com/tfs/TB1ktt6OhnaK1RjSZFBXXcW7VXa-183-144.png?getAvatar=1| mLoadState:0| forceLoad:false| hostView:com.taobao.android.home.component.view.HImageView{261f328 V.ED..... ......I. 0,0-0,0}
06-24 15:04:05.750 10340 10511 E Phenix  : [traceId:80007894@4] | [requestId:2] |DiskCache Writer Started.| https://gw.alicdn.com/tfs/TB1vJ4nOcbpK1RjSZFyXXX_qFXa-171-63.png
06-24 15:04:05.751 10340 10440 E apm.image: ->{"stage":"setImageUrl","log":"TUrlImageView setImageUrl | url= https:\/\/gw.alicdn.com\/tfs\/TB1ktt6OhnaK1RjSZFBXXcW7VXa-183-144.png?getAvatar=1| mLoadState:0| forceLoad:false| hostView:com.taobao.android.home.component.view.HImageView{261f328 V.ED..... ......I. 0,0-0,0}","url":"https:\/\/gw.alicdn.com\/tfs\/TB1ktt6OhnaK1RjSZFBXXcW7VXa-183-144.png?getAvatar=1","requestId":"IMAGE","requestUrl":"","procedureName":"ImageLib"}
06-24 15:04:05.752 10340 10472 E Phenix  : TUrlImageView setImageUrl | url= | mLoadState:0| forceLoad:false| hostView:com.taobao.android.home.component.view.HImageView{4bae841 V.ED..... ......I. 0,0-0,0}
06-24 15:04:05.753 10340 10510 E Phenix  : [traceId:80007894@3] | [requestId:1] |Decode Finished.| https://gw.alicdn.com/tfs/TB1dLUWFamWBuNjy1XaXXXCbXXa-750-60.png
